<html>
<body>
<pre>
<h1>µVision Build Log</h1>
<h2>Project:</h2>
E:\Document\MODULE\10 DOF IMU Senor (B)\10 DOF IMU Sensor (B)_20150320\10 DOF IMU Sensor (B)\code\10 DOF IMU Sensor (B)\IDE\10 DOF IMU Sensor (B).uvproj
Project File Date:  03/04/2015

<h2>Output:</h2>
Build target '10 DOF IMU Sensor'
linking...
Program Size: Code=20640 RO-data=784 RW-data=160 ZI-data=1376  
"..\TEMP\10 DOF IMU Sensor (B).axf" - 0 Error(s), 0 Warning(s).
Load "..\\TEMP\\10 DOF IMU Sensor (B).axf" 
Erase Done.
Programming Done.
Verify OK.
Application running ...
</pre>
</body>
</html>
ng stm32f10x_rcc.c...
compiling stm32f10x_tim.c...
compiling stm32f10x_usart.c...
compiling stm32f10x_i2c.c...
compiling System.c...
compiling main.c...
compiling stm32f10x_it.c...
compiling system_stm32f10x.c...
linking...
Program Size: Code=20640 RO-data=784 RW-data=160 ZI-data=1376  
"..\TEMP\10 DOF IMU Sensor (B).axf" - 0 Error(s), 0 Warning(s).
