<html>
<body>
<pre>
<h1>µVision Build Log</h1>
<h2>Tool Versions:</h2>
IDE-Version: µVision V5.38.0.0
Copyright (C) 2022 ARM Ltd and ARM Germany GmbH. All rights reserved.
License Information: Maximilian Lendl, HTL Hollabrunn, LIC=----
 
Tool Versions:
Toolchain:       MDK-Lite  Version: 5.38.0.0
Toolchain Path:  C:\Keil_v5\ARM\ARMCLANG\Bin
C Compiler:      ArmClang.exe V6.19
Assembler:       Armasm.exe V6.19
Linker/Locator:  ArmLink.exe V6.19
Library Manager: ArmAr.exe V6.19
Hex Converter:   FromElf.exe V6.19
CPU DLL:         SARMCM3.DLL V5.38.0.0
Dialog DLL:      DCM.DLL V1.17.5.0
Target DLL:      CMSIS_AGDI.dll V1.33.15.0
Dialog DLL:      TCM.DLL V1.56.4.0
 
<h2>Project:</h2>
C:\Users\Max\OneDrive\Schule\DA\Drohne_Lendl\Drohne_Lendl.uvprojx
Project File Date:  06/16/2023

<h2>Output:</h2>
*** Using Compiler 'V6.19', folder: 'C:\Keil_v5\ARM\ARMCLANG\Bin'
Rebuild target 'Target 1'
compiling stm32h7xx_it.c...
compiling stm32h7xx_hal_pwr_ex.c...
compiling stm32h7xx_hal_gpio.c...
compiling stm32h7xx_hal_pwr.c...
compiling main.c...
compiling stm32h7xx_hal_cortex.c...
compiling stm32h7xx_hal.c...
compiling stm32h7xx_hal_dma_ex.c...
compiling stm32h7xx_hal_rcc.c...
compiling stm32h7xx_hal_rcc_ex.c...
compiling stm32h7xx_hal_spi.c...
compiling stm32h7xx_hal_spi_ex.c...
assembling startup_stm32h723xx.s...
compiling stm32h7xx_hal_dma.c...
compiling stm32h7xx_hal_msp.c...
compiling system_stm32h7xx.c...
compiling stm32h7xx_hal_uart_ex.c...
compiling stm32h7xx_hal_uart.c...
linking...
Program Size: Code=20610 RO-data=806 RW-data=16 ZI-data=1920  
".\Objects\Drohne_Lendl.axf" - 0 Error(s), 0 Warning(s).

<h2>Software Packages used:</h2>

Package Vendor: ARM
                http://www.keil.com/pack/ARM.CMSIS.5.9.0.pack
                ARM.CMSIS.5.9.0
                CMSIS (Common Microcontroller Software Interface Standard)
   * Component: CORE Version: 5.6.0

Package Vendor: Keil
                project-path/Keil.FrameworkCubeMX.1.0.0.pack
                Keil.FrameworkCubeMX.1.0.0
                STM32CubeMX generated pack description
   * Component: STM32CubeMX Version: 2.0.0

Package Vendor: Keil
                https://www.keil.com/pack/Keil.STM32H7xx_DFP.3.1.0.pack
                Keil.STM32H7xx_DFP.3.1.0
                STMicroelectronics STM32H7 Series Device Support and Examples
   * Component: STM32Cube Framework Version: 1.1.0
   * Component: Common Version: 1.11.0
   * Component: Cortex Version: 1.11.0
   * Component: DMA Version: 1.11.0
   * Component: GPIO Version: 1.11.0
   * Component: PWR Version: 1.11.0
   * Component: RCC Version: 1.11.0
   * Component: SPI Version: 1.11.0
   * Component: UART Version: 1.11.0
   * Component: Startup Version: 1.11.0

<h2>Collection of Component include folders:</h2>
  ./RTE/_Target_1
  ./STM32CubeMX
  ./STM32CubeMX/STCubeGenerated
  ./STM32CubeMX/STCubeGenerated/Inc
  C:/Users/Max/AppData/Local/Arm/Packs/ARM/CMSIS/5.9.0/CMSIS/Core/Include
  C:/Users/Max/AppData/Local/Arm/Packs/Keil/STM32H7xx_DFP/3.1.0/Drivers/CMSIS/Device/ST/STM32H7xx/Include
  C:/Users/Max/AppData/Local/Arm/Packs/Keil/STM32H7xx_DFP/3.1.0/Drivers/STM32H7xx_HAL_Driver/Inc

<h2>Collection of Component Files used:</h2>

   * Component: ::Device:STM32Cube Framework:1.1.0 (API)

   * Component: ARM::CMSIS:CORE:5.6.0

   * Component: Keil::Device:STM32Cube Framework:STM32CubeMX:2.0.0
      Include file:  STCubeGenerated/Inc/stm32h7xx_hal_conf.h
      Include file:  MX_Device.h
      Source file:   STCubeGenerated/Src/stm32h7xx_hal_msp.c

   * Component: Keil::Device:STM32Cube HAL:Common:1.11.0
      Source file:   Drivers/STM32H7xx_HAL_Driver/Src/stm32h7xx_hal.c
      Include file:  Drivers/STM32H7xx_HAL_Driver/Inc/stm32h7xx_hal.h

   * Component: Keil::Device:STM32Cube HAL:Cortex:1.11.0
      Source file:   Drivers/STM32H7xx_HAL_Driver/Src/stm32h7xx_hal_cortex.c

   * Component: Keil::Device:STM32Cube HAL:DMA:1.11.0
      Source file:   Drivers/STM32H7xx_HAL_Driver/Src/stm32h7xx_hal_dma.c
      Source file:   Drivers/STM32H7xx_HAL_Driver/Src/stm32h7xx_hal_dma_ex.c

   * Component: Keil::Device:STM32Cube HAL:GPIO:1.11.0
      Source file:   Drivers/STM32H7xx_HAL_Driver/Src/stm32h7xx_hal_gpio.c

   * Component: Keil::Device:STM32Cube HAL:PWR:1.11.0
      Source file:   Drivers/STM32H7xx_HAL_Driver/Src/stm32h7xx_hal_pwr_ex.c
      Source file:   Drivers/STM32H7xx_HAL_Driver/Src/stm32h7xx_hal_pwr.c

   * Component: Keil::Device:STM32Cube HAL:RCC:1.11.0
      Source file:   Drivers/STM32H7xx_HAL_Driver/Src/stm32h7xx_hal_rcc.c
      Source file:   Drivers/STM32H7xx_HAL_Driver/Src/stm32h7xx_hal_rcc_ex.c

   * Component: Keil::Device:STM32Cube HAL:SPI:1.11.0
      Source file:   Drivers/STM32H7xx_HAL_Driver/Src/stm32h7xx_hal_spi_ex.c
      Source file:   Drivers/STM32H7xx_HAL_Driver/Src/stm32h7xx_hal_spi.c

   * Component: Keil::Device:STM32Cube HAL:UART:1.11.0
      Source file:   Drivers/STM32H7xx_HAL_Driver/Src/stm32h7xx_hal_uart.c
      Source file:   Drivers/STM32H7xx_HAL_Driver/Src/stm32h7xx_hal_uart_ex.c

   * Component: Keil::Device:Startup:1.11.0
      Include file:  Drivers/CMSIS/Device/ST/STM32H7xx/Include/stm32h7xx.h
      Source file:   Drivers/CMSIS/Device/ST/STM32H7xx/Source/Templates/arm/startup_stm32h723xx.s
      Source file:   Drivers/CMSIS/Device/ST/STM32H7xx/Source/Templates/system_stm32h7xx.c
Build Time Elapsed:  00:00:01
</pre>
</body>
</html>
