Component: Arm Compiler for Embedded 6.19 Tool: armlink [5e73cb00]

==============================================================================

Section Cross References

    startup_stm32h7a3xx.o(STACK) refers (Special) to heapauxi.o(.text) for __use_two_region_memory
    startup_stm32h7a3xx.o(HEAP) refers (Special) to heapauxi.o(.text) for __use_two_region_memory
    startup_stm32h7a3xx.o(RESET) refers (Special) to heapauxi.o(.text) for __use_two_region_memory
    startup_stm32h7a3xx.o(RESET) refers to startup_stm32h7a3xx.o(STACK) for __initial_sp
    startup_stm32h7a3xx.o(RESET) refers to startup_stm32h7a3xx.o(.text) for Reset_Handler
    startup_stm32h7a3xx.o(RESET) refers to stm32h7xx_it.o(.text.NMI_Handler) for NMI_Handler
    startup_stm32h7a3xx.o(RESET) refers to stm32h7xx_it.o(.text.HardFault_Handler) for HardFault_Handler
    startup_stm32h7a3xx.o(RESET) refers to stm32h7xx_it.o(.text.MemManage_Handler) for MemManage_Handler
    startup_stm32h7a3xx.o(RESET) refers to stm32h7xx_it.o(.text.BusFault_Handler) for BusFault_Handler
    startup_stm32h7a3xx.o(RESET) refers to stm32h7xx_it.o(.text.UsageFault_Handler) for UsageFault_Handler
    startup_stm32h7a3xx.o(RESET) refers to stm32h7xx_it.o(.text.SVC_Handler) for SVC_Handler
    startup_stm32h7a3xx.o(RESET) refers to stm32h7xx_it.o(.text.DebugMon_Handler) for DebugMon_Handler
    startup_stm32h7a3xx.o(RESET) refers to stm32h7xx_it.o(.text.PendSV_Handler) for PendSV_Handler
    startup_stm32h7a3xx.o(RESET) refers to stm32h7xx_it.o(.text.SysTick_Handler) for SysTick_Handler
    startup_stm32h7a3xx.o(RESET) refers to stm32h7xx_it.o(.text.DMA1_Stream0_IRQHandler) for DMA1_Stream0_IRQHandler
    startup_stm32h7a3xx.o(RESET) refers to stm32h7xx_it.o(.text.DMA1_Stream2_IRQHandler) for DMA1_Stream2_IRQHandler
    startup_stm32h7a3xx.o(RESET) refers to stm32h7xx_it.o(.text.TIM1_UP_IRQHandler) for TIM1_UP_IRQHandler
    startup_stm32h7a3xx.o(RESET) refers to stm32h7xx_it.o(.text.I2C1_EV_IRQHandler) for I2C1_EV_IRQHandler
    startup_stm32h7a3xx.o(RESET) refers to stm32h7xx_it.o(.text.I2C1_ER_IRQHandler) for I2C1_ER_IRQHandler
    startup_stm32h7a3xx.o(RESET) refers to stm32h7xx_it.o(.text.DMAMUX1_OVR_IRQHandler) for DMAMUX1_OVR_IRQHandler
    startup_stm32h7a3xx.o(.text) refers (Special) to heapauxi.o(.text) for __use_two_region_memory
    startup_stm32h7a3xx.o(.text) refers to system_stm32h7xx.o(.text.SystemInit) for SystemInit
    startup_stm32h7a3xx.o(.text) refers to __main.o(!!!main) for __main
    startup_stm32h7a3xx.o(.text) refers to startup_stm32h7a3xx.o(HEAP) for Heap_Mem
    startup_stm32h7a3xx.o(.text) refers to startup_stm32h7a3xx.o(STACK) for Stack_Mem
    main.o(.text.main) refers to stm32h7xx_hal.o(.text.HAL_Init) for HAL_Init
    main.o(.text.main) refers to main.o(.text.SystemClock_Config) for SystemClock_Config
    main.o(.text.main) refers to main.o(.text.MX_GPIO_Init) for MX_GPIO_Init
    main.o(.text.main) refers to main.o(.text.MX_DMA_Init) for MX_DMA_Init
    main.o(.text.main) refers to main.o(.text.MX_TIM1_Init) for MX_TIM1_Init
    main.o(.text.main) refers to main.o(.text.MX_TIM2_Init) for MX_TIM2_Init
    main.o(.text.main) refers to main.o(.text.MX_I2C1_Init) for MX_I2C1_Init
    main.o(.text.main) refers to main.o(.text.MX_TIM3_Init) for MX_TIM3_Init
    main.o(.text.main) refers to main.o(.text.MX_TIM8_Init) for MX_TIM8_Init
    main.o(.text.main) refers to main.o(.text.MX_USART1_UART_Init) for MX_USART1_UART_Init
    main.o(.text.main) refers to main.o(.text.MX_UART4_Init) for MX_UART4_Init
    main.o(.text.main) refers to main.o(.text.MX_TIM5_Init) for MX_TIM5_Init
    main.o(.ARM.exidx.text.main) refers to main.o(.text.main) for [Anonymous Symbol]
    main.o(.text.SystemClock_Config) refers to rt_memclr_w.o(.text) for __aeabi_memclr4
    main.o(.text.SystemClock_Config) refers to stm32h7xx_hal_pwr_ex.o(.text.HAL_PWREx_ConfigSupply) for HAL_PWREx_ConfigSupply
    main.o(.text.SystemClock_Config) refers to stm32h7xx_hal_rcc.o(.text.HAL_RCC_OscConfig) for HAL_RCC_OscConfig
    main.o(.text.SystemClock_Config) refers to main.o(.text.Error_Handler) for Error_Handler
    main.o(.text.SystemClock_Config) refers to stm32h7xx_hal_rcc.o(.text.HAL_RCC_ClockConfig) for HAL_RCC_ClockConfig
    main.o(.ARM.exidx.text.SystemClock_Config) refers to main.o(.text.SystemClock_Config) for [Anonymous Symbol]
    main.o(.text.MX_GPIO_Init) refers to stm32h7xx_hal_gpio.o(.text.HAL_GPIO_WritePin) for HAL_GPIO_WritePin
    main.o(.text.MX_GPIO_Init) refers to stm32h7xx_hal_gpio.o(.text.HAL_GPIO_Init) for HAL_GPIO_Init
    main.o(.ARM.exidx.text.MX_GPIO_Init) refers to main.o(.text.MX_GPIO_Init) for [Anonymous Symbol]
    main.o(.text.MX_DMA_Init) refers to stm32h7xx_hal_cortex.o(.text.HAL_NVIC_SetPriority) for HAL_NVIC_SetPriority
    main.o(.text.MX_DMA_Init) refers to stm32h7xx_hal_cortex.o(.text.HAL_NVIC_EnableIRQ) for HAL_NVIC_EnableIRQ
    main.o(.ARM.exidx.text.MX_DMA_Init) refers to main.o(.text.MX_DMA_Init) for [Anonymous Symbol]
[...]
    MX_TIM1_Init                             0x08003cb1   Thumb Code   140  main.o(.text.MX_TIM1_Init)
    [Anonymous Symbol]                       0x08003cb0   Section        0  main.o(.text.MX_TIM1_Init)
    MX_USART1_UART_Init                      0x08003d41   Thumb Code   142  main.o(.text.MX_USART1_UART_Init)
    [Anonymous Symbol]                       0x08003d40   Section        0  main.o(.text.MX_USART1_UART_Init)
    [Anonymous Symbol]                       0x08003dd0   Section        0  stm32h7xx_it.o(.text.MemManage_Handler)
    [Anonymous Symbol]                       0x08003dd8   Section        0  stm32h7xx_it.o(.text.NMI_Handler)
    NVIC_EncodePriority                      0x08003de1   Thumb Code   108  stm32h7xx_hal_cortex.o(.text.NVIC_EncodePriority)
    [Anonymous Symbol]                       0x08003de0   Section        0  stm32h7xx_hal_cortex.o(.text.NVIC_EncodePriority)
    [Anonymous Symbol]                       0x08003e50   Section        0  stm32h7xx_it.o(.text.PendSV_Handler)
    RCCEx_PLL2_Config                        0x08003e59   Thumb Code   458  stm32h7xx_hal_rcc_ex.o(.text.RCCEx_PLL2_Config)
    [Anonymous Symbol]                       0x08003e58   Section        0  stm32h7xx_hal_rcc_ex.o(.text.RCCEx_PLL2_Config)
    [Anonymous Symbol]                       0x08004028   Section        0  stm32h7xx_it.o(.text.SVC_Handler)
    SysTick_Config                           0x08004031   Thumb Code    82  stm32h7xx_hal_cortex.o(.text.SysTick_Config)
    [Anonymous Symbol]                       0x08004030   Section        0  stm32h7xx_hal_cortex.o(.text.SysTick_Config)
    [Anonymous Symbol]                       0x08004088   Section        0  stm32h7xx_it.o(.text.SysTick_Handler)
    [Anonymous Symbol]                       0x08004090   Section        0  stm32h7xx_it.o(.text.TIM1_UP_IRQHandler)
    [Anonymous Symbol]                       0x080040a0   Section        0  stm32h7xx_hal_tim.o(.text.TIM_Base_SetConfig)
    [Anonymous Symbol]                       0x08004240   Section        0  stm32h7xx_hal_tim.o(.text.TIM_ETR_SetConfig)
    TIM_OC1_SetConfig                        0x08004279   Thumb Code   336  stm32h7xx_hal_tim.o(.text.TIM_OC1_SetConfig)
    [Anonymous Symbol]                       0x08004278   Section        0  stm32h7xx_hal_tim.o(.text.TIM_OC1_SetConfig)
    [Anonymous Symbol]                       0x080043c8   Section        0  stm32h7xx_hal_tim.o(.text.TIM_OC2_SetConfig)
    TIM_OC5_SetConfig                        0x08004539   Thumb Code   208  stm32h7xx_hal_tim.o(.text.TIM_OC5_SetConfig)
    [Anonymous Symbol]                       0x08004538   Section        0  stm32h7xx_hal_tim.o(.text.TIM_OC5_SetConfig)
    TIM_OC6_SetConfig                        0x08004609   Thumb Code   210  stm32h7xx_hal_tim.o(.text.TIM_OC6_SetConfig)
    [Anonymous Symbol]                       0x08004608   Section        0  stm32h7xx_hal_tim.o(.text.TIM_OC6_SetConfig)
    TIM_TI2_ConfigInputStage                 0x080046e1   Thumb Code    82  stm32h7xx_hal_tim.o(.text.TIM_TI2_ConfigInputStage)
    [Anonymous Symbol]                       0x080046e0   Section        0  stm32h7xx_hal_tim.o(.text.TIM_TI2_ConfigInputStage)
    TIM_TI4_SetConfig                        0x08004739   Thumb Code   108  stm32h7xx_hal_tim.o(.text.TIM_TI4_SetConfig)
    [Anonymous Symbol]                       0x08004738   Section        0  stm32h7xx_hal_tim.o(.text.TIM_TI4_SetConfig)
    UARTEx_SetNbDataToProcess                0x080047a9   Thumb Code   134  stm32h7xx_hal_uart_ex.o(.text.UARTEx_SetNbDataToProcess)
    [Anonymous Symbol]                       0x080047a8   Section        0  stm32h7xx_hal_uart_ex.o(.text.UARTEx_SetNbDataToProcess)
    [Anonymous Symbol]                       0x08004830   Section        0  stm32h7xx_hal_uart.o(.text.UART_CheckIdleState)
    [Anonymous Symbol]                       0x08004978   Section        0  stm32h7xx_hal_uart.o(.text.UART_SetConfig)
    [Anonymous Symbol]                       0x080053c8   Section        0  stm32h7xx_hal_uart.o(.text.UART_WaitOnFlagUntilTimeout)
    [Anonymous Symbol]                       0x080054c8   Section        0  stm32h7xx_it.o(.text.UsageFault_Handler)
    __NVIC_GetPriorityGrouping               0x080054d1   Thumb Code    16  stm32h7xx_hal_cortex.o(.text.__NVIC_GetPriorityGrouping)
    [Anonymous Symbol]                       0x080054d0   Section        0  stm32h7xx_hal_cortex.o(.text.__NVIC_GetPriorityGrouping)
    __NVIC_SetPriority                       0x080054e1   Thumb Code    66  stm32h7xx_hal_cortex.o(.text.__NVIC_SetPriority)
    [Anonymous Symbol]                       0x080054e0   Section        0  stm32h7xx_hal_cortex.o(.text.__NVIC_SetPriority)
    __NVIC_SetPriorityGrouping               0x08005529   Thumb Code    60  stm32h7xx_hal_cortex.o(.text.__NVIC_SetPriorityGrouping)
    [Anonymous Symbol]                       0x08005528   Section        0  stm32h7xx_hal_cortex.o(.text.__NVIC_SetPriorityGrouping)
    [Anonymous Symbol]                       0x08005568   Section        0  main.o(.text.main)
    DMA_CalcBaseAndBitshift.flagBitshiftOffset 0x080055a4   Data           8  stm32h7xx_hal_dma.o(.rodata.DMA_CalcBaseAndBitshift.flagBitshiftOffset)
    [Anonymous Symbol]                       0x080055a4   Section        0  stm32h7xx_hal_dma.o(.rodata.DMA_CalcBaseAndBitshift.flagBitshiftOffset)
    UARTEx_SetNbDataToProcess.numerator      0x080055ac   Data           8  stm32h7xx_hal_uart_ex.o(.rodata.UARTEx_SetNbDataToProcess.numerator)
    [Anonymous Symbol]                       0x080055ac   Section        0  stm32h7xx_hal_uart_ex.o(.rodata.UARTEx_SetNbDataToProcess.numerator)
    .ARM.Collect$$libinit$$00000000          0x08100000   Section        2  libinit.o(.ARM.Collect$$libinit$$00000000)
    .ARM.Collect$$libinit$$00000001          0x08100002   Section        4  libinit2.o(.ARM.Collect$$libinit$$00000001)
    .ARM.Collect$$libinit$$00000004          0x08100006   Section        0  libinit2.o(.ARM.Collect$$libinit$$00000004)
    .ARM.Collect$$libinit$$00000006          0x08100006   Section        0  libinit2.o(.ARM.Collect$$libinit$$00000006)
    .ARM.Collect$$libinit$$0000000C          0x08100006   Section        0  libinit2.o(.ARM.Collect$$libinit$$0000000C)
    .ARM.Collect$$libinit$$0000000E          0x08100006   Section        0  libinit2.o(.ARM.Collect$$libinit$$0000000E)
    .ARM.Collect$$libinit$$00000010          0x08100006   Section        0  libinit2.o(.ARM.Collect$$libinit$$00000010)
    .ARM.Collect$$libinit$$00000013          0x08100006   Section        0  libinit2.o(.ARM.Collect$$libinit$$00000013)
    .ARM.Collect$$libinit$$00000015          0x08100006   Section        0  libinit2.o(.ARM.Collect$$libinit$$00000015)
    .ARM.Collect$$libinit$$00000017          0x08100006   Section        0  libinit2.o(.ARM.Collect$$libinit$$00000017)
    .ARM.Collect$$libinit$$00000019          0x08100006   Section        0  libinit2.o(.ARM.Collect$$libinit$$00000019)
    .ARM.Collect$$libinit$$0000001B          0x08100006   Section        0  libinit2.o(.ARM.Collect$$libinit$$0000001B)
    .ARM.Collect$$libinit$$0000001D          0x08100006   Section        0  libinit2.o(.ARM.Collect$$libinit$$0000001D)
    .ARM.Collect$$libinit$$0000001F          0x08100006   Section        0  libinit2.o(.ARM.Collect$$libinit$$0000001F)
    .ARM.Collect$$libinit$$00000021          0x08100006   Section        0  libinit2.o(.ARM.Collect$$libinit$$00000021)
    .ARM.Collect$$libinit$$00000023          0x08100006   Section        0  libinit2.o(.ARM.Collect$$libinit$$00000023)
    .ARM.Collect$$libinit$$00000025          0x08100006   Section        0  libinit2.o(.ARM.Collect$$libinit$$00000025)
    .ARM.Collect$$libinit$$00000027          0x08100006   Section        0  libinit2.o(.ARM.Collect$$libinit$$00000027)
    .ARM.Collect$$libinit$$0000002E          0x08100006   Section        0  libinit2.o(.ARM.Collect$$libinit$$0000002E)
    .ARM.Collect$$libinit$$00000030          0x08100006   Section        0  libinit2.o(.ARM.Collect$$libinit$$00000030)
    .ARM.Collect$$libinit$$00000032          0x08100006   Section        0  libinit2.o(.ARM.Collect$$libinit$$00000032)
    .ARM.Collect$$libinit$$00000034          0x08100006   Section        0  libinit2.o(.ARM.Collect$$libinit$$00000034)
    .ARM.Collect$$libinit$$00000035          0x08100006   Section        2  libinit2.o(.ARM.Collect$$libinit$$00000035)
    .ARM.Collect$$rtexit$$00000000           0x08100008   Section        2  rtexit.o(.ARM.Collect$$rtexit$$00000000)
    .ARM.Collect$$rtexit$$00000002           0x0810000a   Section        0  rtexit2.o(.ARM.Collect$$rtexit$$00000002)
    .ARM.Collect$$rtexit$$00000003           0x0810000a   Section        4  rtexit2.o(.ARM.Collect$$rtexit$$00000003)
    .ARM.Collect$$rtexit$$00000004           0x0810000e   Section        6  rtexit2.o(.ARM.Collect$$rtexit$$00000004)
    $v0                                      0x08100014   Number         0  startup_stm32h7a3xx.o(.text)
    .text                                    0x08100014   Section       64  startup_stm32h7a3xx.o(.text)
    .text                                    0x08100054   Section        0  heapauxi.o(.text)
    .text                                    0x0810005a   Section       74  sys_stackheap_outer.o(.text)
    .text                                    0x081000a4   Section        0  exit.o(.text)
    .text                                    0x081000b8   Section        8  libspace.o(.text)
    .text                                    0x081000c0   Section        0  sys_exit.o(.text)
    .text                                    0x081000cc   Section        2  use_no_semi.o(.text)
    .text                                    0x081000ce   Section        0  indicate_semi.o(.text)
    [Anonymous Symbol]                       0x081000d0   Section        0  stm32h7xx_it.o(.text.BusFault_Handler)
    [Anonymous Symbol]                       0x081000d8   Section        0  stm32h7xx_it.o(.text.DMA1_Stream2_IRQHandler)
    DMA_CheckFifoParam                       0x081000e9   Thumb Code   240  stm32h7xx_hal_dma.o(.text.DMA_CheckFifoParam)
    [Anonymous Symbol]                       0x081000e8   Section        0  stm32h7xx_hal_dma.o(.text.DMA_CheckFifoParam)
    [Anonymous Symbol]                       0x081001d8   Section        0  stm32h7xx_hal_dma.o(.text.HAL_DMA_Abort_IT)
    [Anonymous Symbol]                       0x08100888   Section        0  stm32h7xx_hal_dma.o(.text.HAL_DMA_IRQHandler)
    [Anonymous Symbol]                       0x08101b00   Section        0  stm32h7xx_hal_gpio.o(.text.HAL_GPIO_Init)
    [Anonymous Symbol]                       0x08101ec8   Section        0  stm32h7xx_hal_gpio.o(.text.HAL_GPIO_WritePin)
    [Anonymous Symbol]                       0x08101ef8   Section        0  stm32h7xx_hal.o(.text.HAL_GetTick)
    [Anonymous Symbol]                       0x08101f08   Section        0  stm32h7xx_hal_i2c_ex.o(.text.HAL_I2CEx_ConfigAnalogFilter)
    [Anonymous Symbol]                       0x08101fa0   Section        0  stm32h7xx_hal_i2c.o(.text.HAL_I2C_AbortCpltCallback)
    [Anonymous Symbol]                       0x08101fa8   Section        0  stm32h7xx_hal_i2c.o(.text.HAL_I2C_ER_IRQHandler)
    [Anonymous Symbol]                       0x08102078   Section        0  stm32h7xx_hal_i2c.o(.text.HAL_I2C_ListenCpltCallback)
    [Anonymous Symbol]                       0x08102080   Section        0  stm32h7xx_hal_msp.o(.text.HAL_I2C_MspInit)
    [Anonymous Symbol]                       0x081021a8   Section        0  stm32h7xx_hal_i2c.o(.text.HAL_I2C_SlaveTxCpltCallback)
    [Anonymous Symbol]                       0x081021b0   Section        0  stm32h7xx_hal.o(.text.HAL_InitTick)
    [Anonymous Symbol]                       0x08102238   Section        0  stm32h7xx_hal_cortex.o(.text.HAL_NVIC_EnableIRQ)
    [Anonymous Symbol]                       0x08102250   Section        0  stm32h7xx_hal_cortex.o(.text.HAL_NVIC_SetPriorityGrouping)
    [Anonymous Symbol]                       0x08102260   Section        0  stm32h7xx_hal_pwr_ex.o(.text.HAL_PWREx_ConfigSupply)
    [Anonymous Symbol]                       0x08102308   Section        0  stm32h7xx_hal_rcc_ex.o(.text.HAL_RCCEx_GetD3PCLK1Freq)
    [Anonymous Symbol]                       0x08102330   Section        0  stm32h7xx_hal_rcc_ex.o(.text.HAL_RCCEx_GetPLL3ClockFreq)
    [Anonymous Symbol]                       0x081025e0   Section        0  stm32h7xx_hal_rcc.o(.text.HAL_RCC_GetPCLK1Freq)
    [Anonymous Symbol]                       0x08102608   Section        0  stm32h7xx_hal_rcc.o(.text.HAL_RCC_OscConfig)
    [Anonymous Symbol]                       0x081030b8   Section        0  stm32h7xx_hal_cortex.o(.text.HAL_SYSTICK_Config)
    [Anonymous Symbol]                       0x081030c8   Section        0  stm32h7xx_hal_tim_ex.o(.text.HAL_TIMEx_Break2Callback)
    [Anonymous Symbol]                       0x081030d0   Section        0  stm32h7xx_hal_tim_ex.o(.text.HAL_TIMEx_CommutCallback)
    [Anonymous Symbol]                       0x081030d8   Section        0  stm32h7xx_hal_tim_ex.o(.text.HAL_TIMEx_MasterConfigSynchronization)
    [Anonymous Symbol]                       0x08103230   Section        0  stm32h7xx_hal_tim.o(.text.HAL_TIM_Base_Init)
    [Anonymous Symbol]                       0x081032d8   Section        0  stm32h7xx_hal_tim.o(.text.HAL_TIM_ConfigClockSource)
    [Anonymous Symbol]                       0x081034a8   Section        0  stm32h7xx_hal_tim.o(.text.HAL_TIM_IC_Init)
    [Anonymous Symbol]                       0x08103550   Section        0  stm32h7xx_hal_tim.o(.text.HAL_TIM_IC_MspInit)
    [Anonymous Symbol]                       0x08103558   Section        0  stm32h7xx_hal_tim.o(.text.HAL_TIM_IRQHandler)
    [Anonymous Symbol]                       0x08103810   Section        0  stm32h7xx_hal_tim.o(.text.HAL_TIM_OC_DelayElapsedCallback)
    [Anonymous Symbol]                       0x08103818   Section        0  stm32h7xx_hal_tim.o(.text.HAL_TIM_PWM_ConfigChannel)
    [Anonymous Symbol]                       0x081039c8   Section        0  stm32h7xx_hal_tim.o(.text.HAL_TIM_PeriodElapsedCallback)
    [Anonymous Symbol]                       0x081039d0   Section        0  stm32h7xx_hal_uart_ex.o(.text.HAL_UARTEx_SetTxFifoThreshold)
    [Anonymous Symbol]                       0x08103a60   Section        0  stm32h7xx_hal_msp.o(.text.HAL_UART_MspInit)
    [Anonymous Symbol]                       0x08103bf0   Section        0  stm32h7xx_it.o(.text.I2C1_EV_IRQHandler)
    I2C_DMAAbort                             0x08103c01   Thumb Code    58  stm32h7xx_hal_i2c.o(.text.I2C_DMAAbort)
    [Anonymous Symbol]                       0x08103c00   Section        0  stm32h7xx_hal_i2c.o(.text.I2C_DMAAbort)
    I2C_Flush_TXDR                           0x08103c41   Thumb Code    64  stm32h7xx_hal_i2c.o(.text.I2C_Flush_TXDR)
    [Anonymous Symbol]                       0x08103c40   Section        0  stm32h7xx_hal_i2c.o(.text.I2C_Flush_TXDR)
    I2C_ITError                              0x08103c81   Thumb Code   498  stm32h7xx_hal_i2c.o(.text.I2C_ITError)
    [Anonymous Symbol]                       0x08103c80   Section        0  stm32h7xx_hal_i2c.o(.text.I2C_ITError)
    I2C_ITSlaveCplt                          0x08103e79   Thumb Code  1222  stm32h7xx_hal_i2c.o(.text.I2C_ITSlaveCplt)
    [Anonymous Symbol]                       0x08103e78   Section        0  stm32h7xx_hal_i2c.o(.text.I2C_ITSlaveCplt)
    I2C_ITSlaveSeqCplt                       0x08104341   Thumb Code   200  stm32h7xx_hal_i2c.o(.text.I2C_ITSlaveSeqCplt)
    [Anonymous Symbol]                       0x08104340   Section        0  stm32h7xx_hal_i2c.o(.text.I2C_ITSlaveSeqCplt)
    I2C_TreatErrorCallback                   0x08104409   Thumb Code    82  stm32h7xx_hal_i2c.o(.text.I2C_TreatErrorCallback)
    [Anonymous Symbol]                       0x08104408   Section        0  stm32h7xx_hal_i2c.o(.text.I2C_TreatErrorCallback)
    MX_DMA_Init                              0x08104461   Thumb Code    94  main.o(.text.MX_DMA_Init)
    [Anonymous Symbol]                       0x08104460   Section        0  main.o(.text.MX_DMA_Init)
    MX_GPIO_Init                             0x081044c1   Thumb Code   320  main.o(.text.MX_GPIO_Init)
    [Anonymous Symbol]                       0x081044c0   Section        0  main.o(.text.MX_GPIO_Init)
    MX_I2C1_Init                             0x08104601   Thumb Code   118  main.o(.text.MX_I2C1_Init)
    [Anonymous Symbol]                       0x08104600   Section        0  main.o(.text.MX_I2C1_Init)
    MX_TIM2_Init                             0x08104679   Thumb Code   132  main.o(.text.MX_TIM2_Init)
    [Anonymous Symbol]                       0x08104678   Section        0  main.o(.text.MX_TIM2_Init)
    MX_TIM3_Init                             0x08104701   Thumb Code   298  main.o(.text.MX_TIM3_Init)
    [Anonymous Symbol]                       0x08104700   Section        0  main.o(.text.MX_TIM3_Init)
    MX_TIM5_Init                             0x08104831   Thumb Code   136  main.o(.text.MX_TIM5_Init)
    [Anonymous Symbol]                       0x08104830   Section        0  main.o(.text.MX_TIM5_Init)
    MX_TIM8_Init                             0x081048b9   Thumb Code   204  main.o(.text.MX_TIM8_Init)
    [Anonymous Symbol]                       0x081048b8   Section        0  main.o(.text.MX_TIM8_Init)
    MX_UART4_Init                            0x08104989   Thumb Code   142  main.o(.text.MX_UART4_Init)
    [Anonymous Symbol]                       0x08104988   Section        0  main.o(.text.MX_UART4_Init)
    RCCEx_PLL3_Config                        0x08104a19   Thumb Code   458  stm32h7xx_hal_rcc_ex.o(.text.RCCEx_PLL3_Config)
    [Anonymous Symbol]                       0x08104a18   Section        0  stm32h7xx_hal_rcc_ex.o(.text.RCCEx_PLL3_Config)
    [Anonymous Symbol]                       0x08104be8   Section        0  main.o(.text.SystemClock_Config)
    [Anonymous Symbol]                       0x08104cc0   Section        0  system_stm32h7xx.o(.text.SystemInit)
    TIM_ITRx_SetConfig                       0x08104e01   Thumb Code    48  stm32h7xx_hal_tim.o(.text.TIM_ITRx_SetConfig)
    [Anonymous Symbol]                       0x08104e00   Section        0  stm32h7xx_hal_tim.o(.text.TIM_ITRx_SetConfig)
    TIM_OC3_SetConfig                        0x08104e31   Thumb Code   362  stm32h7xx_hal_tim.o(.text.TIM_OC3_SetConfig)
    [Anonymous Symbol]                       0x08104e30   Section        0  stm32h7xx_hal_tim.o(.text.TIM_OC3_SetConfig)
    TIM_OC4_SetConfig                        0x08104fa1   Thumb Code   218  stm32h7xx_hal_tim.o(.text.TIM_OC4_SetConfig)
    [Anonymous Symbol]                       0x08104fa0   Section        0  stm32h7xx_hal_tim.o(.text.TIM_OC4_SetConfig)
    TIM_TI1_ConfigInputStage                 0x08105081   Thumb Code    80  stm32h7xx_hal_tim.o(.text.TIM_TI1_ConfigInputStage)
    [Anonymous Symbol]                       0x08105080   Section        0  stm32h7xx_hal_tim.o(.text.TIM_TI1_ConfigInputStage)
    [Anonymous Symbol]                       0x081050d0   Section        0  stm32h7xx_hal_tim.o(.text.TIM_TI1_SetConfig)
    TIM_TI2_SetConfig                        0x081051e9   Thumb Code   108  stm32h7xx_hal_tim.o(.text.TIM_TI2_SetConfig)
    [Anonymous Symbol]                       0x081051e8   Section        0  stm32h7xx_hal_tim.o(.text.TIM_TI2_SetConfig)
    TIM_TI3_SetConfig                        0x08105259   Thumb Code   106  stm32h7xx_hal_tim.o(.text.TIM_TI3_SetConfig)
    [Anonymous Symbol]                       0x08105258   Section        0  stm32h7xx_hal_tim.o(.text.TIM_TI3_SetConfig)
    [Anonymous Symbol]                       0x081052c8   Section        0  stm32h7xx_hal_uart.o(.text.UART_AdvFeatureConfig)
    UART_EndRxTransfer                       0x08105411   Thumb Code   158  stm32h7xx_hal_uart.o(.text.UART_EndRxTransfer)
    [Anonymous Symbol]                       0x08105410   Section        0  stm32h7xx_hal_uart.o(.text.UART_EndRxTransfer)
    __NVIC_EnableIRQ                         0x081054b1   Thumb Code    48  stm32h7xx_hal_cortex.o(.text.__NVIC_EnableIRQ)
    [Anonymous Symbol]                       0x081054b0   Section        0  stm32h7xx_hal_cortex.o(.text.__NVIC_EnableIRQ)
    $v0                                      0x081054e0   Number         0  fpinit.o(x$fpl$fpinit)
    x$fpl$fpinit                             0x081054e0   Section       26  fpinit.o(x$fpl$fpinit)
    UARTEx_SetNbDataToProcess.denominator    0x0810550a   Data           8  stm32h7xx_hal_uart_ex.o(.rodata.UARTEx_SetNbDataToProcess.denominator)
    [Anonymous Symbol]                       0x0810550a   Section        0  stm32h7xx_hal_uart_ex.o(.rodata.UARTEx_SetNbDataToProcess.denominator)
    .bss                                     0x24000010   Section       96  libspace.o(.bss)
    Heap_Mem                                 0x24000460   Data         512  startup_stm32h7a3xx.o(HEAP)
    HEAP                                     0x24000460   Section      512  startup_stm32h7a3xx.o(HEAP)
    Stack_Mem                                0x24000660   Data        1024  startup_stm32h7a3xx.o(STACK)
    STACK                                    0x24000660   Section     1024  startup_stm32h7a3xx.o(STACK)
    __initial_sp                             0x24000a60   Data           0  startup_stm32h7a3xx.o(STACK)

    Global Symbols

    Symbol Name                              Value     Ov Type        Size  Object(Section)

    BuildAttributes$$THM_ISAv4$E$P$D$K$B$S$7EM$VFPv5_D16$PE$PLD8$A:L22UL41UL21$X:L11$S22US41US21$IEEE1$IW$~IW$USESV6$~STKCKD$USESV7$~SHL$OSPACE$ROPI$EBA8$UX$STANDARDLIB$REQ8$PRES8$EABIv2 0x00000000   Number         0  anon$$obj.o ABSOLUTE
    __ARM_exceptions_init                     - Undefined Weak Reference
    __alloca_initialize                       - Undefined Weak Reference
    __arm_preinit_                            - Undefined Weak Reference
    __arm_relocate_pie_                       - Undefined Weak Reference
    __cpp_initialize__aeabi_                  - Undefined Weak Reference
    __cxa_finalize                            - Undefined Weak Reference
    __rt_locale                               - Undefined Weak Reference
    __sigvec_lookup                           - Undefined Weak Reference
    _atexit_init                              - Undefined Weak Reference
    _call_atexit_fns                          - Undefined Weak Reference
    _clock_init                               - Undefined Weak Reference
    _fp_trap_init                             - Undefined Weak Reference
    _fp_trap_shutdown                         - Undefined Weak Reference
    _get_lc_collate                           - Undefined Weak Reference
    _get_lc_ctype                             - Undefined Weak Reference
    _get_lc_monetary                          - Undefined Weak Reference
    _get_lc_numeric                           - Undefined Weak Reference
    _get_lc_time                              - Undefined Weak Reference
    _getenv_init                              - Undefined Weak Reference
    _handle_redirection                       - Undefined Weak Reference
    _init_alloc                               - Undefined Weak Reference
    _init_user_alloc                          - Undefined Weak Reference
    _initio                                   - Undefined Weak Reference
    _rand_init                                - Undefined Weak Reference
    _signal_finish                            - Undefined Weak Reference
    _signal_init                              - Undefined Weak Reference
    _terminate_alloc                          - Undefined Weak Reference
    _terminate_user_alloc                     - Undefined Weak Reference
    _terminateio                              - Undefined Weak Reference
    __Vectors_Size                           0x000002ac   Number         0  startup_stm32h7a3xx.o ABSOLUTE
    __Vectors                                0x08000000   Data           4  startup_stm32h7a3xx.o(RESET)
    __Vectors_End                            0x080002ac   Data           0  startup_stm32h7a3xx.o(RESET)
    __main                                   0x080002ad   Thumb Code     8  __main.o(!!!main)
    __scatterload                            0x080002b5   Thumb Code     0  __scatter.o(!!!scatter)
    __scatterload_rt2                        0x080002b5   Thumb Code    44  __scatter.o(!!!scatter)
    __scatterload_rt2_thumb_only             0x080002b5   Thumb Code     0  __scatter.o(!!!scatter)
    __scatterload_null                       0x080002c3   Thumb Code     0  __scatter.o(!!!scatter)
    __scatterload_copy                       0x080002e9   Thumb Code    26  __scatter_copy.o(!!handler_copy)
    __scatterload_zeroinit                   0x08000305   Thumb Code    28  __scatter_zi.o(!!handler_zi)
    __rt_lib_shutdown                        0x08000321   Thumb Code     0  libshutdown.o(.ARM.Collect$$libshutdown$$00000000)
    __rt_lib_shutdown_cpp_1                  0x08000323   Thumb Code     0  libshutdown2.o(.ARM.Collect$$libshutdown$$00000002)
    __rt_lib_shutdown_fp_trap_1              0x08000323   Thumb Code     0  libshutdown2.o(.ARM.Collect$$libshutdown$$00000007)
    __rt_lib_shutdown_heap_1                 0x08000323   Thumb Code     0  libshutdown2.o(.ARM.Collect$$libshutdown$$0000000F)
    __rt_lib_shutdown_return                 0x08000323   Thumb Code     0  libshutdown2.o(.ARM.Collect$$libshutdown$$00000010)
    __rt_lib_shutdown_signal_1               0x08000323   Thumb Code     0  libshutdown2.o(.ARM.Collect$$libshutdown$$0000000A)
    __rt_lib_shutdown_stdio_1                0x08000323   Thumb Code     0  libshutdown2.o(.ARM.Collect$$libshutdown$$00000004)
    __rt_lib_shutdown_user_alloc_1           0x08000323   Thumb Code     0  libshutdown2.o(.ARM.Collect$$libshutdown$$0000000C)
    __rt_entry                               0x08000325   Thumb Code     0  __rtentry.o(.ARM.Collect$$rtentry$$00000000)
    __rt_entry_presh_1                       0x08000325   Thumb Code     0  __rtentry2.o(.ARM.Collect$$rtentry$$00000002)
    __rt_entry_sh                            0x08000325   Thumb Code     0  __rtentry4.o(.ARM.Collect$$rtentry$$00000004)
    __rt_entry_li                            0x0800032b   Thumb Code     0  __rtentry2.o(.ARM.Collect$$rtentry$$0000000A)
    __rt_entry_postsh_1                      0x0800032b   Thumb Code     0  __rtentry2.o(.ARM.Collect$$rtentry$$00000009)
    __rt_entry_main                          0x0800032f   Thumb Code     0  __rtentry2.o(.ARM.Collect$$rtentry$$0000000D)
    __rt_entry_postli_1                      0x0800032f   Thumb Code     0  __rtentry2.o(.ARM.Collect$$rtentry$$0000000C)
    __aeabi_uldivmod                         0x08000337   Thumb Code     0  lludivv7m.o(.text)
    _ll_udiv                                 0x08000337   Thumb Code   240  lludivv7m.o(.text)
    __aeabi_memclr4                          0x08000427   Thumb Code     0  rt_memclr_w.o(.text)
    __aeabi_memclr8                          0x08000427   Thumb Code     0  rt_memclr_w.o(.text)
    __rt_memclr_w                            0x08000427   Thumb Code     0  rt_memclr_w.o(.text)
    _memset_w                                0x0800042b   Thumb Code    74  rt_memclr_w.o(.text)
    DMA1_Stream0_IRQHandler                  0x08000479   Thumb Code    16  stm32h7xx_it.o(.text.DMA1_Stream0_IRQHandler)
    DMAMUX1_OVR_IRQHandler                   0x08000489   Thumb Code     2  stm32h7xx_it.o(.text.DMAMUX1_OVR_IRQHandler)
    DebugMon_Handler                         0x08000909   Thumb Code     2  stm32h7xx_it.o(.text.DebugMon_Handler)
    Error_Handler                            0x08000911   Thumb Code    14  main.o(.text.Error_Handler)
    HAL_DMA_GetState                         0x08000921   Thumb Code    14  stm32h7xx_hal_dma.o(.text.HAL_DMA_GetState)
    HAL_DMA_Init                             0x08000931   Thumb Code  2584  stm32h7xx_hal_dma.o(.text.HAL_DMA_Init)
    HAL_HalfDuplex_Init                      0x08001349   Thumb Code   170  stm32h7xx_hal_uart.o(.text.HAL_HalfDuplex_Init)
    HAL_I2CEx_ConfigDigitalFilter            0x080013f9   Thumb Code   162  stm32h7xx_hal_i2c_ex.o(.text.HAL_I2CEx_ConfigDigitalFilter)
    HAL_I2C_AddrCallback                     0x080014a1   Thumb Code    16  stm32h7xx_hal_i2c.o(.text.HAL_I2C_AddrCallback)
    HAL_I2C_EV_IRQHandler                    0x080014b1   Thumb Code    46  stm32h7xx_hal_i2c.o(.text.HAL_I2C_EV_IRQHandler)
    HAL_I2C_ErrorCallback                    0x080014e1   Thumb Code     8  stm32h7xx_hal_i2c.o(.text.HAL_I2C_ErrorCallback)
    HAL_I2C_Init                             0x080014e9   Thumb Code   260  stm32h7xx_hal_i2c.o(.text.HAL_I2C_Init)
    HAL_I2C_SlaveRxCpltCallback              0x080015f1   Thumb Code     8  stm32h7xx_hal_i2c.o(.text.HAL_I2C_SlaveRxCpltCallback)
    HAL_IncTick                              0x080015f9   Thumb Code    26  stm32h7xx_hal.o(.text.HAL_IncTick)
    HAL_Init                                 0x08001619   Thumb Code   122  stm32h7xx_hal.o(.text.HAL_Init)
    HAL_MspInit                              0x08001699   Thumb Code    36  stm32h7xx_hal_msp.o(.text.HAL_MspInit)
    HAL_NVIC_SetPriority                     0x080016c1   Thumb Code    46  stm32h7xx_hal_cortex.o(.text.HAL_NVIC_SetPriority)
    HAL_RCCEx_GetPLL2ClockFreq               0x080016f1   Thumb Code   684  stm32h7xx_hal_rcc_ex.o(.text.HAL_RCCEx_GetPLL2ClockFreq)
    HAL_RCCEx_PeriphCLKConfig                0x080019a1   Thumb Code  4122  stm32h7xx_hal_rcc_ex.o(.text.HAL_RCCEx_PeriphCLKConfig)
    HAL_RCC_ClockConfig                      0x080029c1   Thumb Code  1176  stm32h7xx_hal_rcc.o(.text.HAL_RCC_ClockConfig)
    HAL_RCC_GetHCLKFreq                      0x08002e59   Thumb Code    86  stm32h7xx_hal_rcc.o(.text.HAL_RCC_GetHCLKFreq)
    HAL_RCC_GetPCLK2Freq                     0x08002eb1   Thumb Code    38  stm32h7xx_hal_rcc.o(.text.HAL_RCC_GetPCLK2Freq)
    HAL_RCC_GetSysClockFreq                  0x08002ed9   Thumb Code   784  stm32h7xx_hal_rcc.o(.text.HAL_RCC_GetSysClockFreq)
    HAL_TIMEx_BreakCallback                  0x080031e9   Thumb Code     8  stm32h7xx_hal_tim_ex.o(.text.HAL_TIMEx_BreakCallback)
    HAL_TIM_Base_MspInit                     0x080031f1   Thumb Code   352  stm32h7xx_hal_msp.o(.text.HAL_TIM_Base_MspInit)
    HAL_TIM_IC_CaptureCallback               0x08003351   Thumb Code     8  stm32h7xx_hal_tim.o(.text.HAL_TIM_IC_CaptureCallback)
    HAL_TIM_IC_ConfigChannel                 0x08003359   Thumb Code   304  stm32h7xx_hal_tim.o(.text.HAL_TIM_IC_ConfigChannel)
    HAL_TIM_MspPostInit                      0x08003489   Thumb Code   166  stm32h7xx_hal_msp.o(.text.HAL_TIM_MspPostInit)
    HAL_TIM_PWM_Init                         0x08003531   Thumb Code   168  stm32h7xx_hal_tim.o(.text.HAL_TIM_PWM_Init)
    HAL_TIM_PWM_MspInit                      0x080035d9   Thumb Code     8  stm32h7xx_hal_tim.o(.text.HAL_TIM_PWM_MspInit)
    HAL_TIM_PWM_PulseFinishedCallback        0x080035e1   Thumb Code     8  stm32h7xx_hal_tim.o(.text.HAL_TIM_PWM_PulseFinishedCallback)
    HAL_TIM_TriggerCallback                  0x080035e9   Thumb Code     8  stm32h7xx_hal_tim.o(.text.HAL_TIM_TriggerCallback)
    HAL_UARTEx_DisableFifoMode               0x080035f1   Thumb Code   124  stm32h7xx_hal_uart_ex.o(.text.HAL_UARTEx_DisableFifoMode)
    HAL_UARTEx_SetRxFifoThreshold            0x08003671   Thumb Code   140  stm32h7xx_hal_uart_ex.o(.text.HAL_UARTEx_SetRxFifoThreshold)
    HAL_UART_Init                            0x08003701   Thumb Code   170  stm32h7xx_hal_uart.o(.text.HAL_UART_Init)
    HardFault_Handler                        0x080037b1   Thumb Code     4  stm32h7xx_it.o(.text.HardFault_Handler)
    I2C1_ER_IRQHandler                       0x080037b9   Thumb Code    16  stm32h7xx_it.o(.text.I2C1_ER_IRQHandler)
    MemManage_Handler                        0x08003dd1   Thumb Code     4  stm32h7xx_it.o(.text.MemManage_Handler)
    NMI_Handler                              0x08003dd9   Thumb Code     4  stm32h7xx_it.o(.text.NMI_Handler)
    PendSV_Handler                           0x08003e51   Thumb Code     2  stm32h7xx_it.o(.text.PendSV_Handler)
    SVC_Handler                              0x08004029   Thumb Code     2  stm32h7xx_it.o(.text.SVC_Handler)
    SysTick_Handler                          0x08004089   Thumb Code     8  stm32h7xx_it.o(.text.SysTick_Handler)
    TIM1_UP_IRQHandler                       0x08004091   Thumb Code    16  stm32h7xx_it.o(.text.TIM1_UP_IRQHandler)
    TIM_Base_SetConfig                       0x080040a1   Thumb Code   410  stm32h7xx_hal_tim.o(.text.TIM_Base_SetConfig)
    TIM_ETR_SetConfig                        0x08004241   Thumb Code    52  stm32h7xx_hal_tim.o(.text.TIM_ETR_SetConfig)
    TIM_OC2_SetConfig                        0x080043c9   Thumb Code   364  stm32h7xx_hal_tim.o(.text.TIM_OC2_SetConfig)
    UART_CheckIdleState                      0x08004831   Thumb Code   326  stm32h7xx_hal_uart.o(.text.UART_CheckIdleState)
    UART_SetConfig                           0x08004979   Thumb Code  2638  stm32h7xx_hal_uart.o(.text.UART_SetConfig)
    UART_WaitOnFlagUntilTimeout              0x080053c9   Thumb Code   252  stm32h7xx_hal_uart.o(.text.UART_WaitOnFlagUntilTimeout)
    UsageFault_Handler                       0x080054c9   Thumb Code     4  stm32h7xx_it.o(.text.UsageFault_Handler)
    main                                     0x08005569   Thumb Code    60  main.o(.text.main)
    UARTPrescTable                           0x080055b4   Data          24  stm32h7xx_hal_uart.o(.rodata.UARTPrescTable)
    Region$$Table$$Base                      0x080055cc   Number         0  anon$$obj.o(Region$$Table)
    Region$$Table$$Limit                     0x080055ec   Number         0  anon$$obj.o(Region$$Table)
    __rt_lib_init                            0x08100001   Thumb Code     0  libinit.o(.ARM.Collect$$libinit$$00000000)
    __rt_lib_init_fp_1                       0x08100003   Thumb Code     0  libinit2.o(.ARM.Collect$$libinit$$00000001)
    __rt_lib_init_alloca_1                   0x08100007   Thumb Code     0  libinit2.o(.ARM.Collect$$libinit$$00000030)
    __rt_lib_init_argv_1                     0x08100007   Thumb Code     0  libinit2.o(.ARM.Collect$$libinit$$0000002E)
    __rt_lib_init_atexit_1                   0x08100007   Thumb Code     0  libinit2.o(.ARM.Collect$$libinit$$0000001D)
    __rt_lib_init_clock_1                    0x08100007   Thumb Code     0  libinit2.o(.ARM.Collect$$libinit$$00000023)
    __rt_lib_init_cpp_1                      0x08100007   Thumb Code     0  libinit2.o(.ARM.Collect$$libinit$$00000034)
    __rt_lib_init_exceptions_1               0x08100007   Thumb Code     0  libinit2.o(.ARM.Collect$$libinit$$00000032)
    __rt_lib_init_fp_trap_1                  0x08100007   Thumb Code     0  libinit2.o(.ARM.Collect$$libinit$$00000021)
    __rt_lib_init_getenv_1                   0x08100007   Thumb Code     0  libinit2.o(.ARM.Collect$$libinit$$00000025)
    __rt_lib_init_heap_1                     0x08100007   Thumb Code     0  libinit2.o(.ARM.Collect$$libinit$$0000000C)
    __rt_lib_init_lc_collate_1               0x08100007   Thumb Code     0  libinit2.o(.ARM.Collect$$libinit$$00000013)
    __rt_lib_init_lc_ctype_1                 0x08100007   Thumb Code     0  libinit2.o(.ARM.Collect$$libinit$$00000015)
    __rt_lib_init_lc_monetary_1              0x08100007   Thumb Code     0  libinit2.o(.ARM.Collect$$libinit$$00000017)
    __rt_lib_init_lc_numeric_1               0x08100007   Thumb Code     0  libinit2.o(.ARM.Collect$$libinit$$00000019)
    __rt_lib_init_lc_time_1                  0x08100007   Thumb Code     0  libinit2.o(.ARM.Collect$$libinit$$0000001B)
    __rt_lib_init_preinit_1                  0x08100007   Thumb Code     0  libinit2.o(.ARM.Collect$$libinit$$00000006)
    __rt_lib_init_rand_1                     0x08100007   Thumb Code     0  libinit2.o(.ARM.Collect$$libinit$$00000010)
    __rt_lib_init_relocate_pie_1             0x08100007   Thumb Code     0  libinit2.o(.ARM.Collect$$libinit$$00000004)
    __rt_lib_init_return                     0x08100007   Thumb Code     0  libinit2.o(.ARM.Collect$$libinit$$00000035)
    __rt_lib_init_signal_1                   0x08100007   Thumb Code     0  libinit2.o(.ARM.Collect$$libinit$$0000001F)
    __rt_lib_init_stdio_1                    0x08100007   Thumb Code     0  libinit2.o(.ARM.Collect$$libinit$$00000027)
    __rt_lib_init_user_alloc_1               0x08100007   Thumb Code     0  libinit2.o(.ARM.Collect$$libinit$$0000000E)
    __rt_exit                                0x08100009   Thumb Code     0  rtexit.o(.ARM.Collect$$rtexit$$00000000)
    __rt_exit_ls                             0x0810000b   Thumb Code     0  rtexit2.o(.ARM.Collect$$rtexit$$00000003)
    __rt_exit_prels_1                        0x0810000b   Thumb Code     0  rtexit2.o(.ARM.Collect$$rtexit$$00000002)
    __rt_exit_exit                           0x0810000f   Thumb Code     0  rtexit2.o(.ARM.Collect$$rtexit$$00000004)
    Reset_Handler                            0x08100015   Thumb Code     8  startup_stm32h7a3xx.o(.text)
    ADC_IRQHandler                           0x0810002f   Thumb Code     0  startup_stm32h7a3xx.o(.text)
    BDMA1_IRQHandler                         0x0810002f   Thumb Code     0  startup_stm32h7a3xx.o(.text)
    BDMA2_Channel0_IRQHandler                0x0810002f   Thumb Code     0  startup_stm32h7a3xx.o(.text)
    BDMA2_Channel1_IRQHandler                0x0810002f   Thumb Code     0  startup_stm32h7a3xx.o(.text)
    BDMA2_Channel2_IRQHandler                0x0810002f   Thumb Code     0  startup_stm32h7a3xx.o(.text)
    BDMA2_Channel3_IRQHandler                0x0810002f   Thumb Code     0  startup_stm32h7a3xx.o(.text)
    BDMA2_Channel4_IRQHandler                0x0810002f   Thumb Code     0  startup_stm32h7a3xx.o(.text)
    BDMA2_Channel5_IRQHandler                0x0810002f   Thumb Code     0  startup_stm32h7a3xx.o(.text)
    BDMA2_Channel6_IRQHandler                0x0810002f   Thumb Code     0  startup_stm32h7a3xx.o(.text)
    BDMA2_Channel7_IRQHandler                0x0810002f   Thumb Code     0  startup_stm32h7a3xx.o(.text)
    CEC_IRQHandler                           0x0810002f   Thumb Code     0  startup_stm32h7a3xx.o(.text)
    COMP_IRQHandler                          0x0810002f   Thumb Code     0  startup_stm32h7a3xx.o(.text)
    CRS_IRQHandler                           0x0810002f   Thumb Code     0  startup_stm32h7a3xx.o(.text)
    DAC2_IRQHandler                          0x0810002f   Thumb Code     0  startup_stm32h7a3xx.o(.text)
    DCMI_PSSI_IRQHandler                     0x0810002f   Thumb Code     0  startup_stm32h7a3xx.o(.text)
    DFSDM1_FLT0_IRQHandler                   0x0810002f   Thumb Code     0  startup_stm32h7a3xx.o(.text)
    DFSDM1_FLT1_IRQHandler                   0x0810002f   Thumb Code     0  startup_stm32h7a3xx.o(.text)
    DFSDM1_FLT2_IRQHandler                   0x0810002f   Thumb Code     0  startup_stm32h7a3xx.o(.text)
    DFSDM1_FLT3_IRQHandler                   0x0810002f   Thumb Code     0  startup_stm32h7a3xx.o(.text)
    DFSDM1_FLT4_IRQHandler                   0x0810002f   Thumb Code     0  startup_stm32h7a3xx.o(.text)
    DFSDM1_FLT5_IRQHandler                   0x0810002f   Thumb Code     0  startup_stm32h7a3xx.o(.text)
    DFSDM1_FLT6_IRQHandler                   0x0810002f   Thumb Code     0  startup_stm32h7a3xx.o(.text)
    DFSDM1_FLT7_IRQHandler                   0x0810002f   Thumb Code     0  startup_stm32h7a3xx.o(.text)
    DFSDM2_IRQHandler                        0x0810002f   Thumb Code     0  startup_stm32h7a3xx.o(.text)
    DMA1_Stream1_IRQHandler                  0x0810002f   Thumb Code     0  startup_stm32h7a3xx.o(.text)
    DMA1_Stream3_IRQHandler                  0x0810002f   Thumb Code     0  startup_stm32h7a3xx.o(.text)
    DMA1_Stream4_IRQHandler                  0x0810002f   Thumb Code     0  startup_stm32h7a3xx.o(.text)
    DMA1_Stream5_IRQHandler                  0x0810002f   Thumb Code     0  startup_stm32h7a3xx.o(.text)
    DMA1_Stream6_IRQHandler                  0x0810002f   Thumb Code     0  startup_stm32h7a3xx.o(.text)
    DMA1_Stream7_IRQHandler                  0x0810002f   Thumb Code     0  startup_stm32h7a3xx.o(.text)
    DMA2D_IRQHandler                         0x0810002f   Thumb Code     0  startup_stm32h7a3xx.o(.text)
    DMA2_Stream0_IRQHandler                  0x0810002f   Thumb Code     0  startup_stm32h7a3xx.o(.text)
    DMA2_Stream1_IRQHandler                  0x0810002f   Thumb Code     0  startup_stm32h7a3xx.o(.text)
    DMA2_Stream2_IRQHandler                  0x0810002f   Thumb Code     0  startup_stm32h7a3xx.o(.text)
    DMA2_Stream3_IRQHandler                  0x0810002f   Thumb Code     0  startup_stm32h7a3xx.o(.text)
    DMA2_Stream4_IRQHandler                  0x0810002f   Thumb Code     0  startup_stm32h7a3xx.o(.text)
    DMA2_Stream5_IRQHandler                  0x0810002f   Thumb Code     0  startup_stm32h7a3xx.o(.text)
    DMA2_Stream6_IRQHandler                  0x0810002f   Thumb Code     0  startup_stm32h7a3xx.o(.text)
    DMA2_Stream7_IRQHandler                  0x0810002f   Thumb Code     0  startup_stm32h7a3xx.o(.text)
    DMAMUX2_OVR_IRQHandler                   0x0810002f   Thumb Code     0  startup_stm32h7a3xx.o(.text)
    DTS_IRQHandler                           0x0810002f   Thumb Code     0  startup_stm32h7a3xx.o(.text)
    ECC_IRQHandler                           0x0810002f   Thumb Code     0  startup_stm32h7a3xx.o(.text)
    EXTI0_IRQHandler                         0x0810002f   Thumb Code     0  startup_stm32h7a3xx.o(.text)
    EXTI15_10_IRQHandler                     0x0810002f   Thumb Code     0  startup_stm32h7a3xx.o(.text)
    EXTI1_IRQHandler                         0x0810002f   Thumb Code     0  startup_stm32h7a3xx.o(.text)
    EXTI2_IRQHandler                         0x0810002f   Thumb Code     0  startup_stm32h7a3xx.o(.text)
    EXTI3_IRQHandler                         0x0810002f   Thumb Code     0  startup_stm32h7a3xx.o(.text)
    EXTI4_IRQHandler                         0x0810002f   Thumb Code     0  startup_stm32h7a3xx.o(.text)
    EXTI9_5_IRQHandler                       0x0810002f   Thumb Code     0  startup_stm32h7a3xx.o(.text)
    FDCAN1_IT0_IRQHandler                    0x0810002f   Thumb Code     0  startup_stm32h7a3xx.o(.text)
    FDCAN1_IT1_IRQHandler                    0x0810002f   Thumb Code     0  startup_stm32h7a3xx.o(.text)
    FDCAN2_IT0_IRQHandler                    0x0810002f   Thumb Code     0  startup_stm32h7a3xx.o(.text)
    FDCAN2_IT1_IRQHandler                    0x0810002f   Thumb Code     0  startup_stm32h7a3xx.o(.text)
    FDCAN_CAL_IRQHandler                     0x0810002f   Thumb Code     0  startup_stm32h7a3xx.o(.text)
    FLASH_IRQHandler                         0x0810002f   Thumb Code     0  startup_stm32h7a3xx.o(.text)
    FMC_IRQHandler                           0x0810002f   Thumb Code     0  startup_stm32h7a3xx.o(.text)
    FPU_IRQHandler                           0x0810002f   Thumb Code     0  startup_stm32h7a3xx.o(.text)
    GFXMMU_IRQHandler                        0x0810002f   Thumb Code     0  startup_stm32h7a3xx.o(.text)
    HSEM1_IRQHandler                         0x0810002f   Thumb Code     0  startup_stm32h7a3xx.o(.text)
    I2C2_ER_IRQHandler                       0x0810002f   Thumb Code     0  startup_stm32h7a3xx.o(.text)
    I2C2_EV_IRQHandler                       0x0810002f   Thumb Code     0  startup_stm32h7a3xx.o(.text)
    I2C3_ER_IRQHandler                       0x0810002f   Thumb Code     0  startup_stm32h7a3xx.o(.text)
    I2C3_EV_IRQHandler                       0x0810002f   Thumb Code     0  startup_stm32h7a3xx.o(.text)
    I2C4_ER_IRQHandler                       0x0810002f   Thumb Code     0  startup_stm32h7a3xx.o(.text)
    I2C4_EV_IRQHandler                       0x0810002f   Thumb Code     0  startup_stm32h7a3xx.o(.text)
    JPEG_IRQHandler                          0x0810002f   Thumb Code     0  startup_stm32h7a3xx.o(.text)
    LPTIM1_IRQHandler                        0x0810002f   Thumb Code     0  startup_stm32h7a3xx.o(.text)
    LPTIM2_IRQHandler                        0x0810002f   Thumb Code     0  startup_stm32h7a3xx.o(.text)
    LPTIM3_IRQHandler                        0x0810002f   Thumb Code     0  startup_stm32h7a3xx.o(.text)
    LPUART1_IRQHandler                       0x0810002f   Thumb Code     0  startup_stm32h7a3xx.o(.text)
    LTDC_ER_IRQHandler                       0x0810002f   Thumb Code     0  startup_stm32h7a3xx.o(.text)
    LTDC_IRQHandler                          0x0810002f   Thumb Code     0  startup_stm32h7a3xx.o(.text)
    MDIOS_IRQHandler                         0x0810002f   Thumb Code     0  startup_stm32h7a3xx.o(.text)
    MDIOS_WKUP_IRQHandler                    0x0810002f   Thumb Code     0  startup_stm32h7a3xx.o(.text)
    MDMA_IRQHandler                          0x0810002f   Thumb Code     0  startup_stm32h7a3xx.o(.text)
    OCTOSPI1_IRQHandler                      0x0810002f   Thumb Code     0  startup_stm32h7a3xx.o(.text)
    OCTOSPI2_IRQHandler                      0x0810002f   Thumb Code     0  startup_stm32h7a3xx.o(.text)
    OTG_HS_EP1_IN_IRQHandler                 0x0810002f   Thumb Code     0  startup_stm32h7a3xx.o(.text)
    OTG_HS_EP1_OUT_IRQHandler                0x0810002f   Thumb Code     0  startup_stm32h7a3xx.o(.text)
    OTG_HS_IRQHandler                        0x0810002f   Thumb Code     0  startup_stm32h7a3xx.o(.text)
    OTG_HS_WKUP_IRQHandler                   0x0810002f   Thumb Code     0  startup_stm32h7a3xx.o(.text)
    PVD_PVM_IRQHandler                       0x0810002f   Thumb Code     0  startup_stm32h7a3xx.o(.text)
    RCC_IRQHandler                           0x0810002f   Thumb Code     0  startup_stm32h7a3xx.o(.text)
    RNG_IRQHandler                           0x0810002f   Thumb Code     0  startup_stm32h7a3xx.o(.text)
    RTC_Alarm_IRQHandler                     0x0810002f   Thumb Code     0  startup_stm32h7a3xx.o(.text)
    RTC_TAMP_STAMP_CSS_LSE_IRQHandler        0x0810002f   Thumb Code     0  startup_stm32h7a3xx.o(.text)
    RTC_WKUP_IRQHandler                      0x0810002f   Thumb Code     0  startup_stm32h7a3xx.o(.text)
    SAI1_IRQHandler                          0x0810002f   Thumb Code     0  startup_stm32h7a3xx.o(.text)
    SAI2_IRQHandler                          0x0810002f   Thumb Code     0  startup_stm32h7a3xx.o(.text)
    SDMMC1_IRQHandler                        0x0810002f   Thumb Code     0  startup_stm32h7a3xx.o(.text)
    SDMMC2_IRQHandler                        0x0810002f   Thumb Code     0  startup_stm32h7a3xx.o(.text)
    SPDIF_RX_IRQHandler                      0x0810002f   Thumb Code     0  startup_stm32h7a3xx.o(.text)
    SPI1_IRQHandler                          0x0810002f   Thumb Code     0  startup_stm32h7a3xx.o(.text)
    SPI2_IRQHandler                          0x0810002f   Thumb Code     0  startup_stm32h7a3xx.o(.text)
    SPI3_IRQHandler                          0x0810002f   Thumb Code     0  startup_stm32h7a3xx.o(.text)
    SPI4_IRQHandler                          0x0810002f   Thumb Code     0  startup_stm32h7a3xx.o(.text)
    SPI5_IRQHandler                          0x0810002f   Thumb Code     0  startup_stm32h7a3xx.o(.text)
    SPI6_IRQHandler                          0x0810002f   Thumb Code     0  startup_stm32h7a3xx.o(.text)
    SWPMI1_IRQHandler                        0x0810002f   Thumb Code     0  startup_stm32h7a3xx.o(.text)
    TIM15_IRQHandler                         0x0810002f   Thumb Code     0  startup_stm32h7a3xx.o(.text)
    TIM16_IRQHandler                         0x0810002f   Thumb Code     0  startup_stm32h7a3xx.o(.text)
    TIM17_IRQHandler                         0x0810002f   Thumb Code     0  startup_stm32h7a3xx.o(.text)
    TIM1_BRK_IRQHandler                      0x0810002f   Thumb Code     0  startup_stm32h7a3xx.o(.text)
    TIM1_CC_IRQHandler                       0x0810002f   Thumb Code     0  startup_stm32h7a3xx.o(.text)
    TIM1_TRG_COM_IRQHandler                  0x0810002f   Thumb Code     0  startup_stm32h7a3xx.o(.text)
    TIM2_IRQHandler                          0x0810002f   Thumb Code     0  startup_stm32h7a3xx.o(.text)
    TIM3_IRQHandler                          0x0810002f   Thumb Code     0  startup_stm32h7a3xx.o(.text)
    TIM4_IRQHandler                          0x0810002f   Thumb Code     0  startup_stm32h7a3xx.o(.text)
    TIM5_IRQHandler                          0x0810002f   Thumb Code     0  startup_stm32h7a3xx.o(.text)
    TIM6_DAC_IRQHandler                      0x0810002f   Thumb Code     0  startup_stm32h7a3xx.o(.text)
    TIM7_IRQHandler                          0x0810002f   Thumb Code     0  startup_stm32h7a3xx.o(.text)
    TIM8_BRK_TIM12_IRQHandler                0x0810002f   Thumb Code     0  startup_stm32h7a3xx.o(.text)
    TIM8_CC_IRQHandler                       0x0810002f   Thumb Code     0  startup_stm32h7a3xx.o(.text)
    TIM8_TRG_COM_TIM14_IRQHandler            0x0810002f   Thumb Code     0  startup_stm32h7a3xx.o(.text)
    TIM8_UP_TIM13_IRQHandler                 0x0810002f   Thumb Code     0  startup_stm32h7a3xx.o(.text)
    UART4_IRQHandler                         0x0810002f   Thumb Code     0  startup_stm32h7a3xx.o(.text)
    UART5_IRQHandler                         0x0810002f   Thumb Code     0  startup_stm32h7a3xx.o(.text)
    UART7_IRQHandler                         0x0810002f   Thumb Code     0  startup_stm32h7a3xx.o(.text)
    UART8_IRQHandler                         0x0810002f   Thumb Code     0  startup_stm32h7a3xx.o(.text)
    UART9_IRQHandler                         0x0810002f   Thumb Code     0  startup_stm32h7a3xx.o(.text)
    USART10_IRQHandler                       0x0810002f   Thumb Code     0  startup_stm32h7a3xx.o(.text)
    USART1_IRQHandler                        0x0810002f   Thumb Code     0  startup_stm32h7a3xx.o(.text)
    USART2_IRQHandler                        0x0810002f   Thumb Code     0  startup_stm32h7a3xx.o(.text)
    USART3_IRQHandler                        0x0810002f   Thumb Code     0  startup_stm32h7a3xx.o(.text)
    USART6_IRQHandler                        0x0810002f   Thumb Code     0  startup_stm32h7a3xx.o(.text)
    WAKEUP_PIN_IRQHandler                    0x0810002f   Thumb Code     0  startup_stm32h7a3xx.o(.text)
    WWDG_IRQHandler                          0x0810002f   Thumb Code     0  startup_stm32h7a3xx.o(.text)
    __user_initial_stackheap                 0x08100031   Thumb Code     0  startup_stm32h7a3xx.o(.text)
    __use_two_region_memory                  0x08100055   Thumb Code     2  heapauxi.o(.text)
    __rt_heap_escrow$2region                 0x08100057   Thumb Code     2  heapauxi.o(.text)
    __rt_heap_expand$2region                 0x08100059   Thumb Code     2  heapauxi.o(.text)
    __user_setup_stackheap                   0x0810005b   Thumb Code    74  sys_stackheap_outer.o(.text)
    exit                                     0x081000a5   Thumb Code    18  exit.o(.text)
    __user_libspace                          0x081000b9   Thumb Code     8  libspace.o(.text)
    __user_perproc_libspace                  0x081000b9   Thumb Code     0  libspace.o(.text)
    __user_perthread_libspace                0x081000b9   Thumb Code     0  libspace.o(.text)
    _sys_exit                                0x081000c1   Thumb Code     8  sys_exit.o(.text)
    __I$use$semihosting                      0x081000cd   Thumb Code     0  use_no_semi.o(.text)
    __use_no_semihosting_swi                 0x081000cd   Thumb Code     2  use_no_semi.o(.text)
    __semihosting_library_function           0x081000cf   Thumb Code     0  indicate_semi.o(.text)
    BusFault_Handler                         0x081000d1   Thumb Code     4  stm32h7xx_it.o(.text.BusFault_Handler)
    DMA1_Stream2_IRQHandler                  0x081000d9   Thumb Code    16  stm32h7xx_it.o(.text.DMA1_Stream2_IRQHandler)
    HAL_DMA_Abort_IT                         0x081001d9   Thumb Code  1706  stm32h7xx_hal_dma.o(.text.HAL_DMA_Abort_IT)
    HAL_DMA_IRQHandler                       0x08100889   Thumb Code  4728  stm32h7xx_hal_dma.o(.text.HAL_DMA_IRQHandler)
    HAL_GPIO_Init                            0x08101b01   Thumb Code   964  stm32h7xx_hal_gpio.o(.text.HAL_GPIO_Init)
    HAL_GPIO_WritePin                        0x08101ec9   Thumb Code    46  stm32h7xx_hal_gpio.o(.text.HAL_GPIO_WritePin)
    HAL_GetTick                              0x08101ef9   Thumb Code    12  stm32h7xx_hal.o(.text.HAL_GetTick)
    HAL_I2CEx_ConfigAnalogFilter             0x08101f09   Thumb Code   152  stm32h7xx_hal_i2c_ex.o(.text.HAL_I2CEx_ConfigAnalogFilter)
    HAL_I2C_AbortCpltCallback                0x08101fa1   Thumb Code     8  stm32h7xx_hal_i2c.o(.text.HAL_I2C_AbortCpltCallback)
    HAL_I2C_ER_IRQHandler                    0x08101fa9   Thumb Code   208  stm32h7xx_hal_i2c.o(.text.HAL_I2C_ER_IRQHandler)
    HAL_I2C_ListenCpltCallback               0x08102079   Thumb Code     8  stm32h7xx_hal_i2c.o(.text.HAL_I2C_ListenCpltCallback)
    HAL_I2C_MspInit                          0x08102081   Thumb Code   290  stm32h7xx_hal_msp.o(.text.HAL_I2C_MspInit)
    HAL_I2C_SlaveTxCpltCallback              0x081021a9   Thumb Code     8  stm32h7xx_hal_i2c.o(.text.HAL_I2C_SlaveTxCpltCallback)
    HAL_InitTick                             0x081021b1   Thumb Code   134  stm32h7xx_hal.o(.text.HAL_InitTick)
    HAL_NVIC_EnableIRQ                       0x08102239   Thumb Code    20  stm32h7xx_hal_cortex.o(.text.HAL_NVIC_EnableIRQ)
    HAL_NVIC_SetPriorityGrouping             0x08102251   Thumb Code    16  stm32h7xx_hal_cortex.o(.text.HAL_NVIC_SetPriorityGrouping)
    HAL_PWREx_ConfigSupply                   0x08102261   Thumb Code   162  stm32h7xx_hal_pwr_ex.o(.text.HAL_PWREx_ConfigSupply)
    HAL_RCCEx_GetD3PCLK1Freq                 0x08102309   Thumb Code    38  stm32h7xx_hal_rcc_ex.o(.text.HAL_RCCEx_GetD3PCLK1Freq)
    HAL_RCCEx_GetPLL3ClockFreq               0x08102331   Thumb Code   684  stm32h7xx_hal_rcc_ex.o(.text.HAL_RCCEx_GetPLL3ClockFreq)
    HAL_RCC_GetPCLK1Freq                     0x081025e1   Thumb Code    38  stm32h7xx_hal_rcc.o(.text.HAL_RCC_GetPCLK1Freq)
    HAL_RCC_OscConfig                        0x08102609   Thumb Code  2736  stm32h7xx_hal_rcc.o(.text.HAL_RCC_OscConfig)
    HAL_SYSTICK_Config                       0x081030b9   Thumb Code    16  stm32h7xx_hal_cortex.o(.text.HAL_SYSTICK_Config)
    HAL_TIMEx_Break2Callback                 0x081030c9   Thumb Code     8  stm32h7xx_hal_tim_ex.o(.text.HAL_TIMEx_Break2Callback)
    HAL_TIMEx_CommutCallback                 0x081030d1   Thumb Code     8  stm32h7xx_hal_tim_ex.o(.text.HAL_TIMEx_CommutCallback)
    HAL_TIMEx_MasterConfigSynchronization    0x081030d9   Thumb Code   344  stm32h7xx_hal_tim_ex.o(.text.HAL_TIMEx_MasterConfigSynchronization)
    HAL_TIM_Base_Init                        0x08103231   Thumb Code   168  stm32h7xx_hal_tim.o(.text.HAL_TIM_Base_Init)
    HAL_TIM_ConfigClockSource                0x081032d9   Thumb Code   464  stm32h7xx_hal_tim.o(.text.HAL_TIM_ConfigClockSource)
    HAL_TIM_IC_Init                          0x081034a9   Thumb Code   168  stm32h7xx_hal_tim.o(.text.HAL_TIM_IC_Init)
    HAL_TIM_IC_MspInit                       0x08103551   Thumb Code     8  stm32h7xx_hal_tim.o(.text.HAL_TIM_IC_MspInit)
    HAL_TIM_IRQHandler                       0x08103559   Thumb Code   692  stm32h7xx_hal_tim.o(.text.HAL_TIM_IRQHandler)
    HAL_TIM_OC_DelayElapsedCallback          0x08103811   Thumb Code     8  stm32h7xx_hal_tim.o(.text.HAL_TIM_OC_DelayElapsedCallback)
    HAL_TIM_PWM_ConfigChannel                0x08103819   Thumb Code   432  stm32h7xx_hal_tim.o(.text.HAL_TIM_PWM_ConfigChannel)
    HAL_TIM_PeriodElapsedCallback            0x081039c9   Thumb Code     8  stm32h7xx_hal_tim.o(.text.HAL_TIM_PeriodElapsedCallback)
    HAL_UARTEx_SetTxFifoThreshold            0x081039d1   Thumb Code   140  stm32h7xx_hal_uart_ex.o(.text.HAL_UARTEx_SetTxFifoThreshold)
    HAL_UART_MspInit                         0x08103a61   Thumb Code   398  stm32h7xx_hal_msp.o(.text.HAL_UART_MspInit)
    I2C1_EV_IRQHandler                       0x08103bf1   Thumb Code    16  stm32h7xx_it.o(.text.I2C1_EV_IRQHandler)
    SystemClock_Config                       0x08104be9   Thumb Code   216  main.o(.text.SystemClock_Config)
    SystemInit                               0x08104cc1   Thumb Code   314  system_stm32h7xx.o(.text.SystemInit)
    TIM_TI1_SetConfig                        0x081050d1   Thumb Code   278  stm32h7xx_hal_tim.o(.text.TIM_TI1_SetConfig)
    UART_AdvFeatureConfig                    0x081052c9   Thumb Code   328  stm32h7xx_hal_uart.o(.text.UART_AdvFeatureConfig)
    _fp_init                                 0x081054e1   Thumb Code    26  fpinit.o(x$fpl$fpinit)
    __fplib_config_fpu_vfp                   0x081054f9   Thumb Code     0  fpinit.o(x$fpl$fpinit)
    __fplib_config_pureend_doubles           0x081054f9   Thumb Code     0  fpinit.o(x$fpl$fpinit)
    D1CorePrescTable                         0x081054fa   Data          16  system_stm32h7xx.o(.rodata.D1CorePrescTable)
    SystemCoreClock                          0x24000000   Data           4  system_stm32h7xx.o(.data.SystemCoreClock)
    SystemD2Clock                            0x24000004   Data           4  system_stm32h7xx.o(.data.SystemD2Clock)
    uwTickFreq                               0x24000008   Data           1  stm32h7xx_hal.o(.data.uwTickFreq)
    uwTickPrio                               0x2400000c   Data           4  stm32h7xx_hal.o(.data.uwTickPrio)
    __libspace_start                         0x24000010   Data          96  libspace.o(.bss)
    __temporary_stack_top$libspace           0x24000070   Data           0  libspace.o(.bss)
    hdma_i2c1_rx                             0x24000070   Data         120  main.o(.bss.hdma_i2c1_rx)
    hdma_usart1_rx                           0x240000e8   Data         120  main.o(.bss.hdma_usart1_rx)
    hi2c1                                    0x24000160   Data          84  main.o(.bss.hi2c1)
    htim1                                    0x240001b4   Data          76  main.o(.bss.htim1)
    htim2                                    0x24000200   Data          76  main.o(.bss.htim2)
    htim3                                    0x2400024c   Data          76  main.o(.bss.htim3)
    htim5                                    0x24000298   Data          76  main.o(.bss.htim5)
    htim8                                    0x240002e4   Data          76  main.o(.bss.htim8)
    huart1                                   0x24000330   Data         148  main.o(.bss.huart1)
    huart4                                   0x240003c4   Data         148  main.o(.bss.huart4)
    uwTick                                   0x24000458   Data           4  stm32h7xx_hal.o(.bss.uwTick)



==============================================================================

Memory Map of the image

  Image Entry point : 0x080002ad

  Load Region LR_IROM1 (Base: 0x08000000, Size: 0x00005600, Max: 0x00080000, ABSOLUTE)

    Execution Region ER_IROM1 (Exec base: 0x08000000, Load base: 0x08000000, Size: 0x000055ec, Max: 0x00080000, ABSOLUTE)

    Exec Addr    Load Addr    Size         Type   Attr      Idx    E Section Name        Object

    0x08000000   0x08000000   0x000002ac   Data   RO            3    RESET               startup_stm32h7a3xx.o
    0x080002ac   0x080002ac   0x00000008   Code   RO         1582  * !!!main             c_w.l(__main.o)
    0x080002b4   0x080002b4   0x00000034   Code   RO         1757    !!!scatter          c_w.l(__scatter.o)
    0x080002e8   0x080002e8   0x0000001a   Code   RO         1759    !!handler_copy      c_w.l(__scatter_copy.o)
    0x08000302   0x08000302   0x00000002   PAD
    0x08000304   0x08000304   0x0000001c   Code   RO         1761    !!handler_zi        c_w.l(__scatter_zi.o)
    0x08000320   0x08000320   0x00000002   Code   RO         1712    .ARM.Collect$$libshutdown$$00000000  c_w.l(libshutdown.o)
    0x08000322   0x08000322   0x00000000   Code   RO         1740    .ARM.Collect$$libshutdown$$00000002  c_w.l(libshutdown2.o)
    0x08000322   0x08000322   0x00000000   Code   RO         1742    .ARM.Collect$$libshutdown$$00000004  c_w.l(libshutdown2.o)
    0x08000322   0x08000322   0x00000000   Code   RO         1745    .ARM.Collect$$libshutdown$$00000007  c_w.l(libshutdown2.o)
    0x08000322   0x08000322   0x00000000   Code   RO         1748    .ARM.Collect$$libshutdown$$0000000A  c_w.l(libshutdown2.o)
    0x08000322   0x08000322   0x00000000   Code   RO         1750    .ARM.Collect$$libshutdown$$0000000C  c_w.l(libshutdown2.o)
    0x08000322   0x08000322   0x00000000   Code   RO         1753    .ARM.Collect$$libshutdown$$0000000F  c_w.l(libshutdown2.o)
    0x08000322   0x08000322   0x00000002   Code   RO         1754    .ARM.Collect$$libshutdown$$00000010  c_w.l(libshutdown2.o)
    0x08000324   0x08000324   0x00000000   Code   RO         1584    .ARM.Collect$$rtentry$$00000000  c_w.l(__rtentry.o)
    0x08000324   0x08000324   0x00000000   Code   RO         1590    .ARM.Collect$$rtentry$$00000002  c_w.l(__rtentry2.o)
    0x08000324   0x08000324   0x00000006   Code   RO         1602    .ARM.Collect$$rtentry$$00000004  c_w.l(__rtentry4.o)
    0x0800032a   0x0800032a   0x00000000   Code   RO         1592    .ARM.Collect$$rtentry$$00000009  c_w.l(__rtentry2.o)
    0x0800032a   0x0800032a   0x00000004   Code   RO         1593    .ARM.Collect$$rtentry$$0000000A  c_w.l(__rtentry2.o)
    0x0800032e   0x0800032e   0x00000000   Code   RO         1595    .ARM.Collect$$rtentry$$0000000C  c_w.l(__rtentry2.o)
    0x0800032e   0x0800032e   0x00000008   Code   RO         1596    .ARM.Collect$$rtentry$$0000000D  c_w.l(__rtentry2.o)
    0x08000336   0x08000336   0x000000f0   Code   RO         1576    .text               c_w.l(lludivv7m.o)
    0x08000426   0x08000426   0x0000004e   Code   RO         1578    .text               c_w.l(rt_memclr_w.o)
    0x08000474   0x08000474   0x00000004   PAD
    0x08000478   0x08000478   0x00000010   Code   RO           73    .text.DMA1_Stream0_IRQHandler  stm32h7xx_it.o
    0x08000488   0x08000488   0x00000002   Code   RO           83    .text.DMAMUX1_OVR_IRQHandler  stm32h7xx_it.o
    0x0800048a   0x0800048a   0x00000006   PAD
    0x08000490   0x08000490   0x000001ca   Code   RO          443    .text.DMA_CalcBaseAndBitshift  stm32h7xx_hal_dma.o
    0x0800065a   0x0800065a   0x00000006   PAD
    0x08000660   0x08000660   0x00000178   Code   RO          445    .text.DMA_CalcDMAMUXChannelBaseAndMask  stm32h7xx_hal_dma.o
    0x080007d8   0x080007d8   0x0000012a   Code   RO          447    .text.DMA_CalcDMAMUXRequestGenBaseAndMask  stm32h7xx_hal_dma.o
    0x08000902   0x08000902   0x00000006   PAD
    0x08000908   0x08000908   0x00000002   Code   RO           67    .text.DebugMon_Handler  stm32h7xx_it.o
    0x0800090a   0x0800090a   0x00000006   PAD
    0x08000910   0x08000910   0x0000000e   Code   RO           35    .text.Error_Handler  main.o
    0x0800091e   0x0800091e   0x00000002   PAD
    0x08000920   0x08000920   0x0000000e   Code   RO          469    .text.HAL_DMA_GetState  stm32h7xx_hal_dma.o
    0x0800092e   0x0800092e   0x00000002   PAD
    0x08000930   0x08000930   0x00000a18   Code   RO          439    .text.HAL_DMA_Init  stm32h7xx_hal_dma.o
    0x08001348   0x08001348   0x000000aa   Code   RO         1378    .text.HAL_HalfDuplex_Init  stm32h7xx_hal_uart.o
    0x080013f2   0x080013f2   0x00000006   PAD
    0x080013f8   0x080013f8   0x000000a2   Code   RO          974    .text.HAL_I2CEx_ConfigDigitalFilter  stm32h7xx_hal_i2c_ex.o
    0x0800149a   0x0800149a   0x00000006   PAD
    0x080014a0   0x080014a0   0x00000010   Code   RO          931    .text.HAL_I2C_AddrCallback  stm32h7xx_hal_i2c.o
    0x080014b0   0x080014b0   0x0000002e   Code   RO          917    .text.HAL_I2C_EV_IRQHandler  stm32h7xx_hal_i2c.o
    0x080014de   0x080014de   0x00000002   PAD
    0x080014e0   0x080014e0   0x00000008   Code   RO          939    .text.HAL_I2C_ErrorCallback  stm32h7xx_hal_i2c.o
    0x080014e8   0x080014e8   0x00000104   Code   RO          803    .text.HAL_I2C_Init  stm32h7xx_hal_i2c.o
    0x080015ec   0x080015ec   0x00000004   PAD
    0x080015f0   0x080015f0   0x00000008   Code   RO          929    .text.HAL_I2C_SlaveRxCpltCallback  stm32h7xx_hal_i2c.o
    0x080015f8   0x080015f8   0x0000001a   Code   RO          705    .text.HAL_IncTick   stm32h7xx_hal.o
    0x08001612   0x08001612   0x00000006   PAD
    0x08001618   0x08001618   0x0000007a   Code   RO          695    .text.HAL_Init      stm32h7xx_hal.o
    0x08001692   0x08001692   0x00000006   PAD
    0x08001698   0x08001698   0x00000024   Code   RO           92    .text.HAL_MspInit   stm32h7xx_hal_msp.o
    0x080016bc   0x080016bc   0x00000004   PAD
    0x080016c0   0x080016c0   0x0000002e   Code   RO          119    .text.HAL_NVIC_SetPriority  stm32h7xx_hal_cortex.o
    0x080016ee   0x080016ee   0x00000002   PAD
    0x080016f0   0x080016f0   0x000002ac   Code   RO          235    .text.HAL_RCCEx_GetPLL2ClockFreq  stm32h7xx_hal_rcc_ex.o
    0x0800199c   0x0800199c   0x00000004   PAD
    0x080019a0   0x080019a0   0x0000101a   Code   RO          223    .text.HAL_RCCEx_PeriphCLKConfig  stm32h7xx_hal_rcc_ex.o
    0x080029ba   0x080029ba   0x00000006   PAD
    0x080029c0   0x080029c0   0x00000498   Code   RO          192    .text.HAL_RCC_ClockConfig  stm32h7xx_hal_rcc.o
    0x08002e58   0x08002e58   0x00000056   Code   RO          202    .text.HAL_RCC_GetHCLKFreq  stm32h7xx_hal_rcc.o
    0x08002eae   0x08002eae   0x00000002   PAD
    0x08002eb0   0x08002eb0   0x00000026   Code   RO          206    .text.HAL_RCC_GetPCLK2Freq  stm32h7xx_hal_rcc.o
    0x08002ed6   0x08002ed6   0x00000002   PAD
    0x08002ed8   0x08002ed8   0x00000310   Code   RO          194    .text.HAL_RCC_GetSysClockFreq  stm32h7xx_hal_rcc.o
    0x080031e8   0x080031e8   0x00000008   Code   RO         1353    .text.HAL_TIMEx_BreakCallback  stm32h7xx_hal_tim_ex.o
    0x080031f0   0x080031f0   0x00000160   Code   RO           98    .text.HAL_TIM_Base_MspInit  stm32h7xx_hal_msp.o
    0x08003350   0x08003350   0x00000008   Code   RO         1152    .text.HAL_TIM_IC_CaptureCallback  stm32h7xx_hal_tim.o
    0x08003358   0x08003358   0x00000130   Code   RO         1176    .text.HAL_TIM_IC_ConfigChannel  stm32h7xx_hal_tim.o
    0x08003488   0x08003488   0x000000a6   Code   RO          100    .text.HAL_TIM_MspPostInit  stm32h7xx_hal_msp.o
    0x0800352e   0x0800352e   0x00000002   PAD
    0x08003530   0x08003530   0x000000a8   Code   RO         1070    .text.HAL_TIM_PWM_Init  stm32h7xx_hal_tim.o
    0x080035d8   0x080035d8   0x00000008   Code   RO         1072    .text.HAL_TIM_PWM_MspInit  stm32h7xx_hal_tim.o
    0x080035e0   0x080035e0   0x00000008   Code   RO         1156    .text.HAL_TIM_PWM_PulseFinishedCallback  stm32h7xx_hal_tim.o
    0x080035e8   0x080035e8   0x00000008   Code   RO         1160    .text.HAL_TIM_TriggerCallback  stm32h7xx_hal_tim.o
    0x080035f0   0x080035f0   0x0000007c   Code   RO         1538    .text.HAL_UARTEx_DisableFifoMode  stm32h7xx_hal_uart_ex.o
    0x0800366c   0x0800366c   0x00000004   PAD
    0x08003670   0x08003670   0x0000008c   Code   RO         1542    .text.HAL_UARTEx_SetRxFifoThreshold  stm32h7xx_hal_uart_ex.o
    0x080036fc   0x080036fc   0x00000004   PAD
    0x08003700   0x08003700   0x000000aa   Code   RO         1368    .text.HAL_UART_Init  stm32h7xx_hal_uart.o
    0x080037aa   0x080037aa   0x00000006   PAD
    0x080037b0   0x080037b0   0x00000004   Code   RO           57    .text.HardFault_Handler  stm32h7xx_it.o
    0x080037b4   0x080037b4   0x00000004   PAD
    0x080037b8   0x080037b8   0x00000010   Code   RO           81    .text.I2C1_ER_IRQHandler  stm32h7xx_it.o
    0x080037c8   0x080037c8   0x000000cc   Code   RO          901    .text.I2C_Disable_IRQ  stm32h7xx_hal_i2c.o
    0x08003894   0x08003894   0x00000004   PAD
    0x08003898   0x08003898   0x0000012c   Code   RO          959    .text.I2C_ITAddrCplt  stm32h7xx_hal_i2c.o
    0x080039c4   0x080039c4   0x00000004   PAD
    0x080039c8   0x080039c8   0x0000009c   Code   RO          955    .text.I2C_ITListenCplt  stm32h7xx_hal_i2c.o
    0x08003a64   0x08003a64   0x00000004   PAD
    0x08003a68   0x08003a68   0x00000246   Code   RO          841    .text.I2C_Slave_ISR_IT  stm32h7xx_hal_i2c.o
    0x08003cae   0x08003cae   0x00000002   PAD
    0x08003cb0   0x08003cb0   0x0000008c   Code   RO           19    .text.MX_TIM1_Init  main.o
    0x08003d3c   0x08003d3c   0x00000004   PAD
    0x08003d40   0x08003d40   0x0000008e   Code   RO           29    .text.MX_USART1_UART_Init  main.o
    0x08003dce   0x08003dce   0x00000002   PAD
    0x08003dd0   0x08003dd0   0x00000004   Code   RO           59    .text.MemManage_Handler  stm32h7xx_it.o
    0x08003dd4   0x08003dd4   0x00000004   PAD
    0x08003dd8   0x08003dd8   0x00000004   Code   RO           55    .text.NMI_Handler   stm32h7xx_it.o
    0x08003ddc   0x08003ddc   0x00000004   PAD
    0x08003de0   0x08003de0   0x0000006c   Code   RO          125    .text.NVIC_EncodePriority  stm32h7xx_hal_cortex.o
    0x08003e4c   0x08003e4c   0x00000004   PAD
    0x08003e50   0x08003e50   0x00000002   Code   RO           69    .text.PendSV_Handler  stm32h7xx_it.o
    0x08003e52   0x08003e52   0x00000006   PAD
    0x08003e58   0x08003e58   0x000001ca   Code   RO          225    .text.RCCEx_PLL2_Config  stm32h7xx_hal_rcc_ex.o
    0x08004022   0x08004022   0x00000006   PAD
    0x08004028   0x08004028   0x00000002   Code   RO           65    .text.SVC_Handler   stm32h7xx_it.o
    0x0800402a   0x0800402a   0x00000006   PAD
    0x08004030   0x08004030   0x00000052   Code   RO          141    .text.SysTick_Config  stm32h7xx_hal_cortex.o
    0x08004082   0x08004082   0x00000006   PAD
    0x08004088   0x08004088   0x00000008   Code   RO           71    .text.SysTick_Handler  stm32h7xx_it.o
    0x08004090   0x08004090   0x00000010   Code   RO           77    .text.TIM1_UP_IRQHandler  stm32h7xx_it.o
    0x080040a0   0x080040a0   0x0000019a   Code   RO         1020    .text.TIM_Base_SetConfig  stm32h7xx_hal_tim.o
    0x0800423a   0x0800423a   0x00000006   PAD
    0x08004240   0x08004240   0x00000034   Code   RO         1210    .text.TIM_ETR_SetConfig  stm32h7xx_hal_tim.o
    0x08004274   0x08004274   0x00000004   PAD
    0x08004278   0x08004278   0x00000150   Code   RO         1164    .text.TIM_OC1_SetConfig  stm32h7xx_hal_tim.o
    0x080043c8   0x080043c8   0x0000016c   Code   RO         1166    .text.TIM_OC2_SetConfig  stm32h7xx_hal_tim.o
    0x08004534   0x08004534   0x00000004   PAD
    0x08004538   0x08004538   0x000000d0   Code   RO         1172    .text.TIM_OC5_SetConfig  stm32h7xx_hal_tim.o
    0x08004608   0x08004608   0x000000d2   Code   RO         1174    .text.TIM_OC6_SetConfig  stm32h7xx_hal_tim.o
    0x080046da   0x080046da   0x00000006   PAD
    0x080046e0   0x080046e0   0x00000052   Code   RO         1218    .text.TIM_TI2_ConfigInputStage  stm32h7xx_hal_tim.o
    0x08004732   0x08004732   0x00000006   PAD
    0x08004738   0x08004738   0x0000006c   Code   RO         1184    .text.TIM_TI4_SetConfig  stm32h7xx_hal_tim.o
    0x080047a4   0x080047a4   0x00000004   PAD
    0x080047a8   0x080047a8   0x00000086   Code   RO         1536    .text.UARTEx_SetNbDataToProcess  stm32h7xx_hal_uart_ex.o
    0x0800482e   0x0800482e   0x00000002   PAD
    0x08004830   0x08004830   0x00000146   Code   RO         1376    .text.UART_CheckIdleState  stm32h7xx_hal_uart.o
    0x08004976   0x08004976   0x00000002   PAD
    0x08004978   0x08004978   0x00000a4e   Code   RO         1372    .text.UART_SetConfig  stm32h7xx_hal_uart.o
    0x080053c6   0x080053c6   0x00000002   PAD
    0x080053c8   0x080053c8   0x000000fc   Code   RO         1390    .text.UART_WaitOnFlagUntilTimeout  stm32h7xx_hal_uart.o
    0x080054c4   0x080054c4   0x00000004   PAD
    0x080054c8   0x080054c8   0x00000004   Code   RO           63    .text.UsageFault_Handler  stm32h7xx_it.o
    0x080054cc   0x080054cc   0x00000004   PAD
    0x080054d0   0x080054d0   0x00000010   Code   RO          121    .text.__NVIC_GetPriorityGrouping  stm32h7xx_hal_cortex.o
    0x080054e0   0x080054e0   0x00000042   Code   RO          123    .text.__NVIC_SetPriority  stm32h7xx_hal_cortex.o
    0x08005522   0x08005522   0x00000006   PAD
    0x08005528   0x08005528   0x0000003c   Code   RO          117    .text.__NVIC_SetPriorityGrouping  stm32h7xx_hal_cortex.o
    0x08005564   0x08005564   0x00000004   PAD
    0x08005568   0x08005568   0x0000003c   Code   RO           11    .text.main          main.o
    0x080055a4   0x080055a4   0x00000008   Data   RO          473    .rodata.DMA_CalcBaseAndBitshift.flagBitshiftOffset  stm32h7xx_hal_dma.o
    0x080055ac   0x080055ac   0x00000008   Data   RO         1552    .rodata.UARTEx_SetNbDataToProcess.numerator  stm32h7xx_hal_uart_ex.o
    0x080055b4   0x080055b4   0x00000018   Data   RO         1508    .rodata.UARTPrescTable  stm32h7xx_hal_uart.o
    0x080055cc   0x080055cc   0x00000020   Data   RO         1756    Region$$Table       anon$$obj.o


    Execution Region RW_IRAM1 (Exec base: 0x20000000, Load base: 0x080055ec, Size: 0x00000000, Max: 0x00020000, ABSOLUTE)

    **** No section assigned to this execution region ****


    Execution Region RW_IRAM2 (Exec base: 0x24000000, Load base: 0x080055f0, Size: 0x00000a60, Max: 0x00100000, ABSOLUTE)

    Exec Addr    Load Addr    Size         Type   Attr      Idx    E Section Name        Object

    0x24000000   0x080055f0   0x00000004   Data   RW         1565    .data.SystemCoreClock  system_stm32h7xx.o
    0x24000004   0x080055f4   0x00000004   Data   RW         1566    .data.SystemD2Clock  system_stm32h7xx.o
    0x24000008   0x080055f8   0x00000001   Data   RW          794    .data.uwTickFreq    stm32h7xx_hal.o
    0x24000009   0x080055f9   0x00000003   PAD
    0x2400000c   0x080055fc   0x00000004   Data   RW          793    .data.uwTickPrio    stm32h7xx_hal.o
    0x24000010        -       0x00000060   Zero   RW         1621    .bss                c_w.l(libspace.o)
    0x24000070        -       0x00000078   Zero   RW           38    .bss.hdma_i2c1_rx   main.o
    0x240000e8        -       0x00000078   Zero   RW           46    .bss.hdma_usart1_rx  main.o
    0x24000160        -       0x00000054   Zero   RW           37    .bss.hi2c1          main.o
    0x240001b4        -       0x0000004c   Zero   RW           39    .bss.htim1          main.o
    0x24000200        -       0x0000004c   Zero   RW           40    .bss.htim2          main.o
    0x2400024c        -       0x0000004c   Zero   RW           41    .bss.htim3          main.o
    0x24000298        -       0x0000004c   Zero   RW           42    .bss.htim5          main.o
    0x240002e4        -       0x0000004c   Zero   RW           43    .bss.htim8          main.o
    0x24000330        -       0x00000094   Zero   RW           45    .bss.huart1         main.o
    0x240003c4        -       0x00000094   Zero   RW           44    .bss.huart4         main.o
    0x24000458        -       0x00000004   Zero   RW          795    .bss.uwTick         stm32h7xx_hal.o
    0x2400045c   0x08005600   0x00000004   PAD
    0x24000460        -       0x00000200   Zero   RW            2    HEAP                startup_stm32h7a3xx.o
    0x24000660        -       0x00000400   Zero   RW            1    STACK               startup_stm32h7a3xx.o



  Load Region LR_IROM2 (Base: 0x08100000, Size: 0x00005514, Max: 0x00080000, ABSOLUTE)

    Execution Region ER_IROM2 (Exec base: 0x08100000, Load base: 0x08100000, Size: 0x00005514, Max: 0x00080000, ABSOLUTE)

    Exec Addr    Load Addr    Size         Type   Attr      Idx    E Section Name        Object

    0x08100000   0x08100000   0x00000002   Code   RO         1619    .ARM.Collect$$libinit$$00000000  c_w.l(libinit.o)
    0x08100002   0x08100002   0x00000004   Code   RO         1631    .ARM.Collect$$libinit$$00000001  c_w.l(libinit2.o)
    0x08100006   0x08100006   0x00000000   Code   RO         1634    .ARM.Collect$$libinit$$00000004  c_w.l(libinit2.o)
    0x08100006   0x08100006   0x00000000   Code   RO         1636    .ARM.Collect$$libinit$$00000006  c_w.l(libinit2.o)
    0x08100006   0x08100006   0x00000000   Code   RO         1639    .ARM.Collect$$libinit$$0000000C  c_w.l(libinit2.o)
    0x08100006   0x08100006   0x00000000   Code   RO         1641    .ARM.Collect$$libinit$$0000000E  c_w.l(libinit2.o)
    0x08100006   0x08100006   0x00000000   Code   RO         1643    .ARM.Collect$$libinit$$00000010  c_w.l(libinit2.o)
    0x08100006   0x08100006   0x00000000   Code   RO         1646    .ARM.Collect$$libinit$$00000013  c_w.l(libinit2.o)
    0x08100006   0x08100006   0x00000000   Code   RO         1648    .ARM.Collect$$libinit$$00000015  c_w.l(libinit2.o)
    0x08100006   0x08100006   0x00000000   Code   RO         1650    .ARM.Collect$$libinit$$00000017  c_w.l(libinit2.o)
    0x08100006   0x08100006   0x00000000   Code   RO         1652    .ARM.Collect$$libinit$$00000019  c_w.l(libinit2.o)
    0x08100006   0x08100006   0x00000000   Code   RO         1654    .ARM.Collect$$libinit$$0000001B  c_w.l(libinit2.o)
    0x08100006   0x08100006   0x00000000   Code   RO         1656    .ARM.Collect$$libinit$$0000001D  c_w.l(libinit2.o)
    0x08100006   0x08100006   0x00000000   Code   RO         1658    .ARM.Collect$$libinit$$0000001F  c_w.l(libinit2.o)
    0x08100006   0x08100006   0x00000000   Code   RO         1660    .ARM.Collect$$libinit$$00000021  c_w.l(libinit2.o)
    0x08100006   0x08100006   0x00000000   Code   RO         1662    .ARM.Collect$$libinit$$00000023  c_w.l(libinit2.o)
    0x08100006   0x08100006   0x00000000   Code   RO         1664    .ARM.Collect$$libinit$$00000025  c_w.l(libinit2.o)
    0x08100006   0x08100006   0x00000000   Code   RO         1666    .ARM.Collect$$libinit$$00000027  c_w.l(libinit2.o)
    0x08100006   0x08100006   0x00000000   Code   RO         1670    .ARM.Collect$$libinit$$0000002E  c_w.l(libinit2.o)
    0x08100006   0x08100006   0x00000000   Code   RO         1672    .ARM.Collect$$libinit$$00000030  c_w.l(libinit2.o)
    0x08100006   0x08100006   0x00000000   Code   RO         1674    .ARM.Collect$$libinit$$00000032  c_w.l(libinit2.o)
    0x08100006   0x08100006   0x00000000   Code   RO         1676    .ARM.Collect$$libinit$$00000034  c_w.l(libinit2.o)
    0x08100006   0x08100006   0x00000002   Code   RO         1677    .ARM.Collect$$libinit$$00000035  c_w.l(libinit2.o)
    0x08100008   0x08100008   0x00000002   Code   RO         1623    .ARM.Collect$$rtexit$$00000000  c_w.l(rtexit.o)
    0x0810000a   0x0810000a   0x00000000   Code   RO         1683    .ARM.Collect$$rtexit$$00000002  c_w.l(rtexit2.o)
    0x0810000a   0x0810000a   0x00000004   Code   RO         1684    .ARM.Collect$$rtexit$$00000003  c_w.l(rtexit2.o)
    0x0810000e   0x0810000e   0x00000006   Code   RO         1685    .ARM.Collect$$rtexit$$00000004  c_w.l(rtexit2.o)
    0x08100014   0x08100014   0x00000040   Code   RO            4    .text               startup_stm32h7a3xx.o
    0x08100054   0x08100054   0x00000006   Code   RO         1580    .text               c_w.l(heapauxi.o)
    0x0810005a   0x0810005a   0x0000004a   Code   RO         1606    .text               c_w.l(sys_stackheap_outer.o)
    0x081000a4   0x081000a4   0x00000012   Code   RO         1608    .text               c_w.l(exit.o)
    0x081000b6   0x081000b6   0x00000002   PAD
    0x081000b8   0x081000b8   0x00000008   Code   RO         1620    .text               c_w.l(libspace.o)
    0x081000c0   0x081000c0   0x0000000c   Code   RO         1678    .text               c_w.l(sys_exit.o)
    0x081000cc   0x081000cc   0x00000002   Code   RO         1701    .text               c_w.l(use_no_semi.o)
    0x081000ce   0x081000ce   0x00000000   Code   RO         1703    .text               c_w.l(indicate_semi.o)
    0x081000ce   0x081000ce   0x00000002   PAD
    0x081000d0   0x081000d0   0x00000004   Code   RO           61    .text.BusFault_Handler  stm32h7xx_it.o
    0x081000d4   0x081000d4   0x00000004   PAD
    0x081000d8   0x081000d8   0x00000010   Code   RO           75    .text.DMA1_Stream2_IRQHandler  stm32h7xx_it.o
    0x081000e8   0x081000e8   0x000000f0   Code   RO          441    .text.DMA_CheckFifoParam  stm32h7xx_hal_dma.o
    0x081001d8   0x081001d8   0x000006aa   Code   RO          459    .text.HAL_DMA_Abort_IT  stm32h7xx_hal_dma.o
    0x08100882   0x08100882   0x00000006   PAD
    0x08100888   0x08100888   0x00001278   Code   RO          463    .text.HAL_DMA_IRQHandler  stm32h7xx_hal_dma.o
    0x08101b00   0x08101b00   0x000003c4   Code   RO          387    .text.HAL_GPIO_Init  stm32h7xx_hal_gpio.o
    0x08101ec4   0x08101ec4   0x00000004   PAD
    0x08101ec8   0x08101ec8   0x0000002e   Code   RO          393    .text.HAL_GPIO_WritePin  stm32h7xx_hal_gpio.o
    0x08101ef6   0x08101ef6   0x00000002   PAD
    0x08101ef8   0x08101ef8   0x0000000c   Code   RO          707    .text.HAL_GetTick   stm32h7xx_hal.o
    0x08101f04   0x08101f04   0x00000004   PAD
    0x08101f08   0x08101f08   0x00000098   Code   RO          972    .text.HAL_I2CEx_ConfigAnalogFilter  stm32h7xx_hal_i2c_ex.o
    0x08101fa0   0x08101fa0   0x00000008   Code   RO          941    .text.HAL_I2C_AbortCpltCallback  stm32h7xx_hal_i2c.o
    0x08101fa8   0x08101fa8   0x000000d0   Code   RO          919    .text.HAL_I2C_ER_IRQHandler  stm32h7xx_hal_i2c.o
    0x08102078   0x08102078   0x00000008   Code   RO          933    .text.HAL_I2C_ListenCpltCallback  stm32h7xx_hal_i2c.o
    0x08102080   0x08102080   0x00000122   Code   RO           94    .text.HAL_I2C_MspInit  stm32h7xx_hal_msp.o
    0x081021a2   0x081021a2   0x00000006   PAD
    0x081021a8   0x081021a8   0x00000008   Code   RO          927    .text.HAL_I2C_SlaveTxCpltCallback  stm32h7xx_hal_i2c.o
    0x081021b0   0x081021b0   0x00000086   Code   RO          697    .text.HAL_InitTick  stm32h7xx_hal.o
    0x08102236   0x08102236   0x00000002   PAD
    0x08102238   0x08102238   0x00000014   Code   RO          127    .text.HAL_NVIC_EnableIRQ  stm32h7xx_hal_cortex.o
    0x0810224c   0x0810224c   0x00000004   PAD
    0x08102250   0x08102250   0x00000010   Code   RO          115    .text.HAL_NVIC_SetPriorityGrouping  stm32h7xx_hal_cortex.o
    0x08102260   0x08102260   0x000000a2   Code   RO          596    .text.HAL_PWREx_ConfigSupply  stm32h7xx_hal_pwr_ex.o
    0x08102302   0x08102302   0x00000006   PAD
    0x08102308   0x08102308   0x00000026   Code   RO          239    .text.HAL_RCCEx_GetD3PCLK1Freq  stm32h7xx_hal_rcc_ex.o
    0x0810232e   0x0810232e   0x00000002   PAD
    0x08102330   0x08102330   0x000002ac   Code   RO          237    .text.HAL_RCCEx_GetPLL3ClockFreq  stm32h7xx_hal_rcc_ex.o
    0x081025dc   0x081025dc   0x00000004   PAD
    0x081025e0   0x081025e0   0x00000026   Code   RO          204    .text.HAL_RCC_GetPCLK1Freq  stm32h7xx_hal_rcc.o
    0x08102606   0x08102606   0x00000002   PAD
    0x08102608   0x08102608   0x00000ab0   Code   RO          190    .text.HAL_RCC_OscConfig  stm32h7xx_hal_rcc.o
    0x081030b8   0x081030b8   0x00000010   Code   RO          139    .text.HAL_SYSTICK_Config  stm32h7xx_hal_cortex.o
    0x081030c8   0x081030c8   0x00000008   Code   RO         1355    .text.HAL_TIMEx_Break2Callback  stm32h7xx_hal_tim_ex.o
    0x081030d0   0x081030d0   0x00000008   Code   RO         1349    .text.HAL_TIMEx_CommutCallback  stm32h7xx_hal_tim_ex.o
    0x081030d8   0x081030d8   0x00000158   Code   RO         1333    .text.HAL_TIMEx_MasterConfigSynchronization  stm32h7xx_hal_tim_ex.o
    0x08103230   0x08103230   0x000000a8   Code   RO         1016    .text.HAL_TIM_Base_Init  stm32h7xx_hal_tim.o
    0x081032d8   0x081032d8   0x000001d0   Code   RO         1212    .text.HAL_TIM_ConfigClockSource  stm32h7xx_hal_tim.o
    0x081034a8   0x081034a8   0x000000a8   Code   RO         1090    .text.HAL_TIM_IC_Init  stm32h7xx_hal_tim.o
    0x08103550   0x08103550   0x00000008   Code   RO         1092    .text.HAL_TIM_IC_MspInit  stm32h7xx_hal_tim.o
    0x08103558   0x08103558   0x000002b4   Code   RO         1150    .text.HAL_TIM_IRQHandler  stm32h7xx_hal_tim.o
    0x0810380c   0x0810380c   0x00000004   PAD
    0x08103810   0x08103810   0x00000008   Code   RO         1154    .text.HAL_TIM_OC_DelayElapsedCallback  stm32h7xx_hal_tim.o
    0x08103818   0x08103818   0x000001b0   Code   RO         1186    .text.HAL_TIM_PWM_ConfigChannel  stm32h7xx_hal_tim.o
    0x081039c8   0x081039c8   0x00000008   Code   RO         1158    .text.HAL_TIM_PeriodElapsedCallback  stm32h7xx_hal_tim.o
    0x081039d0   0x081039d0   0x0000008c   Code   RO         1540    .text.HAL_UARTEx_SetTxFifoThreshold  stm32h7xx_hal_uart_ex.o
    0x08103a5c   0x08103a5c   0x00000004   PAD
    0x08103a60   0x08103a60   0x0000018e   Code   RO          104    .text.HAL_UART_MspInit  stm32h7xx_hal_msp.o
    0x08103bee   0x08103bee   0x00000002   PAD
    0x08103bf0   0x08103bf0   0x00000010   Code   RO           79    .text.I2C1_EV_IRQHandler  stm32h7xx_it.o
    0x08103c00   0x08103c00   0x0000003a   Code   RO          903    .text.I2C_DMAAbort  stm32h7xx_hal_i2c.o
    0x08103c3a   0x08103c3a   0x00000006   PAD
    0x08103c40   0x08103c40   0x00000040   Code   RO          827    .text.I2C_Flush_TXDR  stm32h7xx_hal_i2c.o
    0x08103c80   0x08103c80   0x000001f2   Code   RO          921    .text.I2C_ITError   stm32h7xx_hal_i2c.o
    0x08103e72   0x08103e72   0x00000006   PAD
    0x08103e78   0x08103e78   0x000004c6   Code   RO          953    .text.I2C_ITSlaveCplt  stm32h7xx_hal_i2c.o
    0x0810433e   0x0810433e   0x00000002   PAD
    0x08104340   0x08104340   0x000000c8   Code   RO          957    .text.I2C_ITSlaveSeqCplt  stm32h7xx_hal_i2c.o
    0x08104408   0x08104408   0x00000052   Code   RO          961    .text.I2C_TreatErrorCallback  stm32h7xx_hal_i2c.o
    0x0810445a   0x0810445a   0x00000006   PAD
    0x08104460   0x08104460   0x0000005e   Code   RO           17    .text.MX_DMA_Init   main.o
    0x081044be   0x081044be   0x00000002   PAD
    0x081044c0   0x081044c0   0x00000140   Code   RO           15    .text.MX_GPIO_Init  main.o
    0x08104600   0x08104600   0x00000076   Code   RO           23    .text.MX_I2C1_Init  main.o
    0x08104676   0x08104676   0x00000002   PAD
    0x08104678   0x08104678   0x00000084   Code   RO           21    .text.MX_TIM2_Init  main.o
    0x081046fc   0x081046fc   0x00000004   PAD
    0x08104700   0x08104700   0x0000012a   Code   RO           25    .text.MX_TIM3_Init  main.o
    0x0810482a   0x0810482a   0x00000006   PAD
    0x08104830   0x08104830   0x00000088   Code   RO           33    .text.MX_TIM5_Init  main.o
    0x081048b8   0x081048b8   0x000000cc   Code   RO           27    .text.MX_TIM8_Init  main.o
    0x08104984   0x08104984   0x00000004   PAD
    0x08104988   0x08104988   0x0000008e   Code   RO           31    .text.MX_UART4_Init  main.o
    0x08104a16   0x08104a16   0x00000002   PAD
    0x08104a18   0x08104a18   0x000001ca   Code   RO          227    .text.RCCEx_PLL3_Config  stm32h7xx_hal_rcc_ex.o
    0x08104be2   0x08104be2   0x00000006   PAD
    0x08104be8   0x08104be8   0x000000d8   Code   RO           13    .text.SystemClock_Config  main.o
    0x08104cc0   0x08104cc0   0x0000013a   Code   RO         1561    .text.SystemInit    system_stm32h7xx.o
    0x08104dfa   0x08104dfa   0x00000006   PAD
    0x08104e00   0x08104e00   0x00000030   Code   RO         1216    .text.TIM_ITRx_SetConfig  stm32h7xx_hal_tim.o
    0x08104e30   0x08104e30   0x0000016a   Code   RO         1168    .text.TIM_OC3_SetConfig  stm32h7xx_hal_tim.o
    0x08104f9a   0x08104f9a   0x00000006   PAD
    0x08104fa0   0x08104fa0   0x000000da   Code   RO         1170    .text.TIM_OC4_SetConfig  stm32h7xx_hal_tim.o
    0x0810507a   0x0810507a   0x00000006   PAD
    0x08105080   0x08105080   0x00000050   Code   RO         1214    .text.TIM_TI1_ConfigInputStage  stm32h7xx_hal_tim.o
    0x081050d0   0x081050d0   0x00000116   Code   RO         1178    .text.TIM_TI1_SetConfig  stm32h7xx_hal_tim.o
    0x081051e6   0x081051e6   0x00000002   PAD
    0x081051e8   0x081051e8   0x0000006c   Code   RO         1180    .text.TIM_TI2_SetConfig  stm32h7xx_hal_tim.o
    0x08105254   0x08105254   0x00000004   PAD
    0x08105258   0x08105258   0x0000006a   Code   RO         1182    .text.TIM_TI3_SetConfig  stm32h7xx_hal_tim.o
    0x081052c2   0x081052c2   0x00000006   PAD
    0x081052c8   0x081052c8   0x00000148   Code   RO         1374    .text.UART_AdvFeatureConfig  stm32h7xx_hal_uart.o
    0x08105410   0x08105410   0x0000009e   Code   RO         1428    .text.UART_EndRxTransfer  stm32h7xx_hal_uart.o
    0x081054ae   0x081054ae   0x00000002   PAD
    0x081054b0   0x081054b0   0x00000030   Code   RO          129    .text.__NVIC_EnableIRQ  stm32h7xx_hal_cortex.o
    0x081054e0   0x081054e0   0x0000001a   Code   RO         1695    x$fpl$fpinit        fz_wv.l(fpinit.o)
    0x081054fa   0x081054fa   0x00000010   Data   RO         1567    .rodata.D1CorePrescTable  system_stm32h7xx.o
    0x0810550a   0x0810550a   0x00000008   Data   RO         1553    .rodata.UARTEx_SetNbDataToProcess.denominator  stm32h7xx_hal_uart_ex.o


==============================================================================

Image component sizes


      Code (inc. data)   RO Data    RW Data    ZI Data      Debug   Object Name

      2016          0          0          0       1000      16850   main.o
        64         26        684          0       1536        844   startup_stm32h7a3xx.o
       294          0          0          5          4      13591   stm32h7xx_hal.o
       478          0          0          0          0      11482   stm32h7xx_hal_cortex.o
     10404          8          8          0          0      12666   stm32h7xx_hal_dma.o
      1010          0          0          0          0       6848   stm32h7xx_hal_gpio.o
      3936          0          0          0          0      36169   stm32h7xx_hal_i2c.o
       314          0          0          0          0       7197   stm32h7xx_hal_i2c_ex.o
      1242          0          0          0          0      16098   stm32h7xx_hal_msp.o
       162          0          0          0          0      10583   stm32h7xx_hal_pwr_ex.o
      4858         66          0          0          0      12150   stm32h7xx_hal_rcc.o
      6444         96          0          0          0      18902   stm32h7xx_hal_rcc_ex.o
      5422         22          0          0          0      37568   stm32h7xx_hal_tim.o
       368          0          0          0          0      18322   stm32h7xx_hal_tim_ex.o
      4042        342         24          0          0      29506   stm32h7xx_hal_uart.o
       538          0         16          0          0       9065   stm32h7xx_hal_uart_ex.o
       116          0          0          0          0       1592   stm32h7xx_it.o
       314          0         16          8          0       5744   system_stm32h7xx.o

    ----------------------------------------------------------------------
     42364        568        782         16       2544     265177   Object Totals
         0          0         32          0          0          0   (incl. Generated)
       342          8          2          3          4          0   (incl. Padding)

    ----------------------------------------------------------------------

      Code (inc. data)   RO Data    RW Data    ZI Data      Debug   Library Member Name

         8          0          0          0          0         68   __main.o
         0          0          0          0          0          0   __rtentry.o
        12          0          0          0          0          0   __rtentry2.o
         6          0          0          0          0          0   __rtentry4.o
        52          8          0          0          0          0   __scatter.o
        26          0          0          0          0          0   __scatter_copy.o
        28          0          0          0          0          0   __scatter_zi.o
        18          0          0          0          0         80   exit.o
         6          0          0          0          0        152   heapauxi.o
         0          0          0          0          0          0   indicate_semi.o
         2          0          0          0          0          0   libinit.o
         6          0          0          0          0          0   libinit2.o
         2          0          0          0          0          0   libshutdown.o
         2          0          0          0          0          0   libshutdown2.o
         8          4          0          0         96         68   libspace.o
       240          0          0          0          0        100   lludivv7m.o
        78          0          0          0          0         80   rt_memclr_w.o
         2          0          0          0          0          0   rtexit.o
        10          0          0          0          0          0   rtexit2.o
        12          4          0          0          0         68   sys_exit.o
        74          0          0          0          0         80   sys_stackheap_outer.o
         2          0          0          0          0         68   use_no_semi.o
        26          0          0          0          0        116   fpinit.o

    ----------------------------------------------------------------------
       630         16          0          0         96        880   Library Totals
        10          0          0          0          0          0   (incl. Padding)

    ----------------------------------------------------------------------

      Code (inc. data)   RO Data    RW Data    ZI Data      Debug   Library Name

       594         16          0          0         96        764   c_w.l
        26          0          0          0          0        116   fz_wv.l

    ----------------------------------------------------------------------
       630         16          0          0         96        880   Library Totals

    ----------------------------------------------------------------------

==============================================================================


      Code (inc. data)   RO Data    RW Data    ZI Data      Debug   

     42994        584        782         16       2640     265477   Grand Totals
     42994        584        782         16       2640     265477   ELF Image Totals
     42994        584        782         16          0          0   ROM Totals

==============================================================================

    Total RO  Size (Code + RO Data)                43776 (  42.75kB)
    Total RW  Size (RW Data + ZI Data)              2656 (   2.59kB)
    Total ROM Size (Code + RO Data + RW Data)      43792 (  42.77kB)

==============================================================================

