Component: Arm Compiler for Embedded 6.19 Tool: armlink [5e73cb00]

==============================================================================

Section Cross References

    startup_stm32f103xb.o(STACK) refers (Special) to heapauxi.o(.text) for __use_two_region_memory
    startup_stm32f103xb.o(HEAP) refers (Special) to heapauxi.o(.text) for __use_two_region_memory
    startup_stm32f103xb.o(RESET) refers (Special) to heapauxi.o(.text) for __use_two_region_memory
    startup_stm32f103xb.o(RESET) refers to startup_stm32f103xb.o(STACK) for __initial_sp
    startup_stm32f103xb.o(RESET) refers to startup_stm32f103xb.o(.text) for Reset_Handler
    startup_stm32f103xb.o(RESET) refers to stm32f1xx_it.o(.text.NMI_Handler) for NMI_Handler
    startup_stm32f103xb.o(RESET) refers to stm32f1xx_it.o(.text.HardFault_Handler) for HardFault_Handler
    startup_stm32f103xb.o(RESET) refers to stm32f1xx_it.o(.text.MemManage_Handler) for MemManage_Handler
    startup_stm32f103xb.o(RESET) refers to stm32f1xx_it.o(.text.BusFault_Handler) for BusFault_Handler
    startup_stm32f103xb.o(RESET) refers to stm32f1xx_it.o(.text.UsageFault_Handler) for UsageFault_Handler
    startup_stm32f103xb.o(RESET) refers to stm32f1xx_it.o(.text.SVC_Handler) for SVC_Handler
    startup_stm32f103xb.o(RESET) refers to stm32f1xx_it.o(.text.DebugMon_Handler) for DebugMon_Handler
    startup_stm32f103xb.o(RESET) refers to stm32f1xx_it.o(.text.PendSV_Handler) for PendSV_Handler
    startup_stm32f103xb.o(RESET) refers to stm32f1xx_it.o(.text.SysTick_Handler) for SysTick_Handler
    startup_stm32f103xb.o(RESET) refers to stm32f1xx_it.o(.text.DMA1_Channel6_IRQHandler) for DMA1_Channel6_IRQHandler
    startup_stm32f103xb.o(RESET) refers to stm32f1xx_it.o(.text.DMA1_Channel7_IRQHandler) for DMA1_Channel7_IRQHandler
    startup_stm32f103xb.o(RESET) refers to stm32f1xx_it.o(.text.TIM1_UP_IRQHandler) for TIM1_UP_IRQHandler
    startup_stm32f103xb.o(RESET) refers to stm32f1xx_it.o(.text.I2C1_EV_IRQHandler) for I2C1_EV_IRQHandler
    startup_stm32f103xb.o(RESET) refers to stm32f1xx_it.o(.text.I2C1_ER_IRQHandler) for I2C1_ER_IRQHandler
    startup_stm32f103xb.o(.text) refers (Special) to heapauxi.o(.text) for __use_two_region_memory
    startup_stm32f103xb.o(.text) refers to system_stm32f1xx.o(.text.SystemInit) for SystemInit
    startup_stm32f103xb.o(.text) refers to __main.o(!!!main) for __main
    startup_stm32f103xb.o(.text) refers to startup_stm32f103xb.o(HEAP) for Heap_Mem
    startup_stm32f103xb.o(.text) refers to startup_stm32f103xb.o(STACK) for Stack_Mem
    main.o(.text.HAL_TIM_PeriodElapsedCallback) refers to receiver.o(.text.Receiver_Decode) for Receiver_Decode
    main.o(.text.HAL_TIM_PeriodElapsedCallback) refers to main.o(.bss.txt2) for txt2
    main.o(.text.HAL_TIM_PeriodElapsedCallback) refers to main.o(.rodata.str1.1) for .L.str
    main.o(.text.HAL_TIM_PeriodElapsedCallback) refers to sprintf.o(.text) for sprintf
    main.o(.text.HAL_TIM_PeriodElapsedCallback) refers to receiver.o(.bss.receiver_ChData) for receiver_ChData
    main.o(.text.HAL_TIM_PeriodElapsedCallback) refers to main.o(.bss.txt) for txt
    main.o(.text.HAL_TIM_PeriodElapsedCallback) refers to strcat.o(.text) for strcat
    main.o(.text.HAL_TIM_PeriodElapsedCallback) refers to strlen.o(.text) for strlen
    main.o(.text.HAL_TIM_PeriodElapsedCallback) refers to main.o(.bss.huart1) for huart1
    main.o(.text.HAL_TIM_PeriodElapsedCallback) refers to stm32f1xx_hal_uart.o(.text.HAL_UART_Transmit) for HAL_UART_Transmit
    main.o(.text.HAL_TIM_PeriodElapsedCallback) refers to receiver.o(.text.Receiver_MotorControl) for Receiver_MotorControl
    main.o(.ARM.exidx.text.HAL_TIM_PeriodElapsedCallback) refers to main.o(.text.HAL_TIM_PeriodElapsedCallback) for [Anonymous Symbol]
    main.o(.text.HAL_I2C_MemRxCpltCallback) refers to mpu9250v2.o(.bss.MPU9250_InitFinished) for MPU9250_InitFinished
    main.o(.text.HAL_I2C_MemRxCpltCallback) refers to mpu9250v2.o(.bss.mpu9250_RawData) for mpu9250_RawData
    main.o(.text.HAL_I2C_MemRxCpltCallback) refers to mpu9250v2.o(.text.MPU9250_CalcValues) for MPU9250_CalcValues
    main.o(.text.HAL_I2C_MemRxCpltCallback) refers to mpu9250v2.o(.text.MPU9250_CompFilter) for MPU9250_CompFilter
    main.o(.text.HAL_I2C_MemRxCpltCallback) refers to main.o(.bss.hi2c1) for hi2c1
    main.o(.text.HAL_I2C_MemRxCpltCallback) refers to mpu9250v2.o(.text.MPU9250_StartReading) for MPU9250_StartReading
    main.o(.ARM.exidx.text.HAL_I2C_MemRxCpltCallback) refers to main.o(.text.HAL_I2C_MemRxCpltCallback) for [Anonymous Symbol]
    main.o(.text.main) refers to stm32f1xx_hal.o(.text.HAL_Init) for HAL_Init
    main.o(.text.main) refers to main.o(.text.SystemClock_Config) for SystemClock_Config
    main.o(.text.main) refers to main.o(.text.MX_GPIO_Init) for MX_GPIO_Init
    main.o(.text.main) refers to main.o(.text.MX_DMA_Init) for MX_DMA_Init
    main.o(.text.main) refers to main.o(.text.MX_TIM1_Init) for MX_TIM1_Init
[...]
    __rt_entry_presh_1                       0x08000215   Thumb Code     0  __rtentry2.o(.ARM.Collect$$rtentry$$00000002)
    __rt_entry_sh                            0x08000215   Thumb Code     0  __rtentry4.o(.ARM.Collect$$rtentry$$00000004)
    __rt_entry_li                            0x0800021b   Thumb Code     0  __rtentry2.o(.ARM.Collect$$rtentry$$0000000A)
    __rt_entry_postsh_1                      0x0800021b   Thumb Code     0  __rtentry2.o(.ARM.Collect$$rtentry$$00000009)
    __rt_entry_main                          0x0800021f   Thumb Code     0  __rtentry2.o(.ARM.Collect$$rtentry$$0000000D)
    __rt_entry_postli_1                      0x0800021f   Thumb Code     0  __rtentry2.o(.ARM.Collect$$rtentry$$0000000C)
    __rt_exit                                0x08000227   Thumb Code     0  rtexit.o(.ARM.Collect$$rtexit$$00000000)
    __rt_exit_ls                             0x08000229   Thumb Code     0  rtexit2.o(.ARM.Collect$$rtexit$$00000003)
    __rt_exit_prels_1                        0x08000229   Thumb Code     0  rtexit2.o(.ARM.Collect$$rtexit$$00000002)
    __rt_exit_exit                           0x0800022d   Thumb Code     0  rtexit2.o(.ARM.Collect$$rtexit$$00000004)
    Reset_Handler                            0x08000235   Thumb Code     8  startup_stm32f103xb.o(.text)
    ADC1_2_IRQHandler                        0x0800024f   Thumb Code     0  startup_stm32f103xb.o(.text)
    CAN1_RX1_IRQHandler                      0x0800024f   Thumb Code     0  startup_stm32f103xb.o(.text)
    CAN1_SCE_IRQHandler                      0x0800024f   Thumb Code     0  startup_stm32f103xb.o(.text)
    DMA1_Channel1_IRQHandler                 0x0800024f   Thumb Code     0  startup_stm32f103xb.o(.text)
    DMA1_Channel2_IRQHandler                 0x0800024f   Thumb Code     0  startup_stm32f103xb.o(.text)
    DMA1_Channel3_IRQHandler                 0x0800024f   Thumb Code     0  startup_stm32f103xb.o(.text)
    DMA1_Channel4_IRQHandler                 0x0800024f   Thumb Code     0  startup_stm32f103xb.o(.text)
    DMA1_Channel5_IRQHandler                 0x0800024f   Thumb Code     0  startup_stm32f103xb.o(.text)
    EXTI0_IRQHandler                         0x0800024f   Thumb Code     0  startup_stm32f103xb.o(.text)
    EXTI15_10_IRQHandler                     0x0800024f   Thumb Code     0  startup_stm32f103xb.o(.text)
    EXTI1_IRQHandler                         0x0800024f   Thumb Code     0  startup_stm32f103xb.o(.text)
    EXTI2_IRQHandler                         0x0800024f   Thumb Code     0  startup_stm32f103xb.o(.text)
    EXTI3_IRQHandler                         0x0800024f   Thumb Code     0  startup_stm32f103xb.o(.text)
    EXTI4_IRQHandler                         0x0800024f   Thumb Code     0  startup_stm32f103xb.o(.text)
    EXTI9_5_IRQHandler                       0x0800024f   Thumb Code     0  startup_stm32f103xb.o(.text)
    FLASH_IRQHandler                         0x0800024f   Thumb Code     0  startup_stm32f103xb.o(.text)
    I2C2_ER_IRQHandler                       0x0800024f   Thumb Code     0  startup_stm32f103xb.o(.text)
    I2C2_EV_IRQHandler                       0x0800024f   Thumb Code     0  startup_stm32f103xb.o(.text)
    PVD_IRQHandler                           0x0800024f   Thumb Code     0  startup_stm32f103xb.o(.text)
    RCC_IRQHandler                           0x0800024f   Thumb Code     0  startup_stm32f103xb.o(.text)
    RTC_Alarm_IRQHandler                     0x0800024f   Thumb Code     0  startup_stm32f103xb.o(.text)
    RTC_IRQHandler                           0x0800024f   Thumb Code     0  startup_stm32f103xb.o(.text)
    SPI1_IRQHandler                          0x0800024f   Thumb Code     0  startup_stm32f103xb.o(.text)
    SPI2_IRQHandler                          0x0800024f   Thumb Code     0  startup_stm32f103xb.o(.text)
    TAMPER_IRQHandler                        0x0800024f   Thumb Code     0  startup_stm32f103xb.o(.text)
    TIM1_BRK_IRQHandler                      0x0800024f   Thumb Code     0  startup_stm32f103xb.o(.text)
    TIM1_CC_IRQHandler                       0x0800024f   Thumb Code     0  startup_stm32f103xb.o(.text)
    TIM1_TRG_COM_IRQHandler                  0x0800024f   Thumb Code     0  startup_stm32f103xb.o(.text)
    TIM2_IRQHandler                          0x0800024f   Thumb Code     0  startup_stm32f103xb.o(.text)
    TIM3_IRQHandler                          0x0800024f   Thumb Code     0  startup_stm32f103xb.o(.text)
    TIM4_IRQHandler                          0x0800024f   Thumb Code     0  startup_stm32f103xb.o(.text)
    USART1_IRQHandler                        0x0800024f   Thumb Code     0  startup_stm32f103xb.o(.text)
    USART2_IRQHandler                        0x0800024f   Thumb Code     0  startup_stm32f103xb.o(.text)
    USART3_IRQHandler                        0x0800024f   Thumb Code     0  startup_stm32f103xb.o(.text)
    USBWakeUp_IRQHandler                     0x0800024f   Thumb Code     0  startup_stm32f103xb.o(.text)
    USB_HP_CAN1_TX_IRQHandler                0x0800024f   Thumb Code     0  startup_stm32f103xb.o(.text)
    USB_LP_CAN1_RX0_IRQHandler               0x0800024f   Thumb Code     0  startup_stm32f103xb.o(.text)
    WWDG_IRQHandler                          0x0800024f   Thumb Code     0  startup_stm32f103xb.o(.text)
    __user_initial_stackheap                 0x08000251   Thumb Code     0  startup_stm32f103xb.o(.text)
    sprintf                                  0x08000275   Thumb Code    38  sprintf.o(.text)
    strlen                                   0x080002a1   Thumb Code    62  strlen.o(.text)
    strcat                                   0x080002df   Thumb Code    24  strcat.o(.text)
    __aeabi_memclr4                          0x080002f7   Thumb Code     0  rt_memclr_w.o(.text)
    __aeabi_memclr8                          0x080002f7   Thumb Code     0  rt_memclr_w.o(.text)
    __rt_memclr_w                            0x080002f7   Thumb Code     0  rt_memclr_w.o(.text)
    _memset_w                                0x080002fb   Thumb Code    74  rt_memclr_w.o(.text)
    __use_two_region_memory                  0x08000345   Thumb Code     2  heapauxi.o(.text)
    __rt_heap_escrow$2region                 0x08000347   Thumb Code     2  heapauxi.o(.text)
    __rt_heap_expand$2region                 0x08000349   Thumb Code     2  heapauxi.o(.text)
    __read_errno                             0x0800034b   Thumb Code    10  _rserrno.o(.text)
    __set_errno                              0x08000355   Thumb Code    12  _rserrno.o(.text)
    _printf_pre_padding                      0x08000361   Thumb Code    44  _printf_pad.o(.text)
    _printf_post_padding                     0x0800038d   Thumb Code    34  _printf_pad.o(.text)
    _printf_truncate_signed                  0x080003af   Thumb Code    18  _printf_truncate.o(.text)
    _printf_truncate_unsigned                0x080003c1   Thumb Code    18  _printf_truncate.o(.text)
    _printf_str                              0x080003d3   Thumb Code    82  _printf_str.o(.text)
    _printf_int_dec                          0x08000425   Thumb Code   104  _printf_dec.o(.text)
    _printf_charcount                        0x0800049d   Thumb Code    40  _printf_charcount.o(.text)
    _printf_char_common                      0x080004cf   Thumb Code    32  _printf_char_common.o(.text)
    _sputc                                   0x080004f5   Thumb Code    10  _sputc.o(.text)
    _printf_wctomb                           0x08000501   Thumb Code   182  _printf_wctomb.o(.text)
    _printf_longlong_dec                     0x080005bd   Thumb Code   108  _printf_longlong_dec.o(.text)
    _printf_longlong_oct                     0x08000639   Thumb Code    68  _printf_oct_int_ll.o(.text)
    _printf_int_oct                          0x0800067d   Thumb Code    24  _printf_oct_int_ll.o(.text)
    _printf_ll_oct                           0x08000695   Thumb Code    12  _printf_oct_int_ll.o(.text)
    _printf_longlong_hex                     0x080006a9   Thumb Code    86  _printf_hex_int_ll_ptr.o(.text)
    _printf_int_hex                          0x080006ff   Thumb Code    28  _printf_hex_int_ll_ptr.o(.text)
    _printf_ll_hex                           0x0800071b   Thumb Code    12  _printf_hex_int_ll_ptr.o(.text)
    _printf_hex_ptr                          0x08000727   Thumb Code    18  _printf_hex_int_ll_ptr.o(.text)
    __printf                                 0x0800073d   Thumb Code   388  __printf_flags_ss_wp.o(.text)
    __aeabi_errno_addr                       0x080008c5   Thumb Code     8  rt_errno_addr_intlibspace.o(.text)
    __errno$intlibspace                      0x080008c5   Thumb Code     0  rt_errno_addr_intlibspace.o(.text)
    __rt_errno_addr$intlibspace              0x080008c5   Thumb Code     0  rt_errno_addr_intlibspace.o(.text)
    _ll_udiv10                               0x080008cd   Thumb Code   138  lludiv10.o(.text)
    _printf_int_common                       0x08000957   Thumb Code   178  _printf_intcommon.o(.text)
    _printf_fp_dec_real                      0x08000bb9   Thumb Code   620  _printf_fp_dec.o(.text)
    _printf_fp_hex_real                      0x08000e25   Thumb Code   756  _printf_fp_hex.o(.text)
    _printf_cs_common                        0x08001121   Thumb Code    20  _printf_char.o(.text)
    _printf_char                             0x08001135   Thumb Code    16  _printf_char.o(.text)
    _printf_string                           0x08001145   Thumb Code     8  _printf_char.o(.text)
    _printf_lcs_common                       0x0800114d   Thumb Code    20  _printf_wchar.o(.text)
    _printf_wchar                            0x08001161   Thumb Code    16  _printf_wchar.o(.text)
    _printf_wstring                          0x08001171   Thumb Code     8  _printf_wchar.o(.text)
    _c16rtomb                                0x08001179   Thumb Code    72  _c16rtomb.o(.text)
    _wcrtomb                                 0x08001179   Thumb Code     0  _c16rtomb.o(.text)
    __user_libspace                          0x080011c1   Thumb Code     8  libspace.o(.text)
    __user_perproc_libspace                  0x080011c1   Thumb Code     0  libspace.o(.text)
    __user_perthread_libspace                0x080011c1   Thumb Code     0  libspace.o(.text)
    __user_setup_stackheap                   0x080011c9   Thumb Code    74  sys_stackheap_outer.o(.text)
    __rt_ctype_table                         0x08001215   Thumb Code    16  rt_ctype_table.o(.text)
    __rt_locale                              0x08001225   Thumb Code     8  rt_locale_intlibspace.o(.text)
    _printf_fp_infnan                        0x0800122d   Thumb Code   112  _printf_fp_infnan.o(.text)
    _btod_etento                             0x080012ad   Thumb Code   224  bigflt0.o(.text)
    exit                                     0x08001391   Thumb Code    18  exit.o(.text)
    strcmp                                   0x080013a5   Thumb Code   128  strcmpv7m.o(.text)
    _sys_exit                                0x08001425   Thumb Code     8  sys_exit.o(.text)
    __I$use$semihosting                      0x08001431   Thumb Code     0  use_no_semi.o(.text)
    __use_no_semihosting_swi                 0x08001431   Thumb Code     2  use_no_semi.o(.text)
    __semihosting_library_function           0x08001433   Thumb Code     0  indicate_semi.o(.text)
    BusFault_Handler                         0x08001435   Thumb Code     4  stm32f1xx_it.o(.text.BusFault_Handler)
    DMA1_Channel6_IRQHandler                 0x08001439   Thumb Code    16  stm32f1xx_it.o(.text.DMA1_Channel6_IRQHandler)
    DMA1_Channel7_IRQHandler                 0x08001449   Thumb Code    16  stm32f1xx_it.o(.text.DMA1_Channel7_IRQHandler)
    DebugMon_Handler                         0x080014a9   Thumb Code     2  stm32f1xx_it.o(.text.DebugMon_Handler)
    Error_Handler                            0x080014ad   Thumb Code    14  main.o(.text.Error_Handler)
    HAL_DMA_Abort_IT                         0x080014bd   Thumb Code   284  stm32f1xx_hal_dma.o(.text.HAL_DMA_Abort_IT)
    HAL_DMA_GetState                         0x080015d9   Thumb Code    14  stm32f1xx_hal_dma.o(.text.HAL_DMA_GetState)
    HAL_DMA_IRQHandler                       0x080015e9   Thumb Code   646  stm32f1xx_hal_dma.o(.text.HAL_DMA_IRQHandler)
    HAL_DMA_Init                             0x08001871   Thumb Code   174  stm32f1xx_hal_dma.o(.text.HAL_DMA_Init)
    HAL_DMA_Start_IT                         0x08001921   Thumb Code   202  stm32f1xx_hal_dma.o(.text.HAL_DMA_Start_IT)
    HAL_Delay                                0x080019ed   Thumb Code    66  stm32f1xx_hal.o(.text.HAL_Delay)
    HAL_GPIO_Init                            0x08001a31   Thumb Code   798  stm32f1xx_hal_gpio.o(.text.HAL_GPIO_Init)
    HAL_GPIO_WritePin                        0x08001d51   Thumb Code    46  stm32f1xx_hal_gpio.o(.text.HAL_GPIO_WritePin)
    HAL_GetTick                              0x08001d81   Thumb Code    12  stm32f1xx_hal.o(.text.HAL_GetTick)
    HAL_HalfDuplex_Init                      0x08001d8d   Thumb Code   158  stm32f1xx_hal_uart.o(.text.HAL_HalfDuplex_Init)
    HAL_I2C_AbortCpltCallback                0x08001e2d   Thumb Code     8  stm32f1xx_hal_i2c.o(.text.HAL_I2C_AbortCpltCallback)
    HAL_I2C_AddrCallback                     0x08001e35   Thumb Code    16  stm32f1xx_hal_i2c.o(.text.HAL_I2C_AddrCallback)
    HAL_I2C_ER_IRQHandler                    0x08001e45   Thumb Code   390  stm32f1xx_hal_i2c.o(.text.HAL_I2C_ER_IRQHandler)
    HAL_I2C_EV_IRQHandler                    0x08001fcd   Thumb Code   970  stm32f1xx_hal_i2c.o(.text.HAL_I2C_EV_IRQHandler)
    HAL_I2C_ErrorCallback                    0x08002399   Thumb Code     8  stm32f1xx_hal_i2c.o(.text.HAL_I2C_ErrorCallback)
    HAL_I2C_Init                             0x080023a1   Thumb Code   676  stm32f1xx_hal_i2c.o(.text.HAL_I2C_Init)
    HAL_I2C_ListenCpltCallback               0x08002645   Thumb Code     8  stm32f1xx_hal_i2c.o(.text.HAL_I2C_ListenCpltCallback)
    HAL_I2C_MasterRxCpltCallback             0x0800264d   Thumb Code     8  stm32f1xx_hal_i2c.o(.text.HAL_I2C_MasterRxCpltCallback)
    HAL_I2C_MasterTxCpltCallback             0x08002655   Thumb Code     8  stm32f1xx_hal_i2c.o(.text.HAL_I2C_MasterTxCpltCallback)
    HAL_I2C_MemRxCpltCallback                0x0800265d   Thumb Code    72  main.o(.text.HAL_I2C_MemRxCpltCallback)
    HAL_I2C_MemTxCpltCallback                0x080026a5   Thumb Code     8  stm32f1xx_hal_i2c.o(.text.HAL_I2C_MemTxCpltCallback)
    HAL_I2C_Mem_Read_DMA                     0x080026ad   Thumb Code   850  stm32f1xx_hal_i2c.o(.text.HAL_I2C_Mem_Read_DMA)
    HAL_I2C_MspInit                          0x08002a01   Thumb Code   234  stm32f1xx_hal_msp.o(.text.HAL_I2C_MspInit)
    HAL_I2C_SlaveRxCpltCallback              0x08002aed   Thumb Code     8  stm32f1xx_hal_i2c.o(.text.HAL_I2C_SlaveRxCpltCallback)
    HAL_I2C_SlaveTxCpltCallback              0x08002af5   Thumb Code     8  stm32f1xx_hal_i2c.o(.text.HAL_I2C_SlaveTxCpltCallback)
    HAL_IncTick                              0x08002afd   Thumb Code    26  stm32f1xx_hal.o(.text.HAL_IncTick)
    HAL_Init                                 0x08002b19   Thumb Code    38  stm32f1xx_hal.o(.text.HAL_Init)
    HAL_InitTick                             0x08002b41   Thumb Code   112  stm32f1xx_hal.o(.text.HAL_InitTick)
    HAL_MspInit                              0x08002bb1   Thumb Code   100  stm32f1xx_hal_msp.o(.text.HAL_MspInit)
    HAL_NVIC_EnableIRQ                       0x08002c15   Thumb Code    20  stm32f1xx_hal_cortex.o(.text.HAL_NVIC_EnableIRQ)
    HAL_NVIC_SetPriority                     0x08002c29   Thumb Code    50  stm32f1xx_hal_cortex.o(.text.HAL_NVIC_SetPriority)
    HAL_NVIC_SetPriorityGrouping             0x08002c5d   Thumb Code    16  stm32f1xx_hal_cortex.o(.text.HAL_NVIC_SetPriorityGrouping)
    HAL_RCC_ClockConfig                      0x08002c6d   Thumb Code   598  stm32f1xx_hal_rcc.o(.text.HAL_RCC_ClockConfig)
    HAL_RCC_GetHCLKFreq                      0x08002ec5   Thumb Code    12  stm32f1xx_hal_rcc.o(.text.HAL_RCC_GetHCLKFreq)
    HAL_RCC_GetPCLK1Freq                     0x08002ed1   Thumb Code    34  stm32f1xx_hal_rcc.o(.text.HAL_RCC_GetPCLK1Freq)
    HAL_RCC_GetPCLK2Freq                     0x08002ef5   Thumb Code    34  stm32f1xx_hal_rcc.o(.text.HAL_RCC_GetPCLK2Freq)
    HAL_RCC_GetSysClockFreq                  0x08002f19   Thumb Code   188  stm32f1xx_hal_rcc.o(.text.HAL_RCC_GetSysClockFreq)
    HAL_RCC_OscConfig                        0x08002fd5   Thumb Code  1658  stm32f1xx_hal_rcc.o(.text.HAL_RCC_OscConfig)
    HAL_SYSTICK_Config                       0x08003651   Thumb Code    16  stm32f1xx_hal_cortex.o(.text.HAL_SYSTICK_Config)
    HAL_TIMEx_BreakCallback                  0x08003661   Thumb Code     8  stm32f1xx_hal_tim_ex.o(.text.HAL_TIMEx_BreakCallback)
    HAL_TIMEx_CommutCallback                 0x08003669   Thumb Code     8  stm32f1xx_hal_tim_ex.o(.text.HAL_TIMEx_CommutCallback)
    HAL_TIMEx_MasterConfigSynchronization    0x08003671   Thumb Code   220  stm32f1xx_hal_tim_ex.o(.text.HAL_TIMEx_MasterConfigSynchronization)
    HAL_TIM_Base_Init                        0x0800374d   Thumb Code   156  stm32f1xx_hal_tim.o(.text.HAL_TIM_Base_Init)
    HAL_TIM_Base_MspInit                     0x080037e9   Thumb Code   124  stm32f1xx_hal_msp.o(.text.HAL_TIM_Base_MspInit)
    HAL_TIM_Base_Start_IT                    0x08003865   Thumb Code   176  stm32f1xx_hal_tim.o(.text.HAL_TIM_Base_Start_IT)
    HAL_TIM_ConfigClockSource                0x08003915   Thumb Code   388  stm32f1xx_hal_tim.o(.text.HAL_TIM_ConfigClockSource)
    HAL_TIM_IC_CaptureCallback               0x08003a99   Thumb Code     8  stm32f1xx_hal_tim.o(.text.HAL_TIM_IC_CaptureCallback)
    HAL_TIM_IRQHandler                       0x08003aa1   Thumb Code   634  stm32f1xx_hal_tim.o(.text.HAL_TIM_IRQHandler)
    HAL_TIM_MspPostInit                      0x08003d1d   Thumb Code   152  stm32f1xx_hal_msp.o(.text.HAL_TIM_MspPostInit)
    HAL_TIM_OC_DelayElapsedCallback          0x08003db5   Thumb Code     8  stm32f1xx_hal_tim.o(.text.HAL_TIM_OC_DelayElapsedCallback)
    HAL_TIM_PWM_ConfigChannel                0x08003dbd   Thumb Code   322  stm32f1xx_hal_tim.o(.text.HAL_TIM_PWM_ConfigChannel)
    HAL_TIM_PWM_Init                         0x08003f01   Thumb Code   156  stm32f1xx_hal_tim.o(.text.HAL_TIM_PWM_Init)
    HAL_TIM_PWM_MspInit                      0x08003f9d   Thumb Code    58  stm32f1xx_hal_msp.o(.text.HAL_TIM_PWM_MspInit)
    HAL_TIM_PWM_PulseFinishedCallback        0x08003fd9   Thumb Code     8  stm32f1xx_hal_tim.o(.text.HAL_TIM_PWM_PulseFinishedCallback)
    HAL_TIM_PWM_Start                        0x08003fe1   Thumb Code   352  stm32f1xx_hal_tim.o(.text.HAL_TIM_PWM_Start)
    HAL_TIM_PeriodElapsedCallback            0x08004141   Thumb Code   198  main.o(.text.HAL_TIM_PeriodElapsedCallback)
    HAL_TIM_TriggerCallback                  0x08004209   Thumb Code     8  stm32f1xx_hal_tim.o(.text.HAL_TIM_TriggerCallback)
    HAL_UARTEx_RxEventCallback               0x08004211   Thumb Code    12  stm32f1xx_hal_uart.o(.text.HAL_UARTEx_RxEventCallback)
    HAL_UART_ErrorCallback                   0x0800421d   Thumb Code     8  stm32f1xx_hal_uart.o(.text.HAL_UART_ErrorCallback)
    HAL_UART_Init                            0x08004225   Thumb Code   158  stm32f1xx_hal_uart.o(.text.HAL_UART_Init)
    HAL_UART_MspInit                         0x080042c5   Thumb Code   336  stm32f1xx_hal_msp.o(.text.HAL_UART_MspInit)
    HAL_UART_Receive                         0x08004415   Thumb Code   310  stm32f1xx_hal_uart.o(.text.HAL_UART_Receive)
    HAL_UART_Receive_DMA                     0x0800454d   Thumb Code    86  stm32f1xx_hal_uart.o(.text.HAL_UART_Receive_DMA)
    HAL_UART_RxCpltCallback                  0x080045a5   Thumb Code     8  stm32f1xx_hal_uart.o(.text.HAL_UART_RxCpltCallback)
    HAL_UART_RxHalfCpltCallback              0x080045ad   Thumb Code     8  stm32f1xx_hal_uart.o(.text.HAL_UART_RxHalfCpltCallback)
    HAL_UART_Transmit                        0x080045b5   Thumb Code   286  stm32f1xx_hal_uart.o(.text.HAL_UART_Transmit)
    HardFault_Handler                        0x080046d5   Thumb Code     4  stm32f1xx_it.o(.text.HardFault_Handler)
    I2C1_ER_IRQHandler                       0x080046d9   Thumb Code    16  stm32f1xx_it.o(.text.I2C1_ER_IRQHandler)
    I2C1_EV_IRQHandler                       0x080046e9   Thumb Code    16  stm32f1xx_it.o(.text.I2C1_EV_IRQHandler)
    MPU9250_CalcValues                       0x080062e1   Thumb Code   284  mpu9250v2.o(.text.MPU9250_CalcValues)
    MPU9250_CompFilter                       0x080063fd   Thumb Code   530  mpu9250v2.o(.text.MPU9250_CompFilter)
    MPU9250_StartReading                     0x08006611   Thumb Code    62  mpu9250v2.o(.text.MPU9250_StartReading)
    MemManage_Handler                        0x08006a91   Thumb Code     4  stm32f1xx_it.o(.text.MemManage_Handler)
    NMI_Handler                              0x08006a95   Thumb Code     4  stm32f1xx_it.o(.text.NMI_Handler)
    PendSV_Handler                           0x08006b05   Thumb Code     2  stm32f1xx_it.o(.text.PendSV_Handler)
    Receiver_Decode                          0x08006b45   Thumb Code   712  receiver.o(.text.Receiver_Decode)
    Receiver_Init                            0x08006e0d   Thumb Code   496  receiver.o(.text.Receiver_Init)
    Receiver_MotorControl                    0x08006ffd   Thumb Code  1024  receiver.o(.text.Receiver_MotorControl)
    SVC_Handler                              0x080073fd   Thumb Code     2  stm32f1xx_it.o(.text.SVC_Handler)
    Sensor_ErrorHandler                      0x08007401   Thumb Code   148  main.o(.text.Sensor_ErrorHandler)
    SysTick_Handler                          0x080074e9   Thumb Code     8  stm32f1xx_it.o(.text.SysTick_Handler)
    SystemClock_Config                       0x080074f1   Thumb Code   108  main.o(.text.SystemClock_Config)
    SystemInit                               0x0800755d   Thumb Code     2  system_stm32f1xx.o(.text.SystemInit)
    TIM1_UP_IRQHandler                       0x08007561   Thumb Code    16  stm32f1xx_it.o(.text.TIM1_UP_IRQHandler)
    TIM_Base_SetConfig                       0x08007571   Thumb Code   240  stm32f1xx_hal_tim.o(.text.TIM_Base_SetConfig)
    TIM_CCxChannelCmd                        0x08007661   Thumb Code    54  stm32f1xx_hal_tim.o(.text.TIM_CCxChannelCmd)
    TIM_ETR_SetConfig                        0x08007699   Thumb Code    52  stm32f1xx_hal_tim.o(.text.TIM_ETR_SetConfig)
    TIM_OC2_SetConfig                        0x080077c9   Thumb Code   216  stm32f1xx_hal_tim.o(.text.TIM_OC2_SetConfig)
    UART_Start_Receive_DMA                   0x08007de1   Thumb Code   268  stm32f1xx_hal_uart.o(.text.UART_Start_Receive_DMA)
    UsageFault_Handler                       0x08007fc1   Thumb Code     4  stm32f1xx_it.o(.text.UsageFault_Handler)
    main                                     0x08008085   Thumb Code   136  main.o(.text.main)
    _btod_d2e                                0x0800810d   Thumb Code    62  btod.o(CL$$btod_d2e)
    _d2e_denorm_low                          0x0800814b   Thumb Code    70  btod.o(CL$$btod_d2e_denorm_low)
    _d2e_norm_op1                            0x08008191   Thumb Code    96  btod.o(CL$$btod_d2e_norm_op1)
    __btod_div_common                        0x080081f1   Thumb Code   696  btod.o(CL$$btod_div_common)
    _e2e                                     0x08008529   Thumb Code   220  btod.o(CL$$btod_e2e)
    _btod_ediv                               0x08008605   Thumb Code    42  btod.o(CL$$btod_ediv)
    _btod_emul                               0x0800862f   Thumb Code    42  btod.o(CL$$btod_emul)
    __btod_mult_common                       0x08008659   Thumb Code   580  btod.o(CL$$btod_mult_common)
    __ARM_fpclassify                         0x0800889d   Thumb Code    40  fpclassify.o(i.__ARM_fpclassify)
    __kernel_poly                            0x080088c5   Thumb Code   170  poly.o(i.__kernel_poly)
    __mathlib_dbl_infnan                     0x0800896f   Thumb Code     6  dunder.o(i.__mathlib_dbl_infnan)
    __mathlib_dbl_infnan2                    0x08008975   Thumb Code     4  dunder.o(i.__mathlib_dbl_infnan2)
    __mathlib_dbl_underflow                  0x08008979   Thumb Code    10  dunder.o(i.__mathlib_dbl_underflow)
    _is_digit                                0x08008989   Thumb Code    14  __printf_wp.o(i._is_digit)
    atan                                     0x08008999   Thumb Code   474  atan.o(i.atan)
    atan2                                    0x08008bb9   Thumb Code   374  atan2.o(i.atan2)
    _get_lc_numeric                          0x08008d55   Thumb Code    44  lc_numeric_c.o(locale$$code)
    _get_lc_ctype                            0x08008d81   Thumb Code    44  lc_ctype_c.o(locale$$code)
    __aeabi_d2f                              0x08008dad   Thumb Code     0  d2f.o(x$fpl$d2f)
    _d2f                                     0x08008dad   Thumb Code    98  d2f.o(x$fpl$d2f)
    __aeabi_dadd                             0x08008e11   Thumb Code     0  daddsub_clz.o(x$fpl$dadd)
    _dadd                                    0x08008e11   Thumb Code   332  daddsub_clz.o(x$fpl$dadd)
    __fpl_dcheck_NaN1                        0x08008f61   Thumb Code    10  dcheck1.o(x$fpl$dcheck1)
    __fpl_dcmp_Inf                           0x08008f71   Thumb Code    24  dcmpi.o(x$fpl$dcmpinf)
    __aeabi_ddiv                             0x08008f89   Thumb Code     0  ddiv.o(x$fpl$ddiv)
    _ddiv                                    0x08008f89   Thumb Code   556  ddiv.o(x$fpl$ddiv)
    __aeabi_cdcmpeq                          0x0800923d   Thumb Code     0  deqf.o(x$fpl$deqf)
    _dcmpeq                                  0x0800923d   Thumb Code   120  deqf.o(x$fpl$deqf)
    __aeabi_i2d                              0x080092b5   Thumb Code     0  dflt_clz.o(x$fpl$dflt)
    _dflt                                    0x080092b5   Thumb Code    46  dflt_clz.o(x$fpl$dflt)
    __aeabi_ui2d                             0x080092e3   Thumb Code     0  dflt_clz.o(x$fpl$dfltu)
    _dfltu                                   0x080092e3   Thumb Code    38  dflt_clz.o(x$fpl$dfltu)
    __aeabi_cdcmpge                          0x08009309   Thumb Code     0  dgeqf.o(x$fpl$dgeqf)
    _dcmpge                                  0x08009309   Thumb Code   120  dgeqf.o(x$fpl$dgeqf)
    __aeabi_cdcmple                          0x08009381   Thumb Code     0  dleqf.o(x$fpl$dleqf)
    _dcmple                                  0x08009381   Thumb Code   120  dleqf.o(x$fpl$dleqf)
    __fpl_dcmple_InfNaN                      0x080093e3   Thumb Code     0  dleqf.o(x$fpl$dleqf)
    __aeabi_dmul                             0x080093f9   Thumb Code     0  dmul.o(x$fpl$dmul)
    _dmul                                    0x080093f9   Thumb Code   332  dmul.o(x$fpl$dmul)
    __fpl_dnaninf                            0x0800954d   Thumb Code   156  dnaninf.o(x$fpl$dnaninf)
    __fpl_dretinf                            0x080095e9   Thumb Code    12  dretinf.o(x$fpl$dretinf)
    __aeabi_drsub                            0x080095f5   Thumb Code     0  daddsub_clz.o(x$fpl$drsb)
    _drsb                                    0x080095f5   Thumb Code    22  daddsub_clz.o(x$fpl$drsb)
    __aeabi_dsub                             0x0800960d   Thumb Code     0  daddsub_clz.o(x$fpl$dsub)
    _dsub                                    0x0800960d   Thumb Code   472  daddsub_clz.o(x$fpl$dsub)
    __aeabi_f2d                              0x080097e9   Thumb Code     0  f2d.o(x$fpl$f2d)
    _f2d                                     0x080097e9   Thumb Code    86  f2d.o(x$fpl$f2d)
    __aeabi_fadd                             0x08009841   Thumb Code     0  faddsub_clz.o(x$fpl$fadd)
    _fadd                                    0x08009841   Thumb Code   196  faddsub_clz.o(x$fpl$fadd)
    __aeabi_dcmpeq                           0x08009905   Thumb Code     0  dcmp.o(x$fpl$fcmp)
    _deq                                     0x08009905   Thumb Code    14  dcmp.o(x$fpl$fcmp)
    _dneq                                    0x08009913   Thumb Code    14  dcmp.o(x$fpl$fcmp)
    __aeabi_dcmpgt                           0x08009921   Thumb Code     0  dcmp.o(x$fpl$fcmp)
    _dgr                                     0x08009921   Thumb Code    14  dcmp.o(x$fpl$fcmp)
    __aeabi_dcmpge                           0x0800992f   Thumb Code     0  dcmp.o(x$fpl$fcmp)
    _dgeq                                    0x0800992f   Thumb Code    14  dcmp.o(x$fpl$fcmp)
    __aeabi_dcmple                           0x0800993d   Thumb Code     0  dcmp.o(x$fpl$fcmp)
    _dleq                                    0x0800993d   Thumb Code    14  dcmp.o(x$fpl$fcmp)
    __aeabi_dcmplt                           0x0800994b   Thumb Code     0  dcmp.o(x$fpl$fcmp)
    _dls                                     0x0800994b   Thumb Code    14  dcmp.o(x$fpl$fcmp)
    __aeabi_fcmpeq                           0x08009959   Thumb Code     0  fcmp.o(x$fpl$fcmp)
    _feq                                     0x08009959   Thumb Code    14  fcmp.o(x$fpl$fcmp)
    _fneq                                    0x08009967   Thumb Code    14  fcmp.o(x$fpl$fcmp)
    __aeabi_fcmpgt                           0x08009975   Thumb Code     0  fcmp.o(x$fpl$fcmp)
    _fgr                                     0x08009975   Thumb Code    14  fcmp.o(x$fpl$fcmp)
    __aeabi_fcmpge                           0x08009983   Thumb Code     0  fcmp.o(x$fpl$fcmp)
    _fgeq                                    0x08009983   Thumb Code    14  fcmp.o(x$fpl$fcmp)
    __aeabi_fcmple                           0x08009991   Thumb Code     0  fcmp.o(x$fpl$fcmp)
    _fleq                                    0x08009991   Thumb Code    14  fcmp.o(x$fpl$fcmp)
    __aeabi_fcmplt                           0x0800999f   Thumb Code     0  fcmp.o(x$fpl$fcmp)
    _fls                                     0x0800999f   Thumb Code    14  fcmp.o(x$fpl$fcmp)
    __fpl_fcmp_Inf                           0x080099ad   Thumb Code    24  fcmpi.o(x$fpl$fcmpinf)
    __aeabi_fdiv                             0x080099c5   Thumb Code     0  fdiv.o(x$fpl$fdiv)
    _fdiv                                    0x080099c5   Thumb Code   384  fdiv.o(x$fpl$fdiv)
    __aeabi_cfcmpeq                          0x08009b49   Thumb Code     0  feqf.o(x$fpl$feqf)
    _fcmpeq                                  0x08009b49   Thumb Code   104  feqf.o(x$fpl$feqf)
    __aeabi_f2iz                             0x08009bb1   Thumb Code     0  ffix.o(x$fpl$ffix)
    _ffix                                    0x08009bb1   Thumb Code    54  ffix.o(x$fpl$ffix)
    __aeabi_i2f                              0x08009be9   Thumb Code     0  fflt_clz.o(x$fpl$fflt)
    _fflt                                    0x08009be9   Thumb Code    48  fflt_clz.o(x$fpl$fflt)
    _fcmpge                                  0x08009c19   Thumb Code   104  fgeqf.o(x$fpl$fgeqf)
    __aeabi_cfcmple                          0x08009c81   Thumb Code     0  fleqf.o(x$fpl$fleqf)
    _fcmple                                  0x08009c81   Thumb Code   104  fleqf.o(x$fpl$fleqf)
    __fpl_fcmple_InfNaN                      0x08009cd3   Thumb Code     0  fleqf.o(x$fpl$fleqf)
    __aeabi_fmul                             0x08009ce9   Thumb Code     0  fmul.o(x$fpl$fmul)
    _fmul                                    0x08009ce9   Thumb Code   258  fmul.o(x$fpl$fmul)
    __fpl_fnaninf                            0x08009deb   Thumb Code   140  fnaninf.o(x$fpl$fnaninf)
    __fpl_fretinf                            0x08009e77   Thumb Code    10  fretinf.o(x$fpl$fretinf)
    __aeabi_fsub                             0x08009e81   Thumb Code     0  faddsub_clz.o(x$fpl$fsub)
    _fsub                                    0x08009e81   Thumb Code   234  faddsub_clz.o(x$fpl$fsub)
    _printf_fp_dec                           0x08009f6b   Thumb Code     4  printf1.o(x$fpl$printf1)
    _printf_fp_hex                           0x08009f6f   Thumb Code     4  printf2.o(x$fpl$printf2)
    __fpl_return_NaN                         0x08009f73   Thumb Code   100  retnan.o(x$fpl$retnan)
    __ARM_scalbn                             0x08009fd7   Thumb Code    92  scalbn.o(x$fpl$scalbn)
    __fpl_cmpreturn                          0x0800a033   Thumb Code    48  trapv.o(x$fpl$trapveneer)
    __I$use$fp                               0x0800a062   Number         0  usenofp.o(x$fpl$usenofp)
    __mathlib_zero                           0x0800a140   Data           8  qnan.o(.constdata)
    AHBPrescTable                            0x0800a204   Data          16  system_stm32f1xx.o(.rodata.AHBPrescTable)
    APBPrescTable                            0x0800a214   Data           8  system_stm32f1xx.o(.rodata.APBPrescTable)
    Region$$Table$$Base                      0x0800a2b0   Number         0  anon$$obj.o(Region$$Table)
    Region$$Table$$Limit                     0x0800a2d0   Number         0  anon$$obj.o(Region$$Table)
    __ctype                                  0x0800a2f9   Data           0  lc_ctype_c.o(locale$$data)
    SystemCoreClock                          0x20000000   Data           4  system_stm32f1xx.o(.data.SystemCoreClock)
    uwTickFreq                               0x20000004   Data           1  stm32f1xx_hal.o(.data.uwTickFreq)
    uwTickPrio                               0x20000008   Data           4  stm32f1xx_hal.o(.data.uwTickPrio)
    __libspace_start                         0x20000010   Data          96  libspace.o(.bss)
    MPU9250_InitFinished                     0x20000070   Data           1  mpu9250v2.o(.bss.MPU9250_InitFinished)
    __temporary_stack_top$libspace           0x20000070   Data           0  libspace.o(.bss)
    accel                                    0x20000074   Data          12  mpu9250v2.o(.bss.accel)
    accelSens                                0x20000080   Data           4  mpu9250v2.o(.bss.accelSens)
    fusion                                   0x20000084   Data          12  mpu9250v2.o(.bss.fusion)
    gyro                                     0x20000090   Data          12  mpu9250v2.o(.bss.gyro)
    gyroSens                                 0x2000009c   Data           4  mpu9250v2.o(.bss.gyroSens)
    hdma_i2c1_rx                             0x200000a0   Data          68  main.o(.bss.hdma_i2c1_rx)
    hdma_usart2_rx                           0x200000e4   Data          68  main.o(.bss.hdma_usart2_rx)
    hi2c1                                    0x20000128   Data          84  main.o(.bss.hi2c1)
    htim1                                    0x2000017c   Data          72  main.o(.bss.htim1)
    htim2                                    0x200001c4   Data          72  main.o(.bss.htim2)
    htim3                                    0x2000020c   Data          72  main.o(.bss.htim3)
    huart1                                   0x20000254   Data          72  main.o(.bss.huart1)
    huart2                                   0x2000029c   Data          72  main.o(.bss.huart2)
    mpu9250_RawData                          0x200002e4   Data          14  mpu9250v2.o(.bss.mpu9250_RawData)
    oldTime                                  0x200002f4   Data           4  mpu9250v2.o(.bss.oldTime)
    protocol                                 0x200002f8   Data           1  receiver.o(.bss.protocol)
    pwm_Timer                                0x200002fc   Data           4  receiver.o(.bss.pwm_Timer)
    receiver_ChData                          0x20000300   Data          32  receiver.o(.bss.receiver_ChData)
    receiver_Input                           0x20000320   Data           8  receiver.o(.bss.receiver_Input)
    receiver_RawData                         0x20000328   Data          32  receiver.o(.bss.receiver_RawData)
    temp                                     0x20000348   Data           4  mpu9250v2.o(.bss.temp)
    txt                                      0x2000034c   Data         100  main.o(.bss.txt)
    txt2                                     0x200003b0   Data        1000  main.o(.bss.txt2)
    uwTick                                   0x20000798   Data           4  stm32f1xx_hal.o(.bss.uwTick)



==============================================================================

Memory Map of the image

  Image Entry point : 0x080000ed

  Load Region LR_IROM1 (Base: 0x08000000, Size: 0x0000a410, Max: 0x00020000, ABSOLUTE)

    Execution Region ER_IROM1 (Exec base: 0x08000000, Load base: 0x08000000, Size: 0x0000a3fc, Max: 0x00020000, ABSOLUTE)

    Exec Addr    Load Addr    Size         Type   Attr      Idx    E Section Name        Object

    0x08000000   0x08000000   0x000000ec   Data   RO            3    RESET               startup_stm32f103xb.o
    0x080000ec   0x080000ec   0x00000008   Code   RO         1270  * !!!main             c_w.l(__main.o)
    0x080000f4   0x080000f4   0x00000034   Code   RO         1720    !!!scatter          c_w.l(__scatter.o)
    0x08000128   0x08000128   0x0000001a   Code   RO         1722    !!handler_copy      c_w.l(__scatter_copy.o)
    0x08000142   0x08000142   0x00000002   PAD
    0x08000144   0x08000144   0x0000001c   Code   RO         1724    !!handler_zi        c_w.l(__scatter_zi.o)
    0x08000160   0x08000160   0x00000000   Code   RO         1408    .ARM.Collect$$_printf_percent$$00000000  c_w.l(_printf_percent.o)
    0x08000160   0x08000160   0x00000006   Code   RO         1397    .ARM.Collect$$_printf_percent$$00000001  c_w.l(_printf_n.o)
    0x08000166   0x08000166   0x00000006   Code   RO         1399    .ARM.Collect$$_printf_percent$$00000002  c_w.l(_printf_p.o)
    0x0800016c   0x0800016c   0x00000006   Code   RO         1404    .ARM.Collect$$_printf_percent$$00000003  c_w.l(_printf_f.o)
    0x08000172   0x08000172   0x00000006   Code   RO         1405    .ARM.Collect$$_printf_percent$$00000004  c_w.l(_printf_e.o)
    0x08000178   0x08000178   0x00000006   Code   RO         1406    .ARM.Collect$$_printf_percent$$00000005  c_w.l(_printf_g.o)
    0x0800017e   0x0800017e   0x00000006   Code   RO         1407    .ARM.Collect$$_printf_percent$$00000006  c_w.l(_printf_a.o)
    0x08000184   0x08000184   0x0000000a   Code   RO         1412    .ARM.Collect$$_printf_percent$$00000007  c_w.l(_printf_ll.o)
    0x0800018e   0x0800018e   0x00000006   Code   RO         1401    .ARM.Collect$$_printf_percent$$00000008  c_w.l(_printf_i.o)
    0x08000194   0x08000194   0x00000006   Code   RO         1402    .ARM.Collect$$_printf_percent$$00000009  c_w.l(_printf_d.o)
    0x0800019a   0x0800019a   0x00000006   Code   RO         1403    .ARM.Collect$$_printf_percent$$0000000A  c_w.l(_printf_u.o)
    0x080001a0   0x080001a0   0x00000006   Code   RO         1400    .ARM.Collect$$_printf_percent$$0000000B  c_w.l(_printf_o.o)
    0x080001a6   0x080001a6   0x00000006   Code   RO         1398    .ARM.Collect$$_printf_percent$$0000000C  c_w.l(_printf_x.o)
    0x080001ac   0x080001ac   0x00000006   Code   RO         1409    .ARM.Collect$$_printf_percent$$0000000D  c_w.l(_printf_lli.o)
    0x080001b2   0x080001b2   0x00000006   Code   RO         1410    .ARM.Collect$$_printf_percent$$0000000E  c_w.l(_printf_lld.o)
    0x080001b8   0x080001b8   0x00000006   Code   RO         1411    .ARM.Collect$$_printf_percent$$0000000F  c_w.l(_printf_llu.o)
    0x080001be   0x080001be   0x00000006   Code   RO         1416    .ARM.Collect$$_printf_percent$$00000010  c_w.l(_printf_llo.o)
    0x080001c4   0x080001c4   0x00000006   Code   RO         1417    .ARM.Collect$$_printf_percent$$00000011  c_w.l(_printf_llx.o)
    0x080001ca   0x080001ca   0x0000000a   Code   RO         1413    .ARM.Collect$$_printf_percent$$00000012  c_w.l(_printf_l.o)
    0x080001d4   0x080001d4   0x00000006   Code   RO         1395    .ARM.Collect$$_printf_percent$$00000013  c_w.l(_printf_c.o)
    0x080001da   0x080001da   0x00000006   Code   RO         1396    .ARM.Collect$$_printf_percent$$00000014  c_w.l(_printf_s.o)
    0x080001e0   0x080001e0   0x00000006   Code   RO         1414    .ARM.Collect$$_printf_percent$$00000015  c_w.l(_printf_lc.o)
    0x080001e6   0x080001e6   0x00000006   Code   RO         1415    .ARM.Collect$$_printf_percent$$00000016  c_w.l(_printf_ls.o)
    0x080001ec   0x080001ec   0x00000004   Code   RO         1504    .ARM.Collect$$_printf_percent$$00000017  c_w.l(_printf_percent_end.o)
    0x080001f0   0x080001f0   0x00000002   Code   RO         1568    .ARM.Collect$$libinit$$00000000  c_w.l(libinit.o)
    0x080001f2   0x080001f2   0x00000000   Code   RO         1583    .ARM.Collect$$libinit$$00000002  c_w.l(libinit2.o)
    0x080001f2   0x080001f2   0x00000000   Code   RO         1585    .ARM.Collect$$libinit$$00000004  c_w.l(libinit2.o)
    0x080001f2   0x080001f2   0x00000000   Code   RO         1587    .ARM.Collect$$libinit$$00000006  c_w.l(libinit2.o)
    0x080001f2   0x080001f2   0x00000000   Code   RO         1590    .ARM.Collect$$libinit$$0000000C  c_w.l(libinit2.o)
    0x080001f2   0x080001f2   0x00000000   Code   RO         1592    .ARM.Collect$$libinit$$0000000E  c_w.l(libinit2.o)
    0x080001f2   0x080001f2   0x00000000   Code   RO         1594    .ARM.Collect$$libinit$$00000010  c_w.l(libinit2.o)
    0x080001f2   0x080001f2   0x00000006   Code   RO         1595    .ARM.Collect$$libinit$$00000011  c_w.l(libinit2.o)
    0x080001f8   0x080001f8   0x00000000   Code   RO         1597    .ARM.Collect$$libinit$$00000013  c_w.l(libinit2.o)
    0x080001f8   0x080001f8   0x0000000c   Code   RO         1598    .ARM.Collect$$libinit$$00000014  c_w.l(libinit2.o)
    0x08000204   0x08000204   0x00000000   Code   RO         1599    .ARM.Collect$$libinit$$00000015  c_w.l(libinit2.o)
    0x08000204   0x08000204   0x00000000   Code   RO         1601    .ARM.Collect$$libinit$$00000017  c_w.l(libinit2.o)
    0x08000204   0x08000204   0x0000000a   Code   RO         1602    .ARM.Collect$$libinit$$00000018  c_w.l(libinit2.o)
    0x0800020e   0x0800020e   0x00000000   Code   RO         1603    .ARM.Collect$$libinit$$00000019  c_w.l(libinit2.o)
    0x0800020e   0x0800020e   0x00000000   Code   RO         1605    .ARM.Collect$$libinit$$0000001B  c_w.l(libinit2.o)
    0x0800020e   0x0800020e   0x00000000   Code   RO         1607    .ARM.Collect$$libinit$$0000001D  c_w.l(libinit2.o)
    0x0800020e   0x0800020e   0x00000000   Code   RO         1609    .ARM.Collect$$libinit$$0000001F  c_w.l(libinit2.o)
    0x0800020e   0x0800020e   0x00000000   Code   RO         1611    .ARM.Collect$$libinit$$00000021  c_w.l(libinit2.o)
    0x0800020e   0x0800020e   0x00000000   Code   RO         1613    .ARM.Collect$$libinit$$00000023  c_w.l(libinit2.o)
    0x0800020e   0x0800020e   0x00000000   Code   RO         1615    .ARM.Collect$$libinit$$00000025  c_w.l(libinit2.o)
    0x0800020e   0x0800020e   0x00000000   Code   RO         1617    .ARM.Collect$$libinit$$00000027  c_w.l(libinit2.o)
    0x0800020e   0x0800020e   0x00000000   Code   RO         1621    .ARM.Collect$$libinit$$0000002E  c_w.l(libinit2.o)
    0x0800020e   0x0800020e   0x00000000   Code   RO         1623    .ARM.Collect$$libinit$$00000030  c_w.l(libinit2.o)
    0x0800020e   0x0800020e   0x00000000   Code   RO         1625    .ARM.Collect$$libinit$$00000032  c_w.l(libinit2.o)
    0x0800020e   0x0800020e   0x00000000   Code   RO         1627    .ARM.Collect$$libinit$$00000034  c_w.l(libinit2.o)
    0x0800020e   0x0800020e   0x00000002   Code   RO         1628    .ARM.Collect$$libinit$$00000035  c_w.l(libinit2.o)
    0x08000210   0x08000210   0x00000002   Code   RO         1656    .ARM.Collect$$libshutdown$$00000000  c_w.l(libshutdown.o)
    0x08000212   0x08000212   0x00000000   Code   RO         1671    .ARM.Collect$$libshutdown$$00000002  c_w.l(libshutdown2.o)
    0x08000212   0x08000212   0x00000000   Code   RO         1673    .ARM.Collect$$libshutdown$$00000004  c_w.l(libshutdown2.o)
    0x08000212   0x08000212   0x00000000   Code   RO         1676    .ARM.Collect$$libshutdown$$00000007  c_w.l(libshutdown2.o)
    0x08000212   0x08000212   0x00000000   Code   RO         1679    .ARM.Collect$$libshutdown$$0000000A  c_w.l(libshutdown2.o)
    0x08000212   0x08000212   0x00000000   Code   RO         1681    .ARM.Collect$$libshutdown$$0000000C  c_w.l(libshutdown2.o)
    0x08000212   0x08000212   0x00000000   Code   RO         1684    .ARM.Collect$$libshutdown$$0000000F  c_w.l(libshutdown2.o)
    0x08000212   0x08000212   0x00000002   Code   RO         1685    .ARM.Collect$$libshutdown$$00000010  c_w.l(libshutdown2.o)
    0x08000214   0x08000214   0x00000000   Code   RO         1324    .ARM.Collect$$rtentry$$00000000  c_w.l(__rtentry.o)
    0x08000214   0x08000214   0x00000000   Code   RO         1468    .ARM.Collect$$rtentry$$00000002  c_w.l(__rtentry2.o)
    0x08000214   0x08000214   0x00000006   Code   RO         1480    .ARM.Collect$$rtentry$$00000004  c_w.l(__rtentry4.o)
    0x0800021a   0x0800021a   0x00000000   Code   RO         1470    .ARM.Collect$$rtentry$$00000009  c_w.l(__rtentry2.o)
    0x0800021a   0x0800021a   0x00000004   Code   RO         1471    .ARM.Collect$$rtentry$$0000000A  c_w.l(__rtentry2.o)
    0x0800021e   0x0800021e   0x00000000   Code   RO         1473    .ARM.Collect$$rtentry$$0000000C  c_w.l(__rtentry2.o)
    0x0800021e   0x0800021e   0x00000008   Code   RO         1474    .ARM.Collect$$rtentry$$0000000D  c_w.l(__rtentry2.o)
    0x08000226   0x08000226   0x00000002   Code   RO         1573    .ARM.Collect$$rtexit$$00000000  c_w.l(rtexit.o)
    0x08000228   0x08000228   0x00000000   Code   RO         1632    .ARM.Collect$$rtexit$$00000002  c_w.l(rtexit2.o)
    0x08000228   0x08000228   0x00000004   Code   RO         1633    .ARM.Collect$$rtexit$$00000003  c_w.l(rtexit2.o)
    0x0800022c   0x0800022c   0x00000006   Code   RO         1634    .ARM.Collect$$rtexit$$00000004  c_w.l(rtexit2.o)
    0x08000232   0x08000232   0x00000002   PAD
    0x08000234   0x08000234   0x00000040   Code   RO            4    .text               startup_stm32f103xb.o
    0x08000274   0x08000274   0x0000002c   Code   RO         1260    .text               c_w.l(sprintf.o)
    0x080002a0   0x080002a0   0x0000003e   Code   RO         1262    .text               c_w.l(strlen.o)
    0x080002de   0x080002de   0x00000018   Code   RO         1264    .text               c_w.l(strcat.o)
    0x080002f6   0x080002f6   0x0000004e   Code   RO         1266    .text               c_w.l(rt_memclr_w.o)
    0x08000344   0x08000344   0x00000006   Code   RO         1268    .text               c_w.l(heapauxi.o)
    0x0800034a   0x0800034a   0x00000016   Code   RO         1325    .text               c_w.l(_rserrno.o)
    0x08000360   0x08000360   0x0000004e   Code   RO         1329    .text               c_w.l(_printf_pad.o)
    0x080003ae   0x080003ae   0x00000024   Code   RO         1331    .text               c_w.l(_printf_truncate.o)
    0x080003d2   0x080003d2   0x00000052   Code   RO         1333    .text               c_w.l(_printf_str.o)
    0x08000424   0x08000424   0x00000078   Code   RO         1335    .text               c_w.l(_printf_dec.o)
    0x0800049c   0x0800049c   0x00000028   Code   RO         1337    .text               c_w.l(_printf_charcount.o)
    0x080004c4   0x080004c4   0x00000030   Code   RO         1339    .text               c_w.l(_printf_char_common.o)
    0x080004f4   0x080004f4   0x0000000a   Code   RO         1341    .text               c_w.l(_sputc.o)
    0x080004fe   0x080004fe   0x00000002   PAD
    0x08000500   0x08000500   0x000000bc   Code   RO         1343    .text               c_w.l(_printf_wctomb.o)
    0x080005bc   0x080005bc   0x0000007c   Code   RO         1346    .text               c_w.l(_printf_longlong_dec.o)
    0x08000638   0x08000638   0x00000070   Code   RO         1352    .text               c_w.l(_printf_oct_int_ll.o)
    0x080006a8   0x080006a8   0x00000094   Code   RO         1372    .text               c_w.l(_printf_hex_int_ll_ptr.o)
    0x0800073c   0x0800073c   0x00000188   Code   RO         1392    .text               c_w.l(__printf_flags_ss_wp.o)
    0x080008c4   0x080008c4   0x00000008   Code   RO         1485    .text               c_w.l(rt_errno_addr_intlibspace.o)
    0x080008cc   0x080008cc   0x0000008a   Code   RO         1487    .text               c_w.l(lludiv10.o)
    0x08000956   0x08000956   0x000000b2   Code   RO         1489    .text               c_w.l(_printf_intcommon.o)
    0x08000a08   0x08000a08   0x0000041c   Code   RO         1491    .text               c_w.l(_printf_fp_dec.o)
    0x08000e24   0x08000e24   0x000002fc   Code   RO         1495    .text               c_w.l(_printf_fp_hex.o)
    0x08001120   0x08001120   0x0000002c   Code   RO         1500    .text               c_w.l(_printf_char.o)
    0x0800114c   0x0800114c   0x0000002c   Code   RO         1502    .text               c_w.l(_printf_wchar.o)
    0x08001178   0x08001178   0x00000048   Code   RO         1505    .text               c_w.l(_c16rtomb.o)
    0x080011c0   0x080011c0   0x00000008   Code   RO         1517    .text               c_w.l(libspace.o)
    0x080011c8   0x080011c8   0x0000004a   Code   RO         1520    .text               c_w.l(sys_stackheap_outer.o)
    0x08001212   0x08001212   0x00000002   PAD
    0x08001214   0x08001214   0x00000010   Code   RO         1522    .text               c_w.l(rt_ctype_table.o)
    0x08001224   0x08001224   0x00000008   Code   RO         1527    .text               c_w.l(rt_locale_intlibspace.o)
    0x0800122c   0x0800122c   0x00000080   Code   RO         1529    .text               c_w.l(_printf_fp_infnan.o)
    0x080012ac   0x080012ac   0x000000e4   Code   RO         1531    .text               c_w.l(bigflt0.o)
    0x08001390   0x08001390   0x00000012   Code   RO         1561    .text               c_w.l(exit.o)
    0x080013a2   0x080013a2   0x00000002   PAD
    0x080013a4   0x080013a4   0x00000080   Code   RO         1580    .text               c_w.l(strcmpv7m.o)
    0x08001424   0x08001424   0x0000000c   Code   RO         1646    .text               c_w.l(sys_exit.o)
    0x08001430   0x08001430   0x00000002   Code   RO         1661    .text               c_w.l(use_no_semi.o)
    0x08001432   0x08001432   0x00000000   Code   RO         1663    .text               c_w.l(indicate_semi.o)
    0x08001432   0x08001432   0x00000002   PAD
    0x08001434   0x08001434   0x00000004   Code   RO           65    .text.BusFault_Handler  stm32f1xx_it.o
    0x08001438   0x08001438   0x00000010   Code   RO           77    .text.DMA1_Channel6_IRQHandler  stm32f1xx_it.o
    0x08001448   0x08001448   0x00000010   Code   RO           79    .text.DMA1_Channel7_IRQHandler  stm32f1xx_it.o
    0x08001458   0x08001458   0x00000050   Code   RO          448    .text.DMA_SetConfig  stm32f1xx_hal_dma.o
    0x080014a8   0x080014a8   0x00000002   Code   RO           71    .text.DebugMon_Handler  stm32f1xx_it.o
    0x080014aa   0x080014aa   0x00000002   PAD
    0x080014ac   0x080014ac   0x0000000e   Code   RO           37    .text.Error_Handler  main.o
    0x080014ba   0x080014ba   0x00000002   PAD
    0x080014bc   0x080014bc   0x0000011c   Code   RO          454    .text.HAL_DMA_Abort_IT  stm32f1xx_hal_dma.o
    0x080015d8   0x080015d8   0x0000000e   Code   RO          464    .text.HAL_DMA_GetState  stm32f1xx_hal_dma.o
    0x080015e6   0x080015e6   0x00000002   PAD
    0x080015e8   0x080015e8   0x00000286   Code   RO          458    .text.HAL_DMA_IRQHandler  stm32f1xx_hal_dma.o
    0x0800186e   0x0800186e   0x00000002   PAD
    0x08001870   0x08001870   0x000000ae   Code   RO          442    .text.HAL_DMA_Init  stm32f1xx_hal_dma.o
    0x0800191e   0x0800191e   0x00000002   PAD
    0x08001920   0x08001920   0x000000ca   Code   RO          450    .text.HAL_DMA_Start_IT  stm32f1xx_hal_dma.o
    0x080019ea   0x080019ea   0x00000002   PAD
    0x080019ec   0x080019ec   0x00000042   Code   RO          325    .text.HAL_Delay     stm32f1xx_hal.o
    0x08001a2e   0x08001a2e   0x00000002   PAD
    0x08001a30   0x08001a30   0x0000031e   Code   RO          419    .text.HAL_GPIO_Init  stm32f1xx_hal_gpio.o
    0x08001d4e   0x08001d4e   0x00000002   PAD
    0x08001d50   0x08001d50   0x0000002e   Code   RO          425    .text.HAL_GPIO_WritePin  stm32f1xx_hal_gpio.o
    0x08001d7e   0x08001d7e   0x00000002   PAD
    0x08001d80   0x08001d80   0x0000000c   Code   RO          317    .text.HAL_GetTick   stm32f1xx_hal.o
    0x08001d8c   0x08001d8c   0x0000009e   Code   RO         1025    .text.HAL_HalfDuplex_Init  stm32f1xx_hal_uart.o
    0x08001e2a   0x08001e2a   0x00000002   PAD
    0x08001e2c   0x08001e2c   0x00000008   Code   RO          282    .text.HAL_I2C_AbortCpltCallback  stm32f1xx_hal_i2c.o
    0x08001e34   0x08001e34   0x00000010   Code   RO          272    .text.HAL_I2C_AddrCallback  stm32f1xx_hal_i2c.o
    0x08001e44   0x08001e44   0x00000186   Code   RO          260    .text.HAL_I2C_ER_IRQHandler  stm32f1xx_hal_i2c.o
    0x08001fca   0x08001fca   0x00000002   PAD
    0x08001fcc   0x08001fcc   0x000003ca   Code   RO          228    .text.HAL_I2C_EV_IRQHandler  stm32f1xx_hal_i2c.o
    0x08002396   0x08002396   0x00000002   PAD
    0x08002398   0x08002398   0x00000008   Code   RO          280    .text.HAL_I2C_ErrorCallback  stm32f1xx_hal_i2c.o
    0x080023a0   0x080023a0   0x000002a4   Code   RO          134    .text.HAL_I2C_Init  stm32f1xx_hal_i2c.o
    0x08002644   0x08002644   0x00000008   Code   RO          274    .text.HAL_I2C_ListenCpltCallback  stm32f1xx_hal_i2c.o
    0x0800264c   0x0800264c   0x00000008   Code   RO          266    .text.HAL_I2C_MasterRxCpltCallback  stm32f1xx_hal_i2c.o
    0x08002654   0x08002654   0x00000008   Code   RO          264    .text.HAL_I2C_MasterTxCpltCallback  stm32f1xx_hal_i2c.o
    0x0800265c   0x0800265c   0x00000048   Code   RO           13    .text.HAL_I2C_MemRxCpltCallback  main.o
    0x080026a4   0x080026a4   0x00000008   Code   RO          276    .text.HAL_I2C_MemTxCpltCallback  stm32f1xx_hal_i2c.o
    0x080026ac   0x080026ac   0x00000352   Code   RO          198    .text.HAL_I2C_Mem_Read_DMA  stm32f1xx_hal_i2c.o
    0x080029fe   0x080029fe   0x00000002   PAD
    0x08002a00   0x08002a00   0x000000ea   Code   RO           96    .text.HAL_I2C_MspInit  stm32f1xx_hal_msp.o
    0x08002aea   0x08002aea   0x00000002   PAD
    0x08002aec   0x08002aec   0x00000008   Code   RO          270    .text.HAL_I2C_SlaveRxCpltCallback  stm32f1xx_hal_i2c.o
    0x08002af4   0x08002af4   0x00000008   Code   RO          268    .text.HAL_I2C_SlaveTxCpltCallback  stm32f1xx_hal_i2c.o
    0x08002afc   0x08002afc   0x0000001a   Code   RO          315    .text.HAL_IncTick   stm32f1xx_hal.o
    0x08002b16   0x08002b16   0x00000002   PAD
    0x08002b18   0x08002b18   0x00000026   Code   RO          305    .text.HAL_Init      stm32f1xx_hal.o
    0x08002b3e   0x08002b3e   0x00000002   PAD
    0x08002b40   0x08002b40   0x00000070   Code   RO          307    .text.HAL_InitTick  stm32f1xx_hal.o
    0x08002bb0   0x08002bb0   0x00000064   Code   RO           94    .text.HAL_MspInit   stm32f1xx_hal_msp.o
    0x08002c14   0x08002c14   0x00000014   Code   RO          487    .text.HAL_NVIC_EnableIRQ  stm32f1xx_hal_cortex.o
    0x08002c28   0x08002c28   0x00000032   Code   RO          479    .text.HAL_NVIC_SetPriority  stm32f1xx_hal_cortex.o
    0x08002c5a   0x08002c5a   0x00000002   PAD
    0x08002c5c   0x08002c5c   0x00000010   Code   RO          475    .text.HAL_NVIC_SetPriorityGrouping  stm32f1xx_hal_cortex.o
    0x08002c6c   0x08002c6c   0x00000256   Code   RO          371    .text.HAL_RCC_ClockConfig  stm32f1xx_hal_rcc.o
    0x08002ec2   0x08002ec2   0x00000002   PAD
    0x08002ec4   0x08002ec4   0x0000000c   Code   RO          381    .text.HAL_RCC_GetHCLKFreq  stm32f1xx_hal_rcc.o
    0x08002ed0   0x08002ed0   0x00000022   Code   RO          383    .text.HAL_RCC_GetPCLK1Freq  stm32f1xx_hal_rcc.o
    0x08002ef2   0x08002ef2   0x00000002   PAD
    0x08002ef4   0x08002ef4   0x00000022   Code   RO          385    .text.HAL_RCC_GetPCLK2Freq  stm32f1xx_hal_rcc.o
    0x08002f16   0x08002f16   0x00000002   PAD
    0x08002f18   0x08002f18   0x000000bc   Code   RO          373    .text.HAL_RCC_GetSysClockFreq  stm32f1xx_hal_rcc.o
    0x08002fd4   0x08002fd4   0x0000067a   Code   RO          367    .text.HAL_RCC_OscConfig  stm32f1xx_hal_rcc.o
    0x0800364e   0x0800364e   0x00000002   PAD
    0x08003650   0x08003650   0x00000010   Code   RO          499    .text.HAL_SYSTICK_Config  stm32f1xx_hal_cortex.o
    0x08003660   0x08003660   0x00000008   Code   RO         1006    .text.HAL_TIMEx_BreakCallback  stm32f1xx_hal_tim_ex.o
    0x08003668   0x08003668   0x00000008   Code   RO         1002    .text.HAL_TIMEx_CommutCallback  stm32f1xx_hal_tim_ex.o
    0x08003670   0x08003670   0x000000dc   Code   RO          996    .text.HAL_TIMEx_MasterConfigSynchronization  stm32f1xx_hal_tim_ex.o
    0x0800374c   0x0800374c   0x0000009c   Code   RO          683    .text.HAL_TIM_Base_Init  stm32f1xx_hal_tim.o
    0x080037e8   0x080037e8   0x0000007c   Code   RO          100    .text.HAL_TIM_Base_MspInit  stm32f1xx_hal_msp.o
    0x08003864   0x08003864   0x000000b0   Code   RO          697    .text.HAL_TIM_Base_Start_IT  stm32f1xx_hal_tim.o
    0x08003914   0x08003914   0x00000184   Code   RO          875    .text.HAL_TIM_ConfigClockSource  stm32f1xx_hal_tim.o
    0x08003a98   0x08003a98   0x00000008   Code   RO          819    .text.HAL_TIM_IC_CaptureCallback  stm32f1xx_hal_tim.o
    0x08003aa0   0x08003aa0   0x0000027a   Code   RO          817    .text.HAL_TIM_IRQHandler  stm32f1xx_hal_tim.o
    0x08003d1a   0x08003d1a   0x00000002   PAD
    0x08003d1c   0x08003d1c   0x00000098   Code   RO          104    .text.HAL_TIM_MspPostInit  stm32f1xx_hal_msp.o
    0x08003db4   0x08003db4   0x00000008   Code   RO          821    .text.HAL_TIM_OC_DelayElapsedCallback  stm32f1xx_hal_tim.o
    0x08003dbc   0x08003dbc   0x00000142   Code   RO          849    .text.HAL_TIM_PWM_ConfigChannel  stm32f1xx_hal_tim.o
    0x08003efe   0x08003efe   0x00000002   PAD
    0x08003f00   0x08003f00   0x0000009c   Code   RO          737    .text.HAL_TIM_PWM_Init  stm32f1xx_hal_tim.o
    0x08003f9c   0x08003f9c   0x0000003a   Code   RO          102    .text.HAL_TIM_PWM_MspInit  stm32f1xx_hal_msp.o
    0x08003fd6   0x08003fd6   0x00000002   PAD
    0x08003fd8   0x08003fd8   0x00000008   Code   RO          823    .text.HAL_TIM_PWM_PulseFinishedCallback  stm32f1xx_hal_tim.o
    0x08003fe0   0x08003fe0   0x00000160   Code   RO          745    .text.HAL_TIM_PWM_Start  stm32f1xx_hal_tim.o
    0x08004140   0x08004140   0x000000c6   Code   RO           11    .text.HAL_TIM_PeriodElapsedCallback  main.o
    0x08004206   0x08004206   0x00000002   PAD
    0x08004208   0x08004208   0x00000008   Code   RO          827    .text.HAL_TIM_TriggerCallback  stm32f1xx_hal_tim.o
    0x08004210   0x08004210   0x0000000c   Code   RO         1111    .text.HAL_UARTEx_RxEventCallback  stm32f1xx_hal_uart.o
    0x0800421c   0x0800421c   0x00000008   Code   RO         1109    .text.HAL_UART_ErrorCallback  stm32f1xx_hal_uart.o
    0x08004224   0x08004224   0x0000009e   Code   RO         1019    .text.HAL_UART_Init  stm32f1xx_hal_uart.o
    0x080042c2   0x080042c2   0x00000002   PAD
    0x080042c4   0x080042c4   0x00000150   Code   RO          110    .text.HAL_UART_MspInit  stm32f1xx_hal_msp.o
    0x08004414   0x08004414   0x00000136   Code   RO         1039    .text.HAL_UART_Receive  stm32f1xx_hal_uart.o
    0x0800454a   0x0800454a   0x00000002   PAD
    0x0800454c   0x0800454c   0x00000056   Code   RO         1055    .text.HAL_UART_Receive_DMA  stm32f1xx_hal_uart.o
    0x080045a2   0x080045a2   0x00000002   PAD
    0x080045a4   0x080045a4   0x00000008   Code   RO         1121    .text.HAL_UART_RxCpltCallback  stm32f1xx_hal_uart.o
    0x080045ac   0x080045ac   0x00000008   Code   RO         1123    .text.HAL_UART_RxHalfCpltCallback  stm32f1xx_hal_uart.o
    0x080045b4   0x080045b4   0x0000011e   Code   RO         1035    .text.HAL_UART_Transmit  stm32f1xx_hal_uart.o
    0x080046d2   0x080046d2   0x00000002   PAD
    0x080046d4   0x080046d4   0x00000004   Code   RO           61    .text.HardFault_Handler  stm32f1xx_it.o
    0x080046d8   0x080046d8   0x00000010   Code   RO           85    .text.I2C1_ER_IRQHandler  stm32f1xx_it.o
    0x080046e8   0x080046e8   0x00000010   Code   RO           83    .text.I2C1_EV_IRQHandler  stm32f1xx_it.o
    0x080046f8   0x080046f8   0x00000034   Code   RO          230    .text.I2C_ConvertOtherXferOptions  stm32f1xx_hal_i2c.o
    0x0800472c   0x0800472c   0x00000156   Code   RO          214    .text.I2C_DMAAbort  stm32f1xx_hal_i2c.o
    0x08004882   0x08004882   0x00000002   PAD
    0x08004884   0x08004884   0x00000064   Code   RO          176    .text.I2C_DMAError  stm32f1xx_hal_i2c.o
    0x080048e8   0x080048e8   0x000001ba   Code   RO          174    .text.I2C_DMAXferCplt  stm32f1xx_hal_i2c.o
    0x08004aa2   0x08004aa2   0x00000002   PAD
    0x08004aa4   0x08004aa4   0x00000024   Code   RO          290    .text.I2C_Flush_DR  stm32f1xx_hal_i2c.o
    0x08004ac8   0x08004ac8   0x0000027a   Code   RO          226    .text.I2C_ITError   stm32f1xx_hal_i2c.o
    0x08004d42   0x08004d42   0x00000002   PAD
    0x08004d44   0x08004d44   0x00000064   Code   RO          296    .text.I2C_IsAcknowledgeFailed  stm32f1xx_hal_i2c.o
    0x08004da8   0x08004da8   0x0000019e   Code   RO          246    .text.I2C_MasterReceive_BTF  stm32f1xx_hal_i2c.o
    0x08004f46   0x08004f46   0x00000002   PAD
    0x08004f48   0x08004f48   0x00000148   Code   RO          244    .text.I2C_MasterReceive_RXNE  stm32f1xx_hal_i2c.o
    0x08005090   0x08005090   0x000000de   Code   RO          240    .text.I2C_MasterTransmit_BTF  stm32f1xx_hal_i2c.o
    0x0800516e   0x0800516e   0x00000002   PAD
    0x08005170   0x08005170   0x0000013e   Code   RO          238    .text.I2C_MasterTransmit_TXE  stm32f1xx_hal_i2c.o
    0x080052ae   0x080052ae   0x00000002   PAD
    0x080052b0   0x080052b0   0x00000046   Code   RO          234    .text.I2C_Master_ADD10  stm32f1xx_hal_i2c.o
    0x080052f6   0x080052f6   0x00000002   PAD
    0x080052f8   0x080052f8   0x00000358   Code   RO          236    .text.I2C_Master_ADDR  stm32f1xx_hal_i2c.o
    0x08005650   0x08005650   0x000000f0   Code   RO          232    .text.I2C_Master_SB  stm32f1xx_hal_i2c.o
    0x08005740   0x08005740   0x00000128   Code   RO          242    .text.I2C_MemoryTransmit_TXE_BTF  stm32f1xx_hal_i2c.o
    0x08005868   0x08005868   0x000001e2   Code   RO          190    .text.I2C_RequestMemoryRead  stm32f1xx_hal_i2c.o
    0x08005a4a   0x08005a4a   0x00000002   PAD
    0x08005a4c   0x08005a4c   0x0000002e   Code   RO          258    .text.I2C_SlaveReceive_BTF  stm32f1xx_hal_i2c.o
    0x08005a7a   0x08005a7a   0x00000002   PAD
    0x08005a7c   0x08005a7c   0x0000006e   Code   RO          256    .text.I2C_SlaveReceive_RXNE  stm32f1xx_hal_i2c.o
    0x08005aea   0x08005aea   0x00000002   PAD
    0x08005aec   0x08005aec   0x0000002c   Code   RO          254    .text.I2C_SlaveTransmit_BTF  stm32f1xx_hal_i2c.o
    0x08005b18   0x08005b18   0x0000006c   Code   RO          252    .text.I2C_SlaveTransmit_TXE  stm32f1xx_hal_i2c.o
    0x08005b84   0x08005b84   0x000000ae   Code   RO          248    .text.I2C_Slave_ADDR  stm32f1xx_hal_i2c.o
    0x08005c32   0x08005c32   0x00000002   PAD
    0x08005c34   0x08005c34   0x000000e4   Code   RO          262    .text.I2C_Slave_AF  stm32f1xx_hal_i2c.o
    0x08005d18   0x08005d18   0x0000024a   Code   RO          250    .text.I2C_Slave_STOPF  stm32f1xx_hal_i2c.o
    0x08005f62   0x08005f62   0x00000002   PAD
    0x08005f64   0x08005f64   0x00000108   Code   RO          144    .text.I2C_WaitOnFlagUntilTimeout  stm32f1xx_hal_i2c.o
    0x0800606c   0x0800606c   0x00000154   Code   RO          294    .text.I2C_WaitOnMasterAddressFlagUntilTimeout  stm32f1xx_hal_i2c.o
    0x080061c0   0x080061c0   0x00000078   Code   RO          292    .text.I2C_WaitOnSTOPRequestThroughIT  stm32f1xx_hal_i2c.o
    0x08006238   0x08006238   0x000000a8   Code   RO          148    .text.I2C_WaitOnTXEFlagUntilTimeout  stm32f1xx_hal_i2c.o
    0x080062e0   0x080062e0   0x0000011c   Code   RO         1178    .text.MPU9250_CalcValues  mpu9250v2.o
    0x080063fc   0x080063fc   0x00000212   Code   RO         1180    .text.MPU9250_CompFilter  mpu9250v2.o
    0x0800660e   0x0800660e   0x00000002   PAD
    0x08006610   0x08006610   0x0000003e   Code   RO         1170    .text.MPU9250_StartReading  mpu9250v2.o
    0x0800664e   0x0800664e   0x00000002   PAD
    0x08006650   0x08006650   0x0000004c   Code   RO           21    .text.MX_DMA_Init   main.o
    0x0800669c   0x0800669c   0x00000132   Code   RO           19    .text.MX_GPIO_Init  main.o
    0x080067ce   0x080067ce   0x00000002   PAD
    0x080067d0   0x080067d0   0x00000048   Code   RO           31    .text.MX_I2C1_Init  main.o
    0x08006818   0x08006818   0x0000008a   Code   RO           23    .text.MX_TIM1_Init  main.o
    0x080068a2   0x080068a2   0x00000002   PAD
    0x080068a4   0x080068a4   0x00000080   Code   RO           25    .text.MX_TIM2_Init  main.o
    0x08006924   0x08006924   0x000000ec   Code   RO           33    .text.MX_TIM3_Init  main.o
    0x08006a10   0x08006a10   0x00000040   Code   RO           27    .text.MX_USART1_UART_Init  main.o
    0x08006a50   0x08006a50   0x00000040   Code   RO           29    .text.MX_USART2_UART_Init  main.o
    0x08006a90   0x08006a90   0x00000004   Code   RO           63    .text.MemManage_Handler  stm32f1xx_it.o
    0x08006a94   0x08006a94   0x00000004   Code   RO           59    .text.NMI_Handler   stm32f1xx_it.o
    0x08006a98   0x08006a98   0x0000006c   Code   RO          485    .text.NVIC_EncodePriority  stm32f1xx_hal_cortex.o
    0x08006b04   0x08006b04   0x00000002   Code   RO           73    .text.PendSV_Handler  stm32f1xx_it.o
    0x08006b06   0x08006b06   0x00000002   PAD
    0x08006b08   0x08006b08   0x0000003a   Code   RO          369    .text.RCC_Delay     stm32f1xx_hal_rcc.o
    0x08006b42   0x08006b42   0x00000002   PAD
    0x08006b44   0x08006b44   0x000002c8   Code   RO         1243    .text.Receiver_Decode  receiver.o
    0x08006e0c   0x08006e0c   0x000001f0   Code   RO         1241    .text.Receiver_Init  receiver.o
    0x08006ffc   0x08006ffc   0x00000400   Code   RO         1245    .text.Receiver_MotorControl  receiver.o
    0x080073fc   0x080073fc   0x00000002   Code   RO           69    .text.SVC_Handler   stm32f1xx_it.o
    0x080073fe   0x080073fe   0x00000002   PAD
    0x08007400   0x08007400   0x00000094   Code   RO           35    .text.Sensor_ErrorHandler  main.o
    0x08007494   0x08007494   0x00000052   Code   RO          501    .text.SysTick_Config  stm32f1xx_hal_cortex.o
    0x080074e6   0x080074e6   0x00000002   PAD
    0x080074e8   0x080074e8   0x00000008   Code   RO           75    .text.SysTick_Handler  stm32f1xx_it.o
    0x080074f0   0x080074f0   0x0000006c   Code   RO           17    .text.SystemClock_Config  main.o
    0x0800755c   0x0800755c   0x00000002   Code   RO         1150    .text.SystemInit    system_stm32f1xx.o
    0x0800755e   0x0800755e   0x00000002   PAD
    0x08007560   0x08007560   0x00000010   Code   RO           81    .text.TIM1_UP_IRQHandler  stm32f1xx_it.o
    0x08007570   0x08007570   0x000000f0   Code   RO          687    .text.TIM_Base_SetConfig  stm32f1xx_hal_tim.o
    0x08007660   0x08007660   0x00000036   Code   RO          721    .text.TIM_CCxChannelCmd  stm32f1xx_hal_tim.o
    0x08007696   0x08007696   0x00000002   PAD
    0x08007698   0x08007698   0x00000034   Code   RO          873    .text.TIM_ETR_SetConfig  stm32f1xx_hal_tim.o
    0x080076cc   0x080076cc   0x0000002a   Code   RO          879    .text.TIM_ITRx_SetConfig  stm32f1xx_hal_tim.o
    0x080076f6   0x080076f6   0x00000002   PAD
    0x080076f8   0x080076f8   0x000000ce   Code   RO          831    .text.TIM_OC1_SetConfig  stm32f1xx_hal_tim.o
    0x080077c6   0x080077c6   0x00000002   PAD
    0x080077c8   0x080077c8   0x000000d8   Code   RO          833    .text.TIM_OC2_SetConfig  stm32f1xx_hal_tim.o
    0x080078a0   0x080078a0   0x000000d6   Code   RO          835    .text.TIM_OC3_SetConfig  stm32f1xx_hal_tim.o
    0x08007976   0x08007976   0x00000002   PAD
    0x08007978   0x08007978   0x00000096   Code   RO          837    .text.TIM_OC4_SetConfig  stm32f1xx_hal_tim.o
    0x08007a0e   0x08007a0e   0x00000002   PAD
    0x08007a10   0x08007a10   0x00000050   Code   RO          877    .text.TIM_TI1_ConfigInputStage  stm32f1xx_hal_tim.o
    0x08007a60   0x08007a60   0x00000052   Code   RO          881    .text.TIM_TI2_ConfigInputStage  stm32f1xx_hal_tim.o
    0x08007ab2   0x08007ab2   0x00000002   PAD
    0x08007ab4   0x08007ab4   0x0000007c   Code   RO         1053    .text.UART_DMAError  stm32f1xx_hal_uart.o
    0x08007b30   0x08007b30   0x000000f4   Code   RO         1139    .text.UART_DMAReceiveCplt  stm32f1xx_hal_uart.o
    0x08007c24   0x08007c24   0x00000034   Code   RO         1141    .text.UART_DMARxHalfCplt  stm32f1xx_hal_uart.o
    0x08007c58   0x08007c58   0x00000094   Code   RO         1067    .text.UART_EndRxTransfer  stm32f1xx_hal_uart.o
    0x08007cec   0x08007cec   0x00000036   Code   RO         1065    .text.UART_EndTxTransfer  stm32f1xx_hal_uart.o
    0x08007d22   0x08007d22   0x00000002   PAD
    0x08007d24   0x08007d24   0x000000ba   Code   RO         1023    .text.UART_SetConfig  stm32f1xx_hal_uart.o
    0x08007dde   0x08007dde   0x00000002   PAD
    0x08007de0   0x08007de0   0x0000010c   Code   RO         1057    .text.UART_Start_Receive_DMA  stm32f1xx_hal_uart.o
    0x08007eec   0x08007eec   0x000000d2   Code   RO         1037    .text.UART_WaitOnFlagUntilTimeout  stm32f1xx_hal_uart.o
    0x08007fbe   0x08007fbe   0x00000002   PAD
    0x08007fc0   0x08007fc0   0x00000004   Code   RO           67    .text.UsageFault_Handler  stm32f1xx_it.o
    0x08007fc4   0x08007fc4   0x00000030   Code   RO          489    .text.__NVIC_EnableIRQ  stm32f1xx_hal_cortex.o
    0x08007ff4   0x08007ff4   0x00000010   Code   RO          481    .text.__NVIC_GetPriorityGrouping  stm32f1xx_hal_cortex.o
    0x08008004   0x08008004   0x00000042   Code   RO          483    .text.__NVIC_SetPriority  stm32f1xx_hal_cortex.o
    0x08008046   0x08008046   0x00000002   PAD
    0x08008048   0x08008048   0x0000003c   Code   RO          477    .text.__NVIC_SetPriorityGrouping  stm32f1xx_hal_cortex.o
    0x08008084   0x08008084   0x00000088   Code   RO           15    .text.main          main.o
    0x0800810c   0x0800810c   0x0000003e   Code   RO         1534    CL$$btod_d2e        c_w.l(btod.o)
    0x0800814a   0x0800814a   0x00000046   Code   RO         1536    CL$$btod_d2e_denorm_low  c_w.l(btod.o)
    0x08008190   0x08008190   0x00000060   Code   RO         1535    CL$$btod_d2e_norm_op1  c_w.l(btod.o)
    0x080081f0   0x080081f0   0x00000338   Code   RO         1544    CL$$btod_div_common  c_w.l(btod.o)
    0x08008528   0x08008528   0x000000dc   Code   RO         1541    CL$$btod_e2e        c_w.l(btod.o)
    0x08008604   0x08008604   0x0000002a   Code   RO         1538    CL$$btod_ediv       c_w.l(btod.o)
    0x0800862e   0x0800862e   0x0000002a   Code   RO         1537    CL$$btod_emul       c_w.l(btod.o)
    0x08008658   0x08008658   0x00000244   Code   RO         1543    CL$$btod_mult_common  c_w.l(btod.o)
    0x0800889c   0x0800889c   0x00000028   Code   RO         1513    i.__ARM_fpclassify  m_ws.l(fpclassify.o)
    0x080088c4   0x080088c4   0x000000aa   Code   RO         1515    i.__kernel_poly     m_ws.l(poly.o)
    0x0800896e   0x0800896e   0x00000006   Code   RO         1453    i.__mathlib_dbl_infnan  m_ws.l(dunder.o)
    0x08008974   0x08008974   0x00000004   Code   RO         1454    i.__mathlib_dbl_infnan2  m_ws.l(dunder.o)
    0x08008978   0x08008978   0x00000010   Code   RO         1458    i.__mathlib_dbl_underflow  m_ws.l(dunder.o)
    0x08008988   0x08008988   0x0000000e   Code   RO         1385    i._is_digit         c_w.l(__printf_wp.o)
    0x08008996   0x08008996   0x00000002   PAD
    0x08008998   0x08008998   0x00000220   Code   RO         1448    i.atan              m_ws.l(atan.o)
    0x08008bb8   0x08008bb8   0x0000019c   Code   RO         1321    i.atan2             m_ws.l(atan2.o)
    0x08008d54   0x08008d54   0x0000002c   Code   RO         1559    locale$$code        c_w.l(lc_numeric_c.o)
    0x08008d80   0x08008d80   0x0000002c   Code   RO         1578    locale$$code        c_w.l(lc_ctype_c.o)
    0x08008dac   0x08008dac   0x00000062   Code   RO         1272    x$fpl$d2f           fz_ws.l(d2f.o)
    0x08008e0e   0x08008e0e   0x00000002   PAD
    0x08008e10   0x08008e10   0x00000150   Code   RO         1274    x$fpl$dadd          fz_ws.l(daddsub_clz.o)
    0x08008f60   0x08008f60   0x00000010   Code   RO         1569    x$fpl$dcheck1       fz_ws.l(dcheck1.o)
    0x08008f70   0x08008f70   0x00000018   Code   RO         1507    x$fpl$dcmpinf       fz_ws.l(dcmpi.o)
    0x08008f88   0x08008f88   0x000002b4   Code   RO         1283    x$fpl$ddiv          fz_ws.l(ddiv.o)
    0x0800923c   0x0800923c   0x00000078   Code   RO         1418    x$fpl$deqf          fz_ws.l(deqf.o)
    0x080092b4   0x080092b4   0x0000002e   Code   RO         1287    x$fpl$dflt          fz_ws.l(dflt_clz.o)
    0x080092e2   0x080092e2   0x00000026   Code   RO         1286    x$fpl$dfltu         fz_ws.l(dflt_clz.o)
    0x08009308   0x08009308   0x00000078   Code   RO         1420    x$fpl$dgeqf         fz_ws.l(dgeqf.o)
    0x08009380   0x08009380   0x00000078   Code   RO         1422    x$fpl$dleqf         fz_ws.l(dleqf.o)
    0x080093f8   0x080093f8   0x00000154   Code   RO         1292    x$fpl$dmul          fz_ws.l(dmul.o)
    0x0800954c   0x0800954c   0x0000009c   Code   RO         1424    x$fpl$dnaninf       fz_ws.l(dnaninf.o)
    0x080095e8   0x080095e8   0x0000000c   Code   RO         1426    x$fpl$dretinf       fz_ws.l(dretinf.o)
    0x080095f4   0x080095f4   0x00000016   Code   RO         1275    x$fpl$drsb          fz_ws.l(daddsub_clz.o)
    0x0800960a   0x0800960a   0x00000002   PAD
    0x0800960c   0x0800960c   0x000001dc   Code   RO         1276    x$fpl$dsub          fz_ws.l(daddsub_clz.o)
    0x080097e8   0x080097e8   0x00000056   Code   RO         1294    x$fpl$f2d           fz_ws.l(f2d.o)
    0x0800983e   0x0800983e   0x00000002   PAD
    0x08009840   0x08009840   0x000000c4   Code   RO         1296    x$fpl$fadd          fz_ws.l(faddsub_clz.o)
    0x08009904   0x08009904   0x00000054   Code   RO         1280    x$fpl$fcmp          fz_ws.l(dcmp.o)
    0x08009958   0x08009958   0x00000054   Code   RO         1302    x$fpl$fcmp          fz_ws.l(fcmp.o)
    0x080099ac   0x080099ac   0x00000018   Code   RO         1509    x$fpl$fcmpinf       fz_ws.l(fcmpi.o)
    0x080099c4   0x080099c4   0x00000184   Code   RO         1305    x$fpl$fdiv          fz_ws.l(fdiv.o)
    0x08009b48   0x08009b48   0x00000068   Code   RO         1428    x$fpl$feqf          fz_ws.l(feqf.o)
    0x08009bb0   0x08009bb0   0x00000036   Code   RO         1308    x$fpl$ffix          fz_ws.l(ffix.o)
    0x08009be6   0x08009be6   0x00000002   PAD
    0x08009be8   0x08009be8   0x00000030   Code   RO         1313    x$fpl$fflt          fz_ws.l(fflt_clz.o)
    0x08009c18   0x08009c18   0x00000068   Code   RO         1430    x$fpl$fgeqf         fz_ws.l(fgeqf.o)
    0x08009c80   0x08009c80   0x00000068   Code   RO         1432    x$fpl$fleqf         fz_ws.l(fleqf.o)
    0x08009ce8   0x08009ce8   0x00000102   Code   RO         1318    x$fpl$fmul          fz_ws.l(fmul.o)
    0x08009dea   0x08009dea   0x0000008c   Code   RO         1434    x$fpl$fnaninf       fz_ws.l(fnaninf.o)
    0x08009e76   0x08009e76   0x0000000a   Code   RO         1436    x$fpl$fretinf       fz_ws.l(fretinf.o)
    0x08009e80   0x08009e80   0x000000ea   Code   RO         1298    x$fpl$fsub          fz_ws.l(faddsub_clz.o)
    0x08009f6a   0x08009f6a   0x00000004   Code   RO         1438    x$fpl$printf1       fz_ws.l(printf1.o)
    0x08009f6e   0x08009f6e   0x00000004   Code   RO         1440    x$fpl$printf2       fz_ws.l(printf2.o)
    0x08009f72   0x08009f72   0x00000064   Code   RO         1629    x$fpl$retnan        fz_ws.l(retnan.o)
    0x08009fd6   0x08009fd6   0x0000005c   Code   RO         1511    x$fpl$scalbn        fz_ws.l(scalbn.o)
    0x0800a032   0x0800a032   0x00000030   Code   RO         1644    x$fpl$trapveneer    fz_ws.l(trapv.o)
    0x0800a062   0x0800a062   0x00000000   Code   RO         1446    x$fpl$usenofp       fz_ws.l(usenofp.o)
    0x0800a062   0x0800a062   0x00000002   PAD
    0x0800a064   0x0800a064   0x00000008   Data   RO         1344    .constdata          c_w.l(_printf_wctomb.o)
    0x0800a06c   0x0800a06c   0x00000028   Data   RO         1373    .constdata          c_w.l(_printf_hex_int_ll_ptr.o)
    0x0800a094   0x0800a094   0x00000011   Data   RO         1393    .constdata          c_w.l(__printf_flags_ss_wp.o)
    0x0800a0a5   0x0800a0a5   0x00000003   PAD
    0x0800a0a8   0x0800a0a8   0x00000098   Data   RO         1449    .constdata          m_ws.l(atan.o)
    0x0800a140   0x0800a140   0x00000008   Data   RO         1466    .constdata          m_ws.l(qnan.o)
    0x0800a148   0x0800a148   0x00000026   Data   RO         1496    .constdata          c_w.l(_printf_fp_hex.o)
    0x0800a16e   0x0800a16e   0x00000002   PAD
    0x0800a170   0x0800a170   0x00000094   Data   RO         1532    .constdata          c_w.l(bigflt0.o)
    0x0800a204   0x0800a204   0x00000010   Data   RO         1155    .rodata.AHBPrescTable  system_stm32f1xx.o
    0x0800a214   0x0800a214   0x00000008   Data   RO         1156    .rodata.APBPrescTable  system_stm32f1xx.o
    0x0800a21c   0x0800a21c   0x00000010   Data   RO          395    .rodata.HAL_RCC_GetSysClockFreq.aPLLMULFactorTable  stm32f1xx_hal_rcc.o
    0x0800a22c   0x0800a22c   0x00000002   Data   RO          396    .rodata.HAL_RCC_GetSysClockFreq.aPredivFactorTable  stm32f1xx_hal_rcc.o
    0x0800a22e   0x0800a22e   0x00000080   Data   RO           41    .rodata.str1.1      main.o
    0x0800a2ae   0x0800a2ae   0x00000002   PAD
    0x0800a2b0   0x0800a2b0   0x00000020   Data   RO         1719    Region$$Table       anon$$obj.o
    0x0800a2d0   0x0800a2d0   0x0000001c   Data   RO         1558    locale$$data        c_w.l(lc_numeric_c.o)
    0x0800a2ec   0x0800a2ec   0x00000110   Data   RO         1577    locale$$data        c_w.l(lc_ctype_c.o)


    Execution Region RW_IRAM1 (Exec base: 0x20000000, Load base: 0x0800a400, Size: 0x00000da0, Max: 0x00005000, ABSOLUTE)

    Exec Addr    Load Addr    Size         Type   Attr      Idx    E Section Name        Object

    0x20000000   0x0800a400   0x00000004   Data   RW         1154    .data.SystemCoreClock  system_stm32f1xx.o
    0x20000004   0x0800a404   0x00000001   Data   RW          356    .data.uwTickFreq    stm32f1xx_hal.o
    0x20000005   0x0800a405   0x00000003   PAD
    0x20000008   0x0800a408   0x00000004   Data   RW          355    .data.uwTickPrio    stm32f1xx_hal.o
    0x2000000c   0x0800a40c   0x00000004   PAD
    0x20000010        -       0x00000060   Zero   RW         1518    .bss                c_w.l(libspace.o)
    0x20000070        -       0x00000001   Zero   RW         1183    .bss.MPU9250_InitFinished  mpu9250v2.o
    0x20000071   0x0800a40c   0x00000003   PAD
    0x20000074        -       0x0000000c   Zero   RW         1187    .bss.accel          mpu9250v2.o
    0x20000080        -       0x00000004   Zero   RW         1185    .bss.accelSens      mpu9250v2.o
    0x20000084        -       0x0000000c   Zero   RW         1190    .bss.fusion         mpu9250v2.o
    0x20000090        -       0x0000000c   Zero   RW         1189    .bss.gyro           mpu9250v2.o
    0x2000009c        -       0x00000004   Zero   RW         1186    .bss.gyroSens       mpu9250v2.o
    0x200000a0        -       0x00000044   Zero   RW           48    .bss.hdma_i2c1_rx   main.o
    0x200000e4        -       0x00000044   Zero   RW           50    .bss.hdma_usart2_rx  main.o
    0x20000128        -       0x00000054   Zero   RW           44    .bss.hi2c1          main.o
    0x2000017c        -       0x00000048   Zero   RW           47    .bss.htim1          main.o
    0x200001c4        -       0x00000048   Zero   RW           49    .bss.htim2          main.o
    0x2000020c        -       0x00000048   Zero   RW           46    .bss.htim3          main.o
    0x20000254        -       0x00000048   Zero   RW           43    .bss.huart1         main.o
    0x2000029c        -       0x00000048   Zero   RW           45    .bss.huart2         main.o
    0x200002e4        -       0x0000000e   Zero   RW         1182    .bss.mpu9250_RawData  mpu9250v2.o
    0x200002f2   0x0800a40c   0x00000002   PAD
    0x200002f4        -       0x00000004   Zero   RW         1184    .bss.oldTime        mpu9250v2.o
    0x200002f8        -       0x00000001   Zero   RW         1247    .bss.protocol       receiver.o
    0x200002f9   0x0800a40c   0x00000003   PAD
    0x200002fc        -       0x00000004   Zero   RW         1251    .bss.pwm_Timer      receiver.o
    0x20000300        -       0x00000020   Zero   RW         1249    .bss.receiver_ChData  receiver.o
    0x20000320        -       0x00000008   Zero   RW         1250    .bss.receiver_Input  receiver.o
    0x20000328        -       0x00000020   Zero   RW         1248    .bss.receiver_RawData  receiver.o
    0x20000348        -       0x00000004   Zero   RW         1188    .bss.temp           mpu9250v2.o
    0x2000034c        -       0x00000064   Zero   RW           42    .bss.txt            main.o
    0x200003b0        -       0x000003e8   Zero   RW           40    .bss.txt2           main.o
    0x20000798        -       0x00000004   Zero   RW          357    .bss.uwTick         stm32f1xx_hal.o
    0x2000079c   0x0800a40c   0x00000004   PAD
    0x200007a0        -       0x00000200   Zero   RW            2    HEAP                startup_stm32f103xb.o
    0x200009a0        -       0x00000400   Zero   RW            1    STACK               startup_stm32f103xb.o


==============================================================================

Image component sizes


      Code (inc. data)   RO Data    RW Data    ZI Data      Debug   Object Name

      1760          0        128          0       1680      12400   main.o
       876          0          0          0         67       6710   mpu9250v2.o
      2232          0          0          0         77       7733   receiver.o
        64         26        236          0       1536        796   startup_stm32f103xb.o
       254          0          0          5          4       5824   stm32f1xx_hal.o
       482          0          0          0          0       7721   stm32f1xx_hal_cortex.o
      1400          0          0          0          0       6481   stm32f1xx_hal_dma.o
       844          0          0          0          0       4425   stm32f1xx_hal_gpio.o
     10086          0          0          0          0      37390   stm32f1xx_hal_i2c.o
      1004          0          0          0          0       9957   stm32f1xx_hal_msp.o
      2582          0         18          0          0       7621   stm32f1xx_hal_rcc.o
      3552         14          0          0          0      35662   stm32f1xx_hal_tim.o
       236          0          0          0          0      15281   stm32f1xx_hal_tim_ex.o
      2320          0          0          0          0      20142   stm32f1xx_hal_uart.o
       114          0          0          0          0       1509   stm32f1xx_it.o
         2          0         24          4          0       1618   system_stm32f1xx.o

    ----------------------------------------------------------------------
     27928         40        440         12       3380     181270   Object Totals
         0          0         32          0          0          0   (incl. Generated)
       120          0          2          3         16          0   (incl. Padding)

    ----------------------------------------------------------------------

      Code (inc. data)   RO Data    RW Data    ZI Data      Debug   Library Member Name

         8          0          0          0          0         68   __main.o
       392          4         17          0          0         92   __printf_flags_ss_wp.o
        14          0          0          0          0         68   __printf_wp.o
         0          0          0          0          0          0   __rtentry.o
        12          0          0          0          0          0   __rtentry2.o
         6          0          0          0          0          0   __rtentry4.o
        52          8          0          0          0          0   __scatter.o
        26          0          0          0          0          0   __scatter_copy.o
        28          0          0          0          0          0   __scatter_zi.o
        72          0          0          0          0         96   _c16rtomb.o
         6          0          0          0          0          0   _printf_a.o
         6          0          0          0          0          0   _printf_c.o
        44          0          0          0          0        108   _printf_char.o
        48          6          0          0          0         96   _printf_char_common.o
        40          0          0          0          0         68   _printf_charcount.o
         6          0          0          0          0          0   _printf_d.o
       120         16          0          0          0         92   _printf_dec.o
         6          0          0          0          0          0   _printf_e.o
         6          0          0          0          0          0   _printf_f.o
      1052          0          0          0          0        148   _printf_fp_dec.o
       764          8         38          0          0        100   _printf_fp_hex.o
       128         16          0          0          0         84   _printf_fp_infnan.o
         6          0          0          0          0          0   _printf_g.o
       148          4         40          0          0        160   _printf_hex_int_ll_ptr.o
         6          0          0          0          0          0   _printf_i.o
       178          0          0          0          0         88   _printf_intcommon.o
        10          0          0          0          0          0   _printf_l.o
         6          0          0          0          0          0   _printf_lc.o
        10          0          0          0          0          0   _printf_ll.o
         6          0          0          0          0          0   _printf_lld.o
         6          0          0          0          0          0   _printf_lli.o
         6          0          0          0          0          0   _printf_llo.o
         6          0          0          0          0          0   _printf_llu.o
         6          0          0          0          0          0   _printf_llx.o
       124         16          0          0          0         92   _printf_longlong_dec.o
         6          0          0          0          0          0   _printf_ls.o
         6          0          0          0          0          0   _printf_n.o
         6          0          0          0          0          0   _printf_o.o
       112          8          0          0          0        124   _printf_oct_int_ll.o
         6          0          0          0          0          0   _printf_p.o
        78          0          0          0          0        108   _printf_pad.o
         0          0          0          0          0          0   _printf_percent.o
         4          0          0          0          0          0   _printf_percent_end.o
         6          0          0          0          0          0   _printf_s.o
        82          0          0          0          0         80   _printf_str.o
        36          0          0          0          0         84   _printf_truncate.o
         6          0          0          0          0          0   _printf_u.o
        44          0          0          0          0        108   _printf_wchar.o
       188          6          8          0          0         92   _printf_wctomb.o
         6          0          0          0          0          0   _printf_x.o
        22          0          0          0          0        100   _rserrno.o
        10          0          0          0          0         68   _sputc.o
       228          4        148          0          0         96   bigflt0.o
      1936        128          0          0          0        668   btod.o
        18          0          0          0          0         80   exit.o
         6          0          0          0          0        152   heapauxi.o
         0          0          0          0          0          0   indicate_semi.o
        44         10        272          0          0         76   lc_ctype_c.o
        44         10         28          0          0         76   lc_numeric_c.o
         2          0          0          0          0          0   libinit.o
        30          0          0          0          0          0   libinit2.o
         2          0          0          0          0          0   libshutdown.o
         2          0          0          0          0          0   libshutdown2.o
         8          4          0          0         96         68   libspace.o
       138          0          0          0          0         80   lludiv10.o
        16          4          0          0          0         76   rt_ctype_table.o
         8          4          0          0          0         68   rt_errno_addr_intlibspace.o
         8          4          0          0          0         68   rt_locale_intlibspace.o
        78          0          0          0          0         80   rt_memclr_w.o
         2          0          0          0          0          0   rtexit.o
        10          0          0          0          0          0   rtexit2.o
        44          6          0          0          0         84   sprintf.o
        24          0          0          0          0         68   strcat.o
       128          0          0          0          0         68   strcmpv7m.o
        62          0          0          0          0         76   strlen.o
        12          4          0          0          0         68   sys_exit.o
        74          0          0          0          0         80   sys_stackheap_outer.o
         2          0          0          0          0         68   use_no_semi.o
        98          4          0          0          0         92   d2f.o
       834         16          0          0          0        372   daddsub_clz.o
        16          4          0          0          0         68   dcheck1.o
        84          0          0          0          0        196   dcmp.o
        24          0          0          0          0         68   dcmpi.o
       692        140          0          0          0        216   ddiv.o
       120          4          0          0          0         92   deqf.o
        84          0          0          0          0        136   dflt_clz.o
       120          4          0          0          0         92   dgeqf.o
       120          4          0          0          0         92   dleqf.o
       340         12          0          0          0        104   dmul.o
       156          4          0          0          0         92   dnaninf.o
        12          0          0          0          0         68   dretinf.o
        86          4          0          0          0         84   f2d.o
       430          8          0          0          0        168   faddsub_clz.o
        84          0          0          0          0        196   fcmp.o
        24          0          0          0          0         68   fcmpi.o
       388         76          0          0          0         96   fdiv.o
       104          4          0          0          0         84   feqf.o
        54          4          0          0          0         84   ffix.o
        48          0          0          0          0         68   fflt_clz.o
       104          4          0          0          0         84   fgeqf.o
       104          4          0          0          0         84   fleqf.o
       258          4          0          0          0         84   fmul.o
       140          4          0          0          0         84   fnaninf.o
        10          0          0          0          0         68   fretinf.o
         4          0          0          0          0         68   printf1.o
         4          0          0          0          0         68   printf2.o
       100          0          0          0          0         68   retnan.o
        92          0          0          0          0         68   scalbn.o
        48          0          0          0          0         68   trapv.o
         0          0          0          0          0          0   usenofp.o
       544         70        152          0          0        124   atan.o
       412         38          0          0          0        144   atan2.o
        26          6          0          0          0        204   dunder.o
        40          0          0          0          0         68   fpclassify.o
       170          0          0          0          0         96   poly.o
         0          0          8          0          0          0   qnan.o

    ----------------------------------------------------------------------
     12896        688        716          0         96       8140   Library Totals
        24          0          5          0          0          0   (incl. Padding)

    ----------------------------------------------------------------------

      Code (inc. data)   RO Data    RW Data    ZI Data      Debug   Library Name

      6898        270        551          0         96       4224   c_w.l
      4782        304          0          0          0       3280   fz_ws.l
      1192        114        160          0          0        636   m_ws.l

    ----------------------------------------------------------------------
     12896        688        716          0         96       8140   Library Totals

    ----------------------------------------------------------------------

==============================================================================


      Code (inc. data)   RO Data    RW Data    ZI Data      Debug   

     40824        728       1156         12       3476     184706   Grand Totals
     40824        728       1156         12       3476     184706   ELF Image Totals
     40824        728       1156         12          0          0   ROM Totals

==============================================================================

    Total RO  Size (Code + RO Data)                41980 (  41.00kB)
    Total RW  Size (RW Data + ZI Data)              3488 (   3.41kB)
    Total ROM Size (Code + RO Data + RW Data)      41992 (  41.01kB)

==============================================================================

