<html>
<body>
<pre>
<h1>µVision Build Log</h1>
<h2>Tool Versions:</h2>
IDE-Version: µVision V5.24.2.0
Copyright (C) 2017 ARM Ltd and ARM Germany GmbH. All rights reserved.
License Information: JOsef Reisinger, HTL Hollabrunn, LIC=----
 
Tool Versions:
Toolchain:       MDK-Lite  Version: 5.24.1
Toolchain Path:  C:\Keil_v5\ARM\ARMCC\Bin
C Compiler:      Armcc.exe V5.06 update 5 (build 528)
Assembler:       Armasm.exe V5.06 update 5 (build 528)
Linker/Locator:  ArmLink.exe V5.06 update 5 (build 528)
Library Manager: ArmAr.exe V5.06 update 5 (build 528)
Hex Converter:   FromElf.exe V5.06 update 5 (build 528)
CPU DLL:         SARMCM3.DLL V5.24.1
Dialog DLL:      DARMSTM.DLL V1.68.0.0
Target DLL:      CMSIS_AGDI.dll V1.28.3.0
Dialog DLL:      TARMSTM.DLL V1.66.0.0
 
<h2>Project:</h2>
C:\Users\Josef\Documents\MPU_9250_REJ\DEMO_MPU_9150_REJ_V2\DEMO_MPU_9150_REJ.uvprojx
Project File Date:  05/22/2023

<h2>Output:</h2>
*** Using Compiler 'V5.06 update 5 (build 528)', folder: 'C:\Keil_v5\ARM\ARMCC\Bin'
Rebuild target 'ARM_Minmalsystem'
compiling stm32f10x_gpio.c...
compiling SvVis3.c...
SvVis3.c(271): warning:  #177-D: function "SvVis3_UARTx_clear"  was declared but never referenced
  static void SvVis3_UARTx_clear()					//löscht den Inhalt der Konsole
SvVis3.c(279): warning:  #177-D: function "SvVis3_UARTx_saveCursorPos"  was declared but never referenced
  static void SvVis3_UARTx_saveCursorPos()										//speichert die derzeitige Cursorposition
SvVis3.c(287): warning:  #177-D: function "SvVis3_UARTx_restoreCursorPos"  was declared but never referenced
  static void SvVis3_UARTx_restoreCursorPos()									//geht zur gespeicherten Cursorposition
SvVis3.c(295): warning:  #177-D: function "SvVis3_UARTx_setpos"  was declared but never referenced
  static void SvVis3_UARTx_setpos(char x,char y)								//Setzt den Cursor eines UARTs auf eine bestimmte Position
SvVis3.c: 4 warnings, 0 errors
compiling MPU9150.c...
compiling stm32f10x_i2c.c...
compiling misc.c...
compiling DEMO_MPU_9150_REJ.c...
DEMO_MPU_9150_REJ.c(108): warning:  #177-D: variable "c"  was declared but never referenced
  char c;
DEMO_MPU_9150_REJ.c(136): warning:  #550-D: variable "ret"  was set but never used
  char ret;
DEMO_MPU_9150_REJ.c(286): warning:  #177-D: label "end"  was declared but never referenced
  end:	
DEMO_MPU_9150_REJ.c: 3 warnings, 0 errors
compiling stm32f10x_rcc.c...
assembling startup_stm32f10x_md.s...
compiling system_stm32f10x.c...
compiling stm32f10x_tim.c...
linking...
Program Size: Code=20076 RO-data=1236 RW-data=104 ZI-data=2776  
".\Objects\DEMO_MPU_9150_REJ.axf" - 0 Error(s), 7 Warning(s).

<h2>Software Packages used:</h2>

Package Vendor: HTL Hollabrunn
                
                HTL Hollabrunn.STD-Pack.3.2.0
                HTL Hollabrunn library and include pack
   * Component: STDLib Version: 3.1.0
   * Component: I2CLib Version: 1.0.0

Package Vendor: Keil
                http://www.keil.com/pack/Keil.STM32F1xx_DFP.2.4.0.pack
                Keil.STM32F1xx_DFP.2.4.0
                STMicroelectronics STM32F1 Series Device Support, Drivers and Examples
   * Component: TIM Version: 3.6.0
   * Component: RCC Version: 3.6.0
   * Component: I2C Version: 3.6.0
   * Component: GPIO Version: 3.6.0
   * Component: Framework Version: 3.6.0
   * Component: Startup Version: 1.0.0

<h2>Collection of Component include folders:</h2>
  .\RTE\Device\STM32F103RB
  .\RTE\_ARM_Minmalsystem
  C:\Keil_v5\ARM\PACK\HTL Hollabrunn\STD-Pack\3.2.0\Header
  C:\Keil_v5\ARM\PACK\Keil\STM32F1xx_DFP\2.4.0\Device\Include
  C:\Keil_v5\ARM\PACK\Keil\STM32F1xx_DFP\2.4.0\Device\StdPeriph_Driver\inc

<h2>Collection of Component Files used:</h2>

   * Component: Keil::Device:StdPeriph Drivers:TIM:3.6.0
      Include file:  Device\StdPeriph_Driver\inc\stm32f10x_tim.h
      Source file:   Device\StdPeriph_Driver\src\stm32f10x_tim.c

   * Component: Keil::Device:StdPeriph Drivers:RCC:3.6.0
      Source file:   Device\StdPeriph_Driver\src\stm32f10x_rcc.c
      Include file:  Device\StdPeriph_Driver\inc\stm32f10x_rcc.h

   * Component: Keil::Device:StdPeriph Drivers:I2C:3.6.0
      Include file:  Device\StdPeriph_Driver\inc\stm32f10x_i2c.h
      Source file:   Device\StdPeriph_Driver\src\stm32f10x_i2c.c

   * Component: Keil::Device:StdPeriph Drivers:GPIO:3.6.0
      Include file:  Device\StdPeriph_Driver\inc\stm32f10x_gpio.h
      Source file:   Device\StdPeriph_Driver\src\stm32f10x_gpio.c

   * Component: Keil::Device:StdPeriph Drivers:Framework:3.6.0
      Include file:  Device\StdPeriph_Driver\templates\stm32f10x_it.h
      Source file:   Device\StdPeriph_Driver\templates\stm32f10x_conf.h
      Source file:   Device\StdPeriph_Driver\templates\stm32f10x_it.c
      Include file:  Device\StdPeriph_Driver\inc\misc.h
      Source file:   Device\StdPeriph_Driver\src\misc.c

   * Component: Keil::Device:Startup:1.0.0
      Source file:   Device\Source\ARM\startup_stm32f10x_md.s
      Source file:   Device\Source\system_stm32f10x.c
      Source file:   Device\Source\ARM\STM32F1xx_OPT.s
      Include file:  RTE_Driver\Config\RTE_Device.h

   * Component: HTL Hollabrunn::HTL Hollabrunn:Libraries:STDLib:3.1.0
      Include file:  Header\armv30_std.h
      Library file:  Library\ARMV30_STD.lib

   * Component: HTL Hollabrunn::HTL Hollabrunn:Libraries:I2CLib:1.0.0
      Include file:  Header\armv30_i2c.h
      Library file:  Library\armv30_i2c.lib
Build Time Elapsed:  00:00:02
</pre>
</body>
</html>
